 HoppingLEGV2_sfun

 Timestamp is 512ca428 (Tue Feb 26 13:01:44 2013)

 Preferred load address is 10000000

 Start         Length     Name                   Class
 0001:00000000 000320e8H .text                   CODE
 0002:00000000 00000230H .idata$5                DATA
 0002:00000230 00000004H .CRT$XCA                DATA
 0002:00000234 00000004H .CRT$XCZ                DATA
 0002:00000238 00000004H .CRT$XIA                DATA
 0002:0000023c 00000004H .CRT$XIAA               DATA
 0002:00000240 00000004H .CRT$XIC                DATA
 0002:00000244 00000004H .CRT$XIZ                DATA
 0002:00000248 00004578H .rdata                  DATA
 0002:000047c0 00000004H .rdata$sxdata           DATA
 0002:000047c4 00000004H .rtc$IAA                DATA
 0002:000047c8 00000004H .rtc$IZZ                DATA
 0002:000047cc 00000004H .rtc$TAA                DATA
 0002:000047d0 00000004H .rtc$TZZ                DATA
 0002:000047d8 00000084H .xdata$x                DATA
 0002:0000485c 000000a0H .idata$2                DATA
 0002:000048fc 00000014H .idata$3                DATA
 0002:00004910 00000230H .idata$4                DATA
 0002:00004b40 00000a06H .idata$6                DATA
 0002:00005550 00000057H .edata                  DATA
 0003:00000000 00002b68H .data                   DATA
 0003:00002b80 0000232cH .bss                    DATA

  Address         Publics by Value              Rva+Base       Lib:Object

 0000:00000000       __except_list              00000000     <absolute>
 0000:00000001       ___safe_se_handler_count   00000001     <absolute>
 0000:00009876       __fltused                  00009876     <absolute>
 0000:00009876       __ldused                   00009876     <absolute>
 0000:00000000       ___ImageBase               10000000     <linker-defined>
 0001:00000000       _sf_c1_HoppingLEGV2_get_eml_resolved_functions_info 10001000 f   c1_HoppingLEGV2.obj
 0001:00000050       _sf_c1_HoppingLEGV2_get_check_sum 10001050 f   c1_HoppingLEGV2.obj
 0001:000000b0       _sf_c1_HoppingLEGV2_get_autoinheritance_info 100010b0 f   c1_HoppingLEGV2.obj
 0001:00000b80       _sf_internal_get_sim_state_c1_HoppingLEGV2 10001b80 f   c1_HoppingLEGV2.obj
 0001:00001010       _sf_internal_set_sim_state_c1_HoppingLEGV2 10002010 f   c1_HoppingLEGV2.obj
 0001:00001780       _c1_HoppingLEGV2_method_dispatcher 10002780 f   c1_HoppingLEGV2.obj
 0001:00004f90       _sf_c2_HoppingLEGV2_get_eml_resolved_functions_info 10005f90 f   c2_HoppingLEGV2.obj
 0001:00005730       _sf_c2_HoppingLEGV2_get_check_sum 10006730 f   c2_HoppingLEGV2.obj
 0001:00005790       _sf_c2_HoppingLEGV2_get_autoinheritance_info 10006790 f   c2_HoppingLEGV2.obj
 0001:00006260       _sf_internal_get_sim_state_c2_HoppingLEGV2 10007260 f   c2_HoppingLEGV2.obj
 0001:000069c0       _sf_internal_set_sim_state_c2_HoppingLEGV2 100079c0 f   c2_HoppingLEGV2.obj
 0001:000072e0       _c2_HoppingLEGV2_method_dispatcher 100082e0 f   c2_HoppingLEGV2.obj
 0001:00009dd0       _sf_process_check_sum_call 1000add0 f   HoppingLEGV2_sfun_registry.obj
 0001:00009e00       _sf_process_autoinheritance_call 1000ae00 f   HoppingLEGV2_sfun_registry.obj
 0001:00009f20       _sf_process_get_eml_resolved_functions_info_call 1000af20 f   HoppingLEGV2_sfun_registry.obj
 0001:0000a040       _sf_mex_unlock_call        1000b040 f   HoppingLEGV2_sfun_registry.obj
 0001:0000a0d0       _sf_machine_global_initializer_called 1000b0d0 f   HoppingLEGV2_sfun_registry.obj
 0001:0000a0f0       _sf_machine_global_method_dispatcher 1000b0f0 f   HoppingLEGV2_sfun_registry.obj
 0001:0000a130       _sf_machine_global_terminator 1000b130 f   HoppingLEGV2_sfun_registry.obj
 0001:0000a160       _sf_register_machine_exported_symbols 1000b160 f   HoppingLEGV2_sfun_registry.obj
 0001:0000a180       _callCustomFcn             1000b180 f   HoppingLEGV2_sfun_registry.obj
 0001:0000a190       _sf_machine_global_initializer 1000b190 f   HoppingLEGV2_sfun_registry.obj
 0001:0000a1f0       __ssSetStateAbsTol         1000b1f0 f   HoppingLEGV2_sfun_registry.obj
 0001:0000a290       __ssGetAbsTol              1000b290 f   HoppingLEGV2_sfun_registry.obj
 0001:0000a2e0       __ssSetInputPortMatrixDimensions 1000b2e0 f   HoppingLEGV2_sfun_registry.obj
 0001:0000a390       __ssSetOutputPortMatrixDimensions 1000b390 f   HoppingLEGV2_sfun_registry.obj
 0001:0000a440       __ssSetInputPortVectorDimension 1000b440 f   HoppingLEGV2_sfun_registry.obj
 0001:0000a4c0       __ssSetOutputPortVectorDimension 1000b4c0 f   HoppingLEGV2_sfun_registry.obj
 0001:0000a540       _ssIsRunTimeParamTunable   1000b540 f   HoppingLEGV2_sfun_registry.obj
 0001:0000a5a0       _ssGetSFuncBlockHandle     1000b5a0 f   HoppingLEGV2_sfun_registry.obj
 0001:0000a5f0       __ssGetCurrentInputPortWidth 1000b5f0 f   HoppingLEGV2_sfun_registry.obj
 0001:0000a6c0       __ssGetCurrentOutputPortWidth 1000b6c0 f   HoppingLEGV2_sfun_registry.obj
 0001:0000a790       __ssGetCallSystemNumFcnCallDestinations 1000b790 f   HoppingLEGV2_sfun_registry.obj
 0001:0000a7f0       _ssWarning                 1000b7f0 f   HoppingLEGV2_sfun_registry.obj
 0001:0000a8d0       _ssGetIsZeroCrossControlDisabled 1000b8d0 f   HoppingLEGV2_sfun_registry.obj
 0001:0000a930       _ssSetIsInputPortUsedForContZcSignal 1000b930 f   HoppingLEGV2_sfun_registry.obj
 0001:0000a980       _ssSetZcSignalIsZcElementDisc 1000b980 f   HoppingLEGV2_sfun_registry.obj
 0001:0000a9e0       _ssSetZcSignalName         1000b9e0 f   HoppingLEGV2_sfun_registry.obj
 0001:0000aa30       _ssSetZcSignalWidth        1000ba30 f   HoppingLEGV2_sfun_registry.obj
 0001:0000aa80       _ssSetZcSignalZcEventType  1000ba80 f   HoppingLEGV2_sfun_registry.obj
 0001:0000aad0       _ssSetZcSignalType         1000bad0 f   HoppingLEGV2_sfun_registry.obj
 0001:0000ab20       _ssSetZcSignalZcTol        1000bb20 f   HoppingLEGV2_sfun_registry.obj
 0001:0000ab70       _ssSetZcSignalNeedsEventNotification 1000bb70 f   HoppingLEGV2_sfun_registry.obj
 0001:0000abc0       _ssCreateAndAddZcSignalInfo 1000bbc0 f   HoppingLEGV2_sfun_registry.obj
 0001:0000ac20       _ssCloneAndAddZcSignalInfo 1000bc20 f   HoppingLEGV2_sfun_registry.obj
 0001:0000ac80       _ssGetNumZcSignals         1000bc80 f   HoppingLEGV2_sfun_registry.obj
 0001:0000ace0       _ssGetZcSignalVector       1000bce0 f   HoppingLEGV2_sfun_registry.obj
 0001:0000ad40       _ssGetZcSignalZcEvents     1000bd40 f   HoppingLEGV2_sfun_registry.obj
 0001:0000ada0       _ssGetZcSignalName         1000bda0 f   HoppingLEGV2_sfun_registry.obj
 0001:0000ae00       _ssGetZcSignalWidth        1000be00 f   HoppingLEGV2_sfun_registry.obj
 0001:0000ae60       _ssGetZcSignalZcEventType  1000be60 f   HoppingLEGV2_sfun_registry.obj
 0001:0000aec0       _ssGetZcSignalType         1000bec0 f   HoppingLEGV2_sfun_registry.obj
 0001:0000af20       _ssGetZcSignalZcTol        1000bf20 f   HoppingLEGV2_sfun_registry.obj
 0001:0000af80       _ssGetZcSignalNeedsEventNotification 1000bf80 f   HoppingLEGV2_sfun_registry.obj
 0001:0000afe0       _ssGetZcSignalIsZcElementDisc 1000bfe0 f   HoppingLEGV2_sfun_registry.obj
 0001:0000b040       _ssGetIsInputPortElementContinuous 1000c040 f   HoppingLEGV2_sfun_registry.obj
 0001:0000b0a0       __ssGetInputPortSignalPtrsFcn 1000c0a0 f   HoppingLEGV2_sfun_registry.obj
 0001:0000b2a0       __ssGetInputPortSignalFcn  1000c2a0 f   HoppingLEGV2_sfun_registry.obj
 0001:0000b430       __ssSetInputPortDirectFeedThroughFcn 1000c430 f   HoppingLEGV2_sfun_registry.obj
 0001:0000b560       __ssSetInputPortReusableFcn 1000c560 f   HoppingLEGV2_sfun_registry.obj
 0001:0000b5f0       __ssSetOutputPortReusableFcn 1000c5f0 f   HoppingLEGV2_sfun_registry.obj
 0001:0000b680       _ssGetDTypeIdFromMxArray   1000c680 f   HoppingLEGV2_sfun_registry.obj
 0001:0000b770       _ssWriteRTWStr             1000c770 f   HoppingLEGV2_sfun_registry.obj
 0001:0000b7b0       _ssWriteRTWMxVectParam     1000c7b0 f   HoppingLEGV2_sfun_registry.obj
 0001:0000b7f0       _ssWriteRTWMx2dMatParam    1000c7f0 f   HoppingLEGV2_sfun_registry.obj
 0001:0000b830       _ssWriteRTWNameValuePair   1000c830 f   HoppingLEGV2_sfun_registry.obj
 0001:0000bba0       _ssWriteRTWParameters      1000cba0 f   HoppingLEGV2_sfun_registry.obj
 0001:0000bf40       _ssWriteRTWParamSettings   1000cf40 f   HoppingLEGV2_sfun_registry.obj
 0001:0000c3f0       _ssWriteRTWWorkVect        1000d3f0 f   HoppingLEGV2_sfun_registry.obj
 0001:0000c780       _mexFunction               1000d780 f   HoppingLEGV2_sfun_registry.obj
 0001:0000de50       _ProcessMexSfunctionEveryCall 1000ee50 f   HoppingLEGV2_sfun_registry.obj
 0001:0000df60       _HoppingLEGV2_initializer  1000ef60 f   HoppingLEGV2_sfun.obj
 0001:0000df70       _HoppingLEGV2_terminator   1000ef70 f   HoppingLEGV2_sfun.obj
 0001:0000df80       _sf_HoppingLEGV2_method_dispatcher 1000ef80 f   HoppingLEGV2_sfun.obj
 0001:0000dfd0       _sf_HoppingLEGV2_process_check_sum_call 1000efd0 f   HoppingLEGV2_sfun.obj
 0001:0000e390       _sf_HoppingLEGV2_autoinheritance_info 1000f390 f   HoppingLEGV2_sfun.obj
 0001:0000e480       _sf_HoppingLEGV2_get_eml_resolved_functions_info 1000f480 f   HoppingLEGV2_sfun.obj
 0001:0000e5a0       _HoppingLEGV2_debug_initialize 1000f5a0 f   HoppingLEGV2_sfun.obj
 0001:0000e5f0       _HoppingLEGV2_register_exported_symbols 1000f5f0 f   HoppingLEGV2_sfun.obj
 0001:0000e660       _sf_mex_mx_is_numeric      1000f660 f   sfc_mexmsvc80:sfc_mex.obj
 0001:0000e6a0       _strcmp_ignore_ws          1000f6a0 f   sfc_mexmsvc80:sfc_mex.obj
 0001:0000e7c0       _sf_mex_duplicatearraysafe 1000f7c0 f   sfc_mexmsvc80:sfc_mex.obj
 0001:0000e9a0       _sf_set_error_debugger_context_message_fcn 1000f9a0 f   sfc_mexmsvc80:sfc_mex.obj
 0001:0000e9b0       _sf_set_debugger_matlab_error_fcn 1000f9b0 f   sfc_mexmsvc80:sfc_mex.obj
 0001:0000e9d0       _sf_set_error_prefix_string 1000f9d0 f   sfc_mexmsvc80:sfc_mex.obj
 0001:0000ea00       _sf_get_error_prefix_string 1000fa00 f   sfc_mexmsvc80:sfc_mex.obj
 0001:0000ea10       _sf_get_current_jmp_buf_ptr 1000fa10 f   sfc_mexmsvc80:sfc_mex.obj
 0001:0000ea20       _sf_set_current_jmp_buf_ptr 1000fa20 f   sfc_mexmsvc80:sfc_mex.obj
 0001:0000ea30       _sf_mex_set_halt_simulation 1000fa30 f   sfc_mexmsvc80:sfc_mex.obj
 0001:0000ea40       _sf_mex_get_halt_simulation 1000fa40 f   sfc_mexmsvc80:sfc_mex.obj
 0001:0000ea50       _sf_mex_clear_error_message 1000fa50 f   sfc_mexmsvc80:sfc_mex.obj
 0001:0000ea70       _sf_mex_get_error_message_for_read 1000fa70 f   sfc_mexmsvc80:sfc_mex.obj
 0001:0000ea80       _sf_mex_get_error_message_buffer_length 1000fa80 f   sfc_mexmsvc80:sfc_mex.obj
 0001:0000eb50       _sf_mex_warning_message    1000fb50 f   sfc_mexmsvc80:sfc_mex.obj
 0001:0000eba0       _sf_mex_v_errbuf_createf   1000fba0 f   sfc_mexmsvc80:sfc_mex.obj
 0001:0000ebc0       _sf_mex_errbuf_createf     1000fbc0 f   sfc_mexmsvc80:sfc_mex.obj
 0001:0000ebe0       _sf_mex_v_errbuf_catf      1000fbe0 f   sfc_mexmsvc80:sfc_mex.obj
 0001:0000ec20       _sf_mex_errbuf_catf        1000fc20 f   sfc_mexmsvc80:sfc_mex.obj
 0001:0000ec60       _sf_mex_errbuf_copy        1000fc60 f   sfc_mexmsvc80:sfc_mex.obj
 0001:0000ec80       _sf_mex_errbuf_clear       1000fc80 f   sfc_mexmsvc80:sfc_mex.obj
 0001:0000ec90       _sf_mex_errbuf_isempty     1000fc90 f   sfc_mexmsvc80:sfc_mex.obj
 0001:0000ed20       _sf_mex_set_error_status   1000fd20 f   sfc_mexmsvc80:sfc_mex.obj
 0001:0000ed50       _sf_mex_error_direct_call  1000fd50 f   sfc_mexmsvc80:sfc_mex.obj
 0001:0000ed70       _sf_mex_error_message_no_long_jump 1000fd70 f   sfc_mexmsvc80:sfc_mex.obj
 0001:0000eda0       _sf_mex_long_jump_on_error 1000fda0 f   sfc_mexmsvc80:sfc_mex.obj
 0001:0000edd0       _sf_mex_call_matlab        1000fdd0 f   sfc_mexmsvc80:sfc_mex.obj
 0001:0000eea0       _sf_mex_check_builtin      1000fea0 f   sfc_mexmsvc80:sfc_mex.obj
 0001:0000eed0       _sf_mex_check_builtin_vs   1000fed0 f   sfc_mexmsvc80:sfc_mex.obj
 0001:0000ef10       _sf_mex_check_enum         1000ff10 f   sfc_mexmsvc80:sfc_mex.obj
 0001:0000ef40       _sf_mex_create_enum        1000ff40 f   sfc_mexmsvc80:sfc_mex.obj
 0001:0000ef60       _sf_mex_get_enum_element   1000ff60 f   sfc_mexmsvc80:sfc_mex.obj
 0001:0000ef70       _sf_mex_createcellarray    1000ff70 f   sfc_mexmsvc80:sfc_mex.obj
 0001:0000ef90       _sf_mex_setcell            1000ff90 f   sfc_mexmsvc80:sfc_mex.obj
 0001:0000efa0       _sf_mex_getcell            1000ffa0 f   sfc_mexmsvc80:sfc_mex.obj
 0001:0000efb0       _sf_mex_dup                1000ffb0 f   sfc_mexmsvc80:sfc_mex.obj
 0001:0000efe0       _sf_mex_assign             1000ffe0 f   sfc_mexmsvc80:sfc_mex.obj
 0001:0000f030       _sf_mex_destroy            10010030 f   sfc_mexmsvc80:sfc_mex.obj
 0001:0000f050       _mx_array_has_fi_type      10010050 f   sfc_mexmsvc80:sfc_mex.obj
 0001:0000f080       _sf_mex_convert_from_fi    10010080 f   sfc_mexmsvc80:sfc_mex.obj
 0001:0000f100       _sf_mex_convert_to_double  10010100 f   sfc_mexmsvc80:sfc_mex.obj
 0001:0000f140       _sf_mex_import_fi_vs       10010140 f   sfc_mexmsvc80:sfc_mex.obj
 0001:0000f2a0       _sf_matrix_matrix_index_ok 100102a0 f   sfc_mexmsvc80:sfc_mex.obj
 0001:0000f310       _sf_vector_vector_index_ok 10010310 f   sfc_mexmsvc80:sfc_mex.obj
 0001:0000f340       _ssGetCurrentInputPortDimensions_wrapper 10010340 f   sfc_mexmsvc80:sfc_mex.obj
 0001:0000f360       _ssGetCurrentOutputPortDimensions_wrapper 10010360 f   sfc_mexmsvc80:sfc_mex.obj
 0001:0000f380       _sf_mex_emlrt_context_is_debug_mode 10010380 f   sfc_mexmsvc80:sfc_mex.obj
 0001:0000f390       _sf_mex_emlrt_context_set_debug_mode 10010390 f   sfc_mexmsvc80:sfc_mex.obj
 0001:0000f3e0       _sf_clear_error_manager_info 100103e0 f   sfc_mexmsvc80:sfc_mex.obj
 0001:0000f430       _sf_mex_stop_simulation_abruptly_wo_error 10010430 f   sfc_mexmsvc80:sfc_mex.obj
 0001:0000f460       _sf_mex_error_message      10010460 f   sfc_mexmsvc80:sfc_mex.obj
 0001:0000f4b0       _sf_react_to_error_in_matlab_call 100104b0 f   sfc_mexmsvc80:sfc_mex.obj
 0001:0000f4d0       _sf_mex_addfield           100104d0 f   sfc_mexmsvc80:sfc_mex.obj
 0001:0000f540       _sf_mex_getfield           10010540 f   sfc_mexmsvc80:sfc_mex.obj
 0001:0000f7c0       _sf_mex_check_class        100107c0 f   sfc_mexmsvc80:sfc_mex.obj
 0001:0000f830       _sf_mex_is_real            10010830 f   sfc_mexmsvc80:sfc_mex.obj
 0001:0000fa40       _sf_mex_decode_encoded_mx_struct_array 10010a40 f   sfc_mexmsvc80:sfc_mex.obj
 0001:0000fbe0       _sf_mex_lw_bounds_check    10010be0 f   sfc_mexmsvc80:sfc_mex.obj
 0001:0000fc10       _sf_mex_lw_size_eq_check_1d 10010c10 f   sfc_mexmsvc80:sfc_mex.obj
 0001:0000fc30       _sf_mex_lw_size_eq_check_nd 10010c30 f   sfc_mexmsvc80:sfc_mex.obj
 0001:0000fd10       _sf_mex_lw_dim_size_eq_check 10010d10 f   sfc_mexmsvc80:sfc_mex.obj
 0001:0000fd40       _sf_mex_lw_dim_size_geq_check 10010d40 f   sfc_mexmsvc80:sfc_mex.obj
 0001:0000fd70       _sf_mex_lw_sub_assign_size_check_nd 10010d70 f   sfc_mexmsvc80:sfc_mex.obj
 0001:0000fea0       _sf_mex_lw_runtime_error_msgid 10010ea0 f   sfc_mexmsvc80:sfc_mex.obj
 0001:0000ff50       _sf_mex_lw_matrix_matrix_index_check 10010f50 f   sfc_mexmsvc80:sfc_mex.obj
 0001:0000ff80       _sf_mex_lw_vector_vector_index_check 10010f80 f   sfc_mexmsvc80:sfc_mex.obj
 0001:0000ffc0       _sf_mex_lw_non_negative_check 10010fc0 f   sfc_mexmsvc80:sfc_mex.obj
 0001:0000fff0       _sf_mex_overflow_error     10010ff0 f   sfc_mexmsvc80:sfc_mex.obj
 0001:00010000       _sf_mex_dividebyzero_error 10011000 f   sfc_mexmsvc80:sfc_mex.obj
 0001:00010010       _sf_mex_unsafe_enum_error  10011010 f   sfc_mexmsvc80:sfc_mex.obj
 0001:00010020       _sf_emlrtErrHandler        10011020 f   sfc_mexmsvc80:sfc_mex.obj
 0001:000100d0       _sf_mex_printf             100110d0 f   sfc_mexmsvc80:sfc_mex.obj
 0001:000101b0       _sf_mex_check_size         100111b0 f   sfc_mexmsvc80:sfc_mex.obj
 0001:00010430       _sf_mex_check_struct       10011430 f   sfc_mexmsvc80:sfc_mex.obj
 0001:00010680       _sf_mex_check_struct_vs    10011680 f   sfc_mexmsvc80:sfc_mex.obj
 0001:000106c0       _sf_mex_check_fi           100116c0 f   sfc_mexmsvc80:sfc_mex.obj
 0001:00010790       _sf_mex_check_fi_vs        10011790 f   sfc_mexmsvc80:sfc_mex.obj
 0001:000107e0       _sf_echo_expression        100117e0 f   sfc_mexmsvc80:sfc_mex.obj
 0001:00010830       _sf_assertion_failed       10011830 f   sfc_mexmsvc80:sfc_mex.obj
 0001:00010ac0       _sf_mex_evalin             10011ac0 f   sfc_mexmsvc80:sfc_mex.obj
 0001:00010d20       _sf_mex_export             10011d20 f   sfc_mexmsvc80:sfc_mex.obj
 0001:00010dd0       _sf_mex_get_ml_var_no_error 10011dd0 f   sfc_mexmsvc80:sfc_mex.obj
 0001:00010f30       _sf_mex_get_ml_var         10011f30 f   sfc_mexmsvc80:sfc_mex.obj
 0001:00011400       _ml_set_element_value_in_array 10012400 f   sfc_mexmsvc80:sfc_mex.obj
 0001:00012530       _sf_mex_call_impl          10013530 f   sfc_mexmsvc80:sfc_mex.obj
 0001:000128c0       _sf_mex_call_debug         100138c0 f   sfc_mexmsvc80:sfc_mex.obj
 0001:000128e0       _sf_mex_call               100138e0 f   sfc_mexmsvc80:sfc_mex.obj
 0001:00012ff0       _sf_mex_createstruct       10013ff0 f   sfc_mexmsvc80:sfc_mex.obj
 0001:00013090       _sf_mex_createstructarray  10014090 f   sfc_mexmsvc80:sfc_mex.obj
 0001:000130f0       _sf_mex_get_mx_datatype_from_sf_datatype 100140f0 f   sfc_mexmsvc80:sfc_mex.obj
 0001:00013370       _sf_mex_ml_var_sub         10014370 f   sfc_mexmsvc80:sfc_mex.obj
 0001:000134e0       _sf_mex_ml_var_subsasgn    100144e0 f   sfc_mexmsvc80:sfc_mex.obj
 0001:000137f0       _sf_mex_sub                100147f0 f   sfc_mexmsvc80:sfc_mex.obj
 0001:00013990       _sf_mex_subsasgn           10014990 f   sfc_mexmsvc80:sfc_mex.obj
 0001:00013d70       _sf_mex_create             10014d70 f   sfc_mexmsvc80:sfc_mex.obj
 0001:00014660       _sf_mex_import_named       10015660 f   sfc_mexmsvc80:sfc_mex.obj
 0001:000146b0       _sf_mex_import             100156b0 f   sfc_mexmsvc80:sfc_mex.obj
 0001:000146f0       _sf_mex_import_vs          100156f0 f   sfc_mexmsvc80:sfc_mex.obj
 0001:00014780       _sf_mex_lower_fixpt_mx_array 10015780 f   sfc_mexmsvc80:sfc_mex.obj
 0001:00014b40       _sim_mode_is_rtw_gen       10015b40 f   sfc_mexmsvc80:sfc_sf.obj
 0001:00014b80       _sim_mode_is_external      10015b80 f   sfc_mexmsvc80:sfc_sf.obj
 0001:00014ba0       _sim_mode_is_modelref_sim  10015ba0 f   sfc_mexmsvc80:sfc_sf.obj
 0001:00014bd0       _mdlInitializeSizes        10015bd0 f   sfc_mexmsvc80:sfc_sf.obj
 0001:00014bf0       _mdlInitializeSampleTimes  10015bf0 f   sfc_mexmsvc80:sfc_sf.obj
 0001:00014c30       _mdlZeroCrossings          10015c30 f   sfc_mexmsvc80:sfc_sf.obj
 0001:00014ce0       _mdlDerivatives            10015ce0 f   sfc_mexmsvc80:sfc_sf.obj
 0001:00014d80       _mdl_initialize_conditions_processing 10015d80 f   sfc_mexmsvc80:sfc_sf.obj
 0001:00014db0       _mdlInitializeConditions   10015db0 f   sfc_mexmsvc80:sfc_sf.obj
 0001:00014e50       _mdlGetSimState            10015e50 f   sfc_mexmsvc80:sfc_sf.obj
 0001:00014e70       _mdlSetSimState            10015e70 f   sfc_mexmsvc80:sfc_sf.obj
 0001:00014e90       _mdl_ext_mode_exec_processing 10015e90 f   sfc_mexmsvc80:sfc_sf.obj
 0001:00014eb0       _mdlExtModeExec            10015eb0 f   sfc_mexmsvc80:sfc_sf.obj
 0001:00015040       _mdlTerminate              10016040 f   sfc_mexmsvc80:sfc_sf.obj
 0001:000150a0       _mdlRTW                    100160a0 f   sfc_mexmsvc80:sfc_sf.obj
 0001:000150d0       _mdlSetWorkWidths          100160d0 f   sfc_mexmsvc80:sfc_sf.obj
 0001:000150f0       _mdlProcessParameters      100160f0 f   sfc_mexmsvc80:sfc_sf.obj
 0001:00015110       _mdl_start_processing      10016110 f   sfc_mexmsvc80:sfc_sf.obj
 0001:00015150       _mdlStart                  10016150 f   sfc_mexmsvc80:sfc_sf.obj
 0001:00015220       _mdlEnable                 10016220 f   sfc_mexmsvc80:sfc_sf.obj
 0001:000152d0       _mdlDisable                100162d0 f   sfc_mexmsvc80:sfc_sf.obj
 0001:00015360       _sf_get_chart_instance_ptr 10016360 f   sfc_mexmsvc80:sfc_sf.obj
 0001:00015380       _sf_rtw_info_uint_prop     10016380 f   sfc_mexmsvc80:sfc_sf.obj
 0001:000154c0       _sf_is_chart_inlinable     100164c0 f   sfc_mexmsvc80:sfc_sf.obj
 0001:000154f0       _sf_mark_output_events_with_multiple_callers 100164f0 f   sfc_mexmsvc80:sfc_sf.obj
 0001:00015670       _sf_mark_chart_reusable_outputs 10016670 f   sfc_mexmsvc80:sfc_sf.obj
 0001:00015800       _sf_mark_chart_expressionable_inputs 10016800 f   sfc_mexmsvc80:sfc_sf.obj
 0001:00015a00       _sf_get_subchart_simstruct 10016a00 f   sfc_mexmsvc80:sfc_sf.obj
 0001:00015a40       _sf_write_symbol_mapping   10016a40 f   sfc_mexmsvc80:sfc_sf.obj
 0001:00015c20       _sf_get_fixpt_data_type_id 10016c20 f   sfc_mexmsvc80:sfc_sf.obj
 0001:00015c60       _sf_get_enum_data_type_id  10016c60 f   sfc_mexmsvc80:sfc_sf.obj
 0001:00015ca0       _sf_get_param_data_type_id 10016ca0 f   sfc_mexmsvc80:sfc_sf.obj
 0001:00015cd0       _sf_mex_listen_for_ctrl_c_force 10016cd0 f   sfc_mexmsvc80:sfc_sf.obj
 0001:00015dd0       _sf_mex_draw_now           10016dd0 f   sfc_mexmsvc80:sfc_sf.obj
 0001:00015e10       _sf_mex_set_debugger_sim_status_listener_fcn 10016e10 f   sfc_mexmsvc80:sfc_sf.obj
 0001:00015e20       _sf_mex_listen_for_ctrl_c  10016e20 f   sfc_mexmsvc80:sfc_sf.obj
 0001:00015eb0       _sf_mex_get_sfun_param     10016eb0 f   sfc_mexmsvc80:sfc_sf.obj
 0001:00015f00       _sf_get_runtime_param_data 10016f00 f   sfc_mexmsvc80:sfc_sf.obj
 0001:00015f40       _sf_call_output_fcn_call   10016f40 f   sfc_mexmsvc80:sfc_sf.obj
 0001:00016060       _sf_call_output_fcn_enable 10017060 f   sfc_mexmsvc80:sfc_sf.obj
 0001:000160e0       _sf_call_output_fcn_disable 100170e0 f   sfc_mexmsvc80:sfc_sf.obj
 0001:00016160       _sf_clear_rtw_identifier   10017160 f   sfc_mexmsvc80:sfc_sf.obj
 0001:00016990       _sf_set_encoded_dwork_info 10017990 f   sfc_mexmsvc80:sfc_sf.obj
 0001:000169d0       _sf_get_dwork_info_from_mat_file 100179d0 f   sfc_mexmsvc80:sfc_sf.obj
 0001:00016b40       _sf_set_rtw_dwork_info     10017b40 f   sfc_mexmsvc80:sfc_sf.obj
 0001:00016c70       _mdlOutputs                10017c70 f   sfc_mexmsvc80:sfc_sf.obj
 0001:00016d80       _sf_debug_disp             10017d80 f   sfc_debugmsvc80:sfcdebug.obj
 0001:00016f80       _sf_debug_data_runtime_size_mismatch_error_check 10017f80 f   sfc_debugmsvc80:sfcdebug.obj
 0001:00016fc0       _sf_debug_try_loading_machine 10017fc0 f   sfc_debugmsvc80:sfcdebug.obj
 0001:00017090       _sf_debug_reset_current_state_configuration 10018090 f   sfc_debugmsvc80:sfcdebug.obj
 0001:000170d0       _sf_debug_store_current_state_configuration 100180d0 f   sfc_debugmsvc80:sfcdebug.obj
 0001:00017110       _sf_debug_restore_previous_state_configuration 10018110 f   sfc_debugmsvc80:sfcdebug.obj
 0001:00017150       _sf_debug_restore_previous_state_configuration2 10018150 f   sfc_debugmsvc80:sfcdebug.obj
 0001:00017190       _sf_debug_get_event_scope  10018190 f   sfc_debugmsvc80:sfcdebug.obj
 0001:000172b0       _use_debugger_step_animation 100182b0 f   sfc_debugmsvc80:sfcdebug.obj
 0001:000172d0       _sf_debug_get_script_id    100182d0 f   sfc_debugmsvc80:sfcdebug.obj
 0001:00017360       _sf_debug_set_script_translation 10018360 f   sfc_debugmsvc80:sfcdebug.obj
 0001:000173f0       _sf_debug_get_current_machine_id 100183f0 f   sfc_debugmsvc80:sfcdebug.obj
 0001:00017410       _sf_debug_get_current_optional_integer 10018410 f   sfc_debugmsvc80:sfcdebug.obj
 0001:00017420       _sf_debug_get_current_machine_number 10018420 f   sfc_debugmsvc80:sfcdebug.obj
 0001:00017440       _sf_debug_get_current_machine_name 10018440 f   sfc_debugmsvc80:sfcdebug.obj
 0001:00017460       _sf_debug_get_current_chart_id 10018460 f   sfc_debugmsvc80:sfcdebug.obj
 0001:00017490       _sf_debug_get_current_chart_number 10018490 f   sfc_debugmsvc80:sfcdebug.obj
 0001:000174a0       _sf_debug_get_current_instance_number 100184a0 f   sfc_debugmsvc80:sfcdebug.obj
 0001:000174b0       _sf_debug_get_current_is_minor_time_step 100184b0 f   sfc_debugmsvc80:sfcdebug.obj
 0001:00017520       _sf_debug_get_current_object_type 10018520 f   sfc_debugmsvc80:sfcdebug.obj
 0001:00017530       _sf_debug_get_current_instance_handle 10018530 f   sfc_debugmsvc80:sfcdebug.obj
 0001:00017580       _sf_debug_get_current_event_type 10018580 f   sfc_debugmsvc80:sfcdebug.obj
 0001:00017590       _sf_debug_get_current_object_id 10018590 f   sfc_debugmsvc80:sfcdebug.obj
 0001:000175c0       _sf_debug_get_current_active_event_type 100185c0 f   sfc_debugmsvc80:sfcdebug.obj
 0001:000175d0       _sf_debug_get_current_active_event_id 100185d0 f   sfc_debugmsvc80:sfcdebug.obj
 0001:00017600       _sf_debug_get_current_tag_type 10018600 f   sfc_debugmsvc80:sfcdebug.obj
 0001:00017610       _sf_debug_get_current_simulation_time 10018610 f   sfc_debugmsvc80:sfcdebug.obj
 0001:00017620       _sf_debug_get_current_coverage_percentage 10018620 f   sfc_debugmsvc80:sfcdebug.obj
 0001:00017630       _sf_debug_current_statement_context 10018630 f   sfc_debugmsvc80:sfcdebug.obj
 0001:000176b0       _sf_debug_get_current_statement_info 100186b0 f   sfc_debugmsvc80:sfcdebug.obj
 0001:000177f0       _sf_debug_terminate_instance 100187f0 f   sfc_debugmsvc80:sfcdebug.obj
 0001:00017a70       _sf_debug_assertion_failed 10018a70 f   sfc_debugmsvc80:sfcdebug.obj
 0001:00017c40       _sf_debug_set_number_of_data_with_change_event_for_machine 10018c40 f   sfc_debugmsvc80:sfcdebug.obj
 0001:00017c80       _sf_debug_set_machine_event_thresholds 10018c80 f   sfc_debugmsvc80:sfcdebug.obj
 0001:00017cb0       _sf_debug_set_machine_event_scope 10018cb0 f   sfc_debugmsvc80:sfcdebug.obj
 0001:00017cf0       _sf_debug_set_machine_data_thresholds 10018cf0 f   sfc_debugmsvc80:sfcdebug.obj
 0001:00017d30       _sf_debug_set_machine_data_scope 10018d30 f   sfc_debugmsvc80:sfcdebug.obj
 0001:00017db0       _sf_debug_set_machine_data_name 10018db0 f   sfc_debugmsvc80:sfcdebug.obj
 0001:00017e00       _sf_debug_set_machine_data_size 10018e00 f   sfc_debugmsvc80:sfcdebug.obj
 0001:00017ef0       _sf_debug_set_machine_data_type 10018ef0 f   sfc_debugmsvc80:sfcdebug.obj
 0001:00018010       _sf_debug_get_chart_data_number 10019010 f   sfc_debugmsvc80:sfcdebug.obj
 0001:00018040       _sf_debug_get_chart_event_number 10019040 f   sfc_debugmsvc80:sfcdebug.obj
 0001:00018070       _sf_debug_set_chart_state_info 10019070 f   sfc_debugmsvc80:sfcdebug.obj
 0001:000180f0       _sf_debug_set_chart_decomposition 100190f0 f   sfc_debugmsvc80:sfcdebug.obj
 0001:00018160       _sf_debug_set_chart_substate_count 10019160 f   sfc_debugmsvc80:sfcdebug.obj
 0001:00018220       _sf_debug_set_chart_substate_index 10019220 f   sfc_debugmsvc80:sfcdebug.obj
 0001:00018290       _sf_debug_set_chart_state_substate_count 10019290 f   sfc_debugmsvc80:sfcdebug.obj
 0001:00018370       _sf_debug_set_chart_state_substate_index 10019370 f   sfc_debugmsvc80:sfcdebug.obj
 0001:000183f0       _sf_debug_set_number_of_data_with_change_event_for_chart 100193f0 f   sfc_debugmsvc80:sfcdebug.obj
 0001:00018470       _sf_debug_set_number_of_states_with_entry_event_for_chart 10019470 f   sfc_debugmsvc80:sfcdebug.obj
 0001:000184e0       _sf_debug_set_number_of_states_with_exit_event_for_chart 100194e0 f   sfc_debugmsvc80:sfcdebug.obj
 0001:00018550       _sf_debug_set_chart_disable_implicit_casting 10019550 f   sfc_debugmsvc80:sfcdebug.obj
 0001:000185c0       _sf_debug_set_chart_event_thresholds 100195c0 f   sfc_debugmsvc80:sfcdebug.obj
 0001:00018630       _sf_debug_set_chart_data_compiled_props 10019630 f   sfc_debugmsvc80:sfcdebug.obj
 0001:000188a0       _sf_debug_set_chart_data_props 100198a0 f   sfc_debugmsvc80:sfcdebug.obj
 0001:00018b10       _sf_debug_check_fi_license 10019b10 f   sfc_debugmsvc80:sfcdebug.obj
 0001:00018ca0       _sf_debug_symbol_scope_push 10019ca0 f   sfc_debugmsvc80:sfcdebug.obj
 0001:00018ce0       _sf_debug_symbol_scope_push_eml 10019ce0 f   sfc_debugmsvc80:sfcdebug.obj
 0001:00018d20       _sf_debug_symbol_scope_pop 10019d20 f   sfc_debugmsvc80:sfcdebug.obj
 0001:00018d50       _sf_debug_symbol_scope_add_importable 10019d50 f   sfc_debugmsvc80:sfcdebug.obj
 0001:00018db0       _sf_debug_symbol_scope_add 10019db0 f   sfc_debugmsvc80:sfcdebug.obj
 0001:00018e10       _sf_debug_symbol_scope_add_dyn_importable 10019e10 f   sfc_debugmsvc80:sfcdebug.obj
 0001:00018e80       _sf_debug_symbol_scope_add_dyn 10019e80 f   sfc_debugmsvc80:sfcdebug.obj
 0001:00018eb0       _sf_debug_symbol_scope_add_eml_importable 10019eb0 f   sfc_debugmsvc80:sfcdebug.obj
 0001:00018ee0       _sf_debug_symbol_scope_add_eml 10019ee0 f   sfc_debugmsvc80:sfcdebug.obj
 0001:00018f10       _sf_debug_symbol_scope_add_eml_dyn_importable 10019f10 f   sfc_debugmsvc80:sfcdebug.obj
 0001:00018f60       _sf_debug_symbol_scope_add_eml_dyn 10019f60 f   sfc_debugmsvc80:sfcdebug.obj
 0001:00018fb0       _sf_debug_symbol_switch    10019fb0 f   sfc_debugmsvc80:sfcdebug.obj
 0001:00018fd0       _sf_debug_symbol_scope_add_verbose 10019fd0 f   sfc_debugmsvc80:sfcdebug.obj
 0001:00019040       _sf_debug_set_machine_data_value_ptr 1001a040 f   sfc_debugmsvc80:sfcdebug.obj
 0001:00019080       _sf_debug_set_instance_data_value_ptr 1001a080 f   sfc_debugmsvc80:sfcdebug.obj
 0001:000190e0       _sf_debug_unset_instance_data_value_ptr 1001a0e0 f   sfc_debugmsvc80:sfcdebug.obj
 0001:00019130       _sf_debug_set_chart_event_scope 1001a130 f   sfc_debugmsvc80:sfcdebug.obj
 0001:000191b0       _sf_debug_set_chart_transition_coverage_maps 1001a1b0 f   sfc_debugmsvc80:sfcdebug.obj
 0001:00019240       _sf_debug_set_chart_state_coverage_maps 1001a240 f   sfc_debugmsvc80:sfcdebug.obj
 0001:000192c0       _sf_debug_set_instance_transition_coverage_weights 1001a2c0 f   sfc_debugmsvc80:sfcdebug.obj
 0001:00019330       _sf_debug_set_instance_state_coverage_weights 1001a330 f   sfc_debugmsvc80:sfcdebug.obj
 0001:00019530       _sf_debug_unload_machine   1001a530 f   sfc_debugmsvc80:sfcdebug.obj
 0001:00019580       _sf_debug_load_machine     1001a580 f   sfc_debugmsvc80:sfcdebug.obj
 0001:00019630       _sf_debug_set_active_instance_in_data_dictionary 1001a630 f   sfc_debugmsvc80:sfcdebug.obj
 0001:000197b0       _sf_debug_set_active_instance 1001a7b0 f   sfc_debugmsvc80:sfcdebug.obj
 0001:000198a0       _sf_debug_chart_visiblity_change 1001a8a0 f   sfc_debugmsvc80:sfcdebug.obj
 0001:00019940       _sf_debug_select_chart     1001a940 f   sfc_debugmsvc80:sfcdebug.obj
 0001:000199e0       _sf_debug_set_instance_cv_ids 1001a9e0 f   sfc_debugmsvc80:sfcdebug.obj
 0001:00019ba0       _sf_debug_select_charts    1001aba0 f   sfc_debugmsvc80:sfcdebug.obj
 0001:00019c80       _sf_debug_initialized      1001ac80 f   sfc_debugmsvc80:sfcdebug.obj
 0001:00019c90       _sf_debug_is_uninterruptible 1001ac90 f   sfc_debugmsvc80:sfcdebug.obj
 0001:00019cc0       _sf_debug_initialize_debugger_gui 1001acc0 f   sfc_debugmsvc80:sfcdebug.obj
 0001:0001a040       _sf_debug_resume           1001b040 f   sfc_debugmsvc80:sfcdebug.obj
 0001:0001a060       _sf_debug_go               1001b060 f   sfc_debugmsvc80:sfcdebug.obj
 0001:0001a070       _sf_debug_break            1001b070 f   sfc_debugmsvc80:sfcdebug.obj
 0001:0001a080       _sf_debug_step_over        1001b080 f   sfc_debugmsvc80:sfcdebug.obj
 0001:0001a090       _sf_debug_step_out         1001b090 f   sfc_debugmsvc80:sfcdebug.obj
 0001:0001a0a0       _sf_debug_set_disable_all_breakpoints 1001b0a0 f   sfc_debugmsvc80:sfcdebug.obj
 0001:0001a0b0       _sf_debug_disable_all_breakpoints_and_go 1001b0b0 f   sfc_debugmsvc80:sfcdebug.obj
 0001:0001a0c0       _sf_debug_break_on_chart_entry 1001b0c0 f   sfc_debugmsvc80:sfcdebug.obj
 0001:0001a0d0       _sf_debug_break_on_event_broadcast 1001b0d0 f   sfc_debugmsvc80:sfcdebug.obj
 0001:0001a0e0       _sf_debug_break_on_state_entry 1001b0e0 f   sfc_debugmsvc80:sfcdebug.obj
 0001:0001a0f0       _sf_debug_break_between_times 1001b0f0 f   sfc_debugmsvc80:sfcdebug.obj
 0001:0001a120       _sf_debug_browse_data      1001b120 f   sfc_debugmsvc80:sfcdebug.obj
 0001:0001a140       _sf_debug_watch_data       1001b140 f   sfc_debugmsvc80:sfcdebug.obj
 0001:0001a160       _sf_debug_assign_data      1001b160 f   sfc_debugmsvc80:sfcdebug.obj
 0001:0001a180       _sf_debug_whos             1001b180 f   sfc_debugmsvc80:sfcdebug.obj
 0001:0001a1a0       _sf_debug_get_consistency_info 1001b1a0 f   sfc_debugmsvc80:sfcdebug.obj
 0001:0001a1c0       _sf_debug_browse_trace     1001b1c0 f   sfc_debugmsvc80:sfcdebug.obj
 0001:0001a1e0       _sf_debug_set_breakpoints  1001b1e0 f   sfc_debugmsvc80:sfcdebug.obj
 0001:0001a2a0       _sf_debug_set_eml_breakpoints 1001b2a0 f   sfc_debugmsvc80:sfcdebug.obj
 0001:0001a3b0       _sf_debug_set_script_breakpoints 1001b3b0 f   sfc_debugmsvc80:sfcdebug.obj
 0001:0001a430       _sf_debug_add_script_breakpoints 1001b430 f   sfc_debugmsvc80:sfcdebug.obj
 0001:0001a4a0       _sf_debug_clear_script_breakpoints 1001b4a0 f   sfc_debugmsvc80:sfcdebug.obj
 0001:0001a510       _sf_debug_query_script_breakpoints 1001b510 f   sfc_debugmsvc80:sfcdebug.obj
 0001:0001a5b0       _sf_debug_get_eml_script_id 1001b5b0 f   sfc_debugmsvc80:sfcdebug.obj
 0001:0001a600       _sf_debug_set_watch        1001b600 f   sfc_debugmsvc80:sfcdebug.obj
 0001:0001a790       _sf_debug_get_coverage     1001b790 f   sfc_debugmsvc80:sfcdebug.obj
 0001:0001a7b0       _sf_debug_get_instance_handle 1001b7b0 f   sfc_debugmsvc80:sfcdebug.obj
 0001:0001a830       _sf_debug_get_active_states 1001b830 f   sfc_debugmsvc80:sfcdebug.obj
 0001:0001a850       _sf_debug_get_animation    1001b850 f   sfc_debugmsvc80:sfcdebug.obj
 0001:0001a860       _sf_debug_set_animation    1001b860 f   sfc_debugmsvc80:sfcdebug.obj
 0001:0001a870       _sf_debug_animate          1001b870 f   sfc_debugmsvc80:sfcdebug.obj
 0001:0001a8a0       _sf_debug_cycle_detection_check 1001b8a0 f   sfc_debugmsvc80:sfcdebug.obj
 0001:0001a8b0       _sf_debug_data_range_check 1001b8b0 f   sfc_debugmsvc80:sfcdebug.obj
 0001:0001a8c0       _sf_debug_transition_conflict_check 1001b8c0 f   sfc_debugmsvc80:sfcdebug.obj
 0001:0001a8d0       _sf_debug_state_consistency_check 1001b8d0 f   sfc_debugmsvc80:sfcdebug.obj
 0001:0001a8e0       _sf_debug_data_range_check_enabled 1001b8e0 f   sfc_debugmsvc80:sfcdebug.obj
 0001:0001a8f0       _sf_debug_transition_conflict_check_enabled 1001b8f0 f   sfc_debugmsvc80:sfcdebug.obj
 0001:0001a900       _sf_debug_transition_conflict_check_begin 1001b900 f   sfc_debugmsvc80:sfcdebug.obj
 0001:0001a920       _sf_debug_transition_conflict_check_end 1001b920 f   sfc_debugmsvc80:sfcdebug.obj
 0001:0001a940       _sf_debug_stop_debugging   1001b940 f   sfc_debugmsvc80:sfcdebug.obj
 0001:0001a970       _sf_debug_is_cycle_detected 1001b970 f   sfc_debugmsvc80:sfcdebug.obj
 0001:0001a980       _sf_debug_is_array_bounds_detected 1001b980 f   sfc_debugmsvc80:sfcdebug.obj
 0001:0001a990       _sf_debug_get_state_vectors_data_size 1001b990 f   sfc_debugmsvc80:sfcdebug.obj
 0001:0001a9d0       _sf_debug_get_state_vectors_data 1001b9d0 f   sfc_debugmsvc80:sfcdebug.obj
 0001:0001aaa0       _sf_debug_set_state_vectors_data 1001baa0 f   sfc_debugmsvc80:sfcdebug.obj
 0001:0001acd0       _sf_debug_get_script_index 1001bcd0 f   sfc_debugmsvc80:sfcdebug.obj
 0001:0001ae00       _sf_debug_add_script       1001be00 f   sfc_debugmsvc80:sfcdebug.obj
 0001:0001af50       _cv_eval_point             1001bf50 f   sfc_debugmsvc80:sfcdebug.obj
 0001:0001b020       _sf_debug_cv_init_state    1001c020 f   sfc_debugmsvc80:sfcdebug.obj
 0001:0001b0b0       _sf_debug_cv_init_chart    1001c0b0 f   sfc_debugmsvc80:sfcdebug.obj
 0001:0001b130       _sf_debug_cv_init_trans    1001c130 f   sfc_debugmsvc80:sfcdebug.obj
 0001:0001b210       _cv_eml_init_script        1001c210 f   sfc_debugmsvc80:sfcdebug.obj
 0001:0001b280       _cv_eml_init_fcn           1001c280 f   sfc_debugmsvc80:sfcdebug.obj
 0001:0001b2e0       _cv_eml_init_testobjective 1001c2e0 f   sfc_debugmsvc80:sfcdebug.obj
 0001:0001b340       _cv_eml_init_if            1001c340 f   sfc_debugmsvc80:sfcdebug.obj
 0001:0001b3a0       _cv_eml_init_for           1001c3a0 f   sfc_debugmsvc80:sfcdebug.obj
 0001:0001b400       _cv_eml_init_while         1001c400 f   sfc_debugmsvc80:sfcdebug.obj
 0001:0001b460       _cv_eml_init_mcdc          1001c460 f   sfc_debugmsvc80:sfcdebug.obj
 0001:0001b4d0       _cv_eml_init_switch        1001c4d0 f   sfc_debugmsvc80:sfcdebug.obj
 0001:0001b530       _cv_eml_eval               1001c530 f   sfc_debugmsvc80:sfcdebug.obj
 0001:0001b5a0       _sf_debug_bm_is_a_eml_breakpoint 1001c5a0 f   sfc_debugmsvc80:sfcdebug.obj
 0001:0001b6d0       _sf_debug_temporal_threshold 1001c6d0 f   sfc_debugmsvc80:sfcdebug.obj
 0001:0001b9c0       _sf_debug_transition_conflict_error 1001c9c0 f   sfc_debugmsvc80:sfcdebug.obj
 0001:0001bc60       _sf_debug_state_inconsistency_error 1001cc60 f   sfc_debugmsvc80:sfcdebug.obj
 0001:0001bd50       _sf_debug_check_for_state_inconsistency 1001cd50 f   sfc_debugmsvc80:sfcdebug.obj
 0001:0001bd90       _sf_debug_cycle_detecton_error 1001cd90 f   sfc_debugmsvc80:sfcdebug.obj
 0001:0001c3c0       _sf_debug_size_eq_check_1d 1001d3c0 f   sfc_debugmsvc80:sfcdebug.obj
 0001:0001c3e0       _sf_debug_size_eq_check_nd 1001d3e0 f   sfc_debugmsvc80:sfcdebug.obj
 0001:0001c4c0       _sf_debug_dim_size_eq_check 1001d4c0 f   sfc_debugmsvc80:sfcdebug.obj
 0001:0001c4f0       _sf_debug_dim_size_geq_check 1001d4f0 f   sfc_debugmsvc80:sfcdebug.obj
 0001:0001c520       _sf_debug_sub_assign_size_check_nd 1001d520 f   sfc_debugmsvc80:sfcdebug.obj
 0001:0001c640       _sf_debug_matrix_matrix_index_check 1001d640 f   sfc_debugmsvc80:sfcdebug.obj
 0001:0001c680       _sf_debug_vector_vector_index_check 1001d680 f   sfc_debugmsvc80:sfcdebug.obj
 0001:0001c6c0       _sf_debug_runtime_error_msgid 1001d6c0 f   sfc_debugmsvc80:sfcdebug.obj
 0001:0001c750       _sf_debug_data_array_bounds_error_check 1001d750 f   sfc_debugmsvc80:sfcdebug.obj
 0001:0001c7b0       _sf_debug_eml_data_array_bounds_error_check 1001d7b0 f   sfc_debugmsvc80:sfcdebug.obj
 0001:0001caa0       _sf_debug_integer_check    1001daa0 f   sfc_debugmsvc80:sfcdebug.obj
 0001:0001cb20       _sf_debug_not_nan_check    1001db20 f   sfc_debugmsvc80:sfcdebug.obj
 0001:0001cb70       _sf_debug_non_negative_check 1001db70 f   sfc_debugmsvc80:sfcdebug.obj
 0001:0001cbd0       _sf_debug_overflow_detection 1001dbd0 f   sfc_debugmsvc80:sfcdebug.obj
 0001:0001d0f0       _sf_debug_cast_to_real32_T 1001e0f0 f   sfc_debugmsvc80:sfcdebug.obj
 0001:0001d150       _sf_debug_cast_to_int8_T   1001e150 f   sfc_debugmsvc80:sfcdebug.obj
 0001:0001d1d0       _sf_debug_cast_to_uint8_T  1001e1d0 f   sfc_debugmsvc80:sfcdebug.obj
 0001:0001d260       _sf_debug_cast_to_int16_T  1001e260 f   sfc_debugmsvc80:sfcdebug.obj
 0001:0001d2e0       _sf_debug_cast_to_uint16_T 1001e2e0 f   sfc_debugmsvc80:sfcdebug.obj
 0001:0001d370       _sf_debug_cast_to_int32_T  1001e370 f   sfc_debugmsvc80:sfcdebug.obj
 0001:0001d3e0       _sf_debug_cast_to_uint32_T 1001e3e0 f   sfc_debugmsvc80:sfcdebug.obj
 0001:0001d470       _sf_debug_data_range_error 1001e470 f   sfc_debugmsvc80:sfcdebug.obj
 0001:0001d7e0       _sf_debug_data_range_error_wrapper_min_max 1001e7e0 f   sfc_debugmsvc80:sfcdebug.obj
 0001:0001d850       _sf_debug_data_range_error_wrapper_min 1001e850 f   sfc_debugmsvc80:sfcdebug.obj
 0001:0001d8b0       _sf_debug_data_range_error_wrapper_max 1001e8b0 f   sfc_debugmsvc80:sfcdebug.obj
 0001:0001d910       _sf_debug_data_range_wrapper 1001e910 f   sfc_debugmsvc80:sfcdebug.obj
 0001:0001d960       _sf_debug_set_current_status_info 1001e960 f   sfc_debugmsvc80:sfcdebug.obj
 0001:0001dcc0       _sf_debug_call             1001ecc0 f   sfc_debugmsvc80:sfcdebug.obj
 0001:0001e6b0       _sf_debug_initialize_machine 1001f6b0 f   sfc_debugmsvc80:sfcdebug.obj
 0001:0001e950       _sf_debug_initialize_chart 1001f950 f   sfc_debugmsvc80:sfcdebug.obj
 0001:0001ecb0       _sf_debug_ensure_script    1001fcb0 f   sfc_debugmsvc80:sfcdebug.obj
 0001:0001ed60       _cv_script_init_script     1001fd60 f   sfc_debugmsvc80:sfcdebug.obj
 0001:0001edc0       _cv_script_init_fcn        1001fdc0 f   sfc_debugmsvc80:sfcdebug.obj
 0001:0001ee10       _cv_script_init_testobjective 1001fe10 f   sfc_debugmsvc80:sfcdebug.obj
 0001:0001ee60       _cv_script_init_if         1001fe60 f   sfc_debugmsvc80:sfcdebug.obj
 0001:0001eeb0       _cv_script_init_for        1001feb0 f   sfc_debugmsvc80:sfcdebug.obj
 0001:0001ef00       _cv_script_init_while      1001ff00 f   sfc_debugmsvc80:sfcdebug.obj
 0001:0001ef50       _cv_script_init_mcdc       1001ff50 f   sfc_debugmsvc80:sfcdebug.obj
 0001:0001efb0       _cv_script_init_switch     1001ffb0 f   sfc_debugmsvc80:sfcdebug.obj
 0001:0001f010       _cv_script_eval            10020010 f   sfc_debugmsvc80:sfcdebug.obj
 0001:0001f070       _eml_debug_line_call       10020070 f   sfc_debugmsvc80:sfcdebug.obj
 0001:0001f170       _sf_debug_terminate        10020170 f   sfc_debugmsvc80:sfcdebug.obj
 0001:0001f2a0       _sf_debug_set_script_cv_ids 100202a0 f   sfc_debugmsvc80:sfcdebug.obj
 0001:0001f3b0       _sf_debug_api              100203b0 f   sfc_debugmsvc80:sfc_api.obj
 0001:00020d60       _sf_debug_sm_terminate     10021d60 f   sfc_debugmsvc80:sfdb_animation.obj
 0001:00020ed0       _sf_debug_reset_path_objects 10021ed0 f   sfc_debugmsvc80:sfdb_animation.obj
 0001:00020f40       _sf_debug_sm_reset_object_selection_status 10021f40 f   sfc_debugmsvc80:sfdb_animation.obj
 0001:00020fe0       _sf_debug_sm_reset_state_buffer 10021fe0 f   sfc_debugmsvc80:sfdb_animation.obj
 0001:000210a0       _sf_debug_sm_store_state_buffer 100220a0 f   sfc_debugmsvc80:sfdb_animation.obj
 0001:00021120       _sf_debug_sm_restore_state_buffer1 10022120 f   sfc_debugmsvc80:sfdb_animation.obj
 0001:00021180       _sf_debug_sm_restore_state_buffer2 10022180 f   sfc_debugmsvc80:sfdb_animation.obj
 0001:000211e0       _sf_debug_sm_chart_active  100221e0 f   sfc_debugmsvc80:sfdb_animation.obj
 0001:00021230       _sf_debug_sm_select_active_objects 10022230 f   sfc_debugmsvc80:sfdb_animation.obj
 0001:000215b0       _sf_debug_sm_is_chart_active 100225b0 f   sfc_debugmsvc80:sfdb_animation.obj
 0001:000215f0       _sf_debug_sm_is_state_active 100225f0 f   sfc_debugmsvc80:sfdb_animation.obj
 0001:000217a0       _sf_debug_sm_get_active_states 100227a0 f   sfc_debugmsvc80:sfdb_animation.obj
 0001:00021bd0       _sf_debug_sm_initialize_instance 10022bd0 f   sfc_debugmsvc80:sfdb_animation.obj
 0001:00021df0       _sf_debug_sm_change_object_selection_status 10022df0 f   sfc_debugmsvc80:sfdb_animation.obj
 0001:00021fe0       _cv_create_interface       10022fe0 f   sfc_debugmsvc80:cv_sfinterface.obj
 0001:000222f0       _cv_init_trans             100232f0 f   sfc_debugmsvc80:cv_sfinterface.obj
 0001:00022340       _cv_init_state             10023340 f   sfc_debugmsvc80:cv_sfinterface.obj
 0001:000223a0       _cv_init_chart             100233a0 f   sfc_debugmsvc80:cv_sfinterface.obj
 0001:000223f0       _cv_dec_update_call        100233f0 f   sfc_debugmsvc80:cv_sfinterface.obj
 0001:00022430       _cv_cond_update_call       10023430 f   sfc_debugmsvc80:cv_sfinterface.obj
 0001:00022470       _cv_sigrange_update        10023470 f   sfc_debugmsvc80:cv_sfinterface.obj
 0001:000224c0       _cvsf_eml_eval             100234c0 f   sfc_debugmsvc80:cv_sfinterface.obj
 0001:000225a0       _cvsf_eml_init_script      100235a0 f   sfc_debugmsvc80:cv_sfinterface.obj
 0001:00022600       _cvsf_eml_init_fcn         10023600 f   sfc_debugmsvc80:cv_sfinterface.obj
 0001:00022660       _cvsf_eml_init_testobjective 10023660 f   sfc_debugmsvc80:cv_sfinterface.obj
 0001:000226c0       _cvsf_eml_init_if          100236c0 f   sfc_debugmsvc80:cv_sfinterface.obj
 0001:00022720       _cvsf_eml_init_for         10023720 f   sfc_debugmsvc80:cv_sfinterface.obj
 0001:00022780       _cvsf_eml_init_while       10023780 f   sfc_debugmsvc80:cv_sfinterface.obj
 0001:000227e0       _cvsf_eml_init_mcdc        100237e0 f   sfc_debugmsvc80:cv_sfinterface.obj
 0001:00022850       _cvsf_eml_init_switch      10023850 f   sfc_debugmsvc80:cv_sfinterface.obj
 0001:000228b0       _cvsf_script_eval          100238b0 f   sfc_debugmsvc80:cv_sfinterface.obj
 0001:00022990       _cvsf_script_init_script   10023990 f   sfc_debugmsvc80:cv_sfinterface.obj
 0001:000229f0       _cvsf_script_init_fcn      100239f0 f   sfc_debugmsvc80:cv_sfinterface.obj
 0001:00022a50       _cvsf_script_init_testobjective 10023a50 f   sfc_debugmsvc80:cv_sfinterface.obj
 0001:00022ab0       _cvsf_script_init_if       10023ab0 f   sfc_debugmsvc80:cv_sfinterface.obj
 0001:00022b10       _cvsf_script_init_for      10023b10 f   sfc_debugmsvc80:cv_sfinterface.obj
 0001:00022b60       _cvsf_script_init_while    10023b60 f   sfc_debugmsvc80:cv_sfinterface.obj
 0001:00022bb0       _cvsf_script_init_mcdc     10023bb0 f   sfc_debugmsvc80:cv_sfinterface.obj
 0001:00022c20       _cvsf_script_init_switch   10023c20 f   sfc_debugmsvc80:cv_sfinterface.obj
 0001:00022c80       _cv_destroy_interface      10023c80 f   sfc_debugmsvc80:cv_sfinterface.obj
 0001:00022ca0       _cv_create_instance_objects 10023ca0 f   sfc_debugmsvc80:cv_sfinterface.obj
 0001:00022fe0       _cv_is_enabled             10023fe0 f   sfc_debugmsvc80:cv_sfinterface.obj
 0001:00022ff0       _sf_debug_cv_initialize_script 10023ff0 f   sfc_debugmsvc80:cv_sfinterface.obj
 0001:00023180       _sf_debug_cv_initialize_instance 10024180 f   sfc_debugmsvc80:cv_sfinterface.obj
 0001:00023480       _sf_debug_cv_terminate_chart 10024480 f   sfc_debugmsvc80:cv_sfinterface.obj
 0001:00023570       _cv_call_trans_test        10024570 f   sfc_debugmsvc80:cv_sfinterface.obj
 0001:00023580       _cv_call_sub_cond_test     10024580 f   sfc_debugmsvc80:cv_sfinterface.obj
 0001:00023690       _sf_debug_hm_initialize_instance 10024690 f   sfc_debugmsvc80:sfdb_handle_management.obj
 0001:00023b70       _sf_debug_hm_get_object_id 10024b70 f   sfc_debugmsvc80:sfdb_handle_management.obj
 0001:00025620       _sf_debug_object_is_eml_function 10026620 f   sfc_debugmsvc80:sfdb_handle_management.obj
 0001:00025680       _sf_debug_hm_initialize_ids_in_machine 10026680 f   sfc_debugmsvc80:sfdb_handle_management.obj
 0001:000257d0       _sf_debug_hm_initialize_ids_in_chart 100267d0 f   sfc_debugmsvc80:sfdb_handle_management.obj
 0001:000258f0       _sf_debug_hm_initialize_chart 100268f0 f   sfc_debugmsvc80:sfdb_handle_management.obj
 0001:00025fa0       _sf_debug_hm_terminate     10026fa0 f   sfc_debugmsvc80:sfdb_handle_management.obj
 0001:00026000       _sf_debug_hm_initialize_machine 10027000 f   sfc_debugmsvc80:sfdb_handle_management.obj
 0001:000266c0       _sf_debug_st_initialize_machine 100276c0 f   sfc_debugmsvc80:sfdb_data_browse.obj
 0001:00026770       _sf_debug_st_initialize_instance 10027770 f   sfc_debugmsvc80:sfdb_data_browse.obj
 0001:00026930       _sf_debug_st_terminate     10027930 f   sfc_debugmsvc80:sfdb_data_browse.obj
 0001:00026a90       _sf_debug_st_set_data_value_ptr_in_machine 10027a90 f   sfc_debugmsvc80:sfdb_data_browse.obj
 0001:00026b00       _sf_debug_st_set_data_value_ptr_in_instance 10027b00 f   sfc_debugmsvc80:sfdb_data_browse.obj
 0001:00026bb0       _sf_debug_st_unset_data_value_ptr_in_machine 10027bb0 f   sfc_debugmsvc80:sfdb_data_browse.obj
 0001:00026c10       _sf_debug_st_unset_data_value_ptr_in_instance 10027c10 f   sfc_debugmsvc80:sfdb_data_browse.obj
 0001:00026f20       _sf_debug_mx_value         10027f20 f   sfc_debugmsvc80:sfdb_data_browse.obj
 0001:00026f70       _sf_debug_mx_packed_vector 10027f70 f   sfc_debugmsvc80:sfdb_data_browse.obj
 0001:00027010       _sf_debug_mx_uint_vector   10028010 f   sfc_debugmsvc80:sfdb_data_browse.obj
 0001:00027090       _sf_debug_st_get_double_value_from_void_ptr_vector 10028090 f   sfc_debugmsvc80:sfdb_data_browse.obj
 0001:00027890       _sf_debug_st_browse_data   10028890 f   sfc_debugmsvc80:sfdb_data_browse.obj
 0001:00027e90       _sf_debug_ss_initialize    10028e90 f   sfc_debugmsvc80:sfdb_symbol_scope.obj
 0001:00027eb0       _sf_debug_ss_terminate     10028eb0 f   sfc_debugmsvc80:sfdb_symbol_scope.obj
 0001:00027f30       _sf_debug_ss_push_symbol_scope 10028f30 f   sfc_debugmsvc80:sfdb_symbol_scope.obj
 0001:00027ff0       _sf_debug_ss_push_symbol_scope_eml 10028ff0 f   sfc_debugmsvc80:sfdb_symbol_scope.obj
 0001:00028040       _sf_debug_ss_pop_symbol_scope 10029040 f   sfc_debugmsvc80:sfdb_symbol_scope.obj
 0001:000280e0       _sf_debug_ss_add_symbol    100290e0 f   sfc_debugmsvc80:sfdb_symbol_scope.obj
 0001:000281d0       _sf_debug_ss_add_symbol_eml 100291d0 f   sfc_debugmsvc80:sfdb_symbol_scope.obj
 0001:00028af0       _sf_debug_ss_set_data_value 10029af0 f   sfc_debugmsvc80:sfdb_symbol_scope.obj
 0001:00028e30       _sf_debug_ss_watch_data    10029e30 f   sfc_debugmsvc80:sfdb_symbol_scope.obj
 0001:00028eb0       _sf_debug_ss_assign_data   10029eb0 f   sfc_debugmsvc80:sfdb_symbol_scope.obj
 0001:00029750       _get_data_entry_name       1002a750 f   sfc_debugmsvc80:sfdb_symbol_scope.obj
 0001:000297a0       _sf_debug_ss_whos          1002a7a0 f   sfc_debugmsvc80:sfdb_symbol_scope.obj
 0001:00029c40       _sf_debug_cc_initialize_chart 1002ac40 f   sfc_debugmsvc80:sfdb_coverage.obj
 0001:0002a610       _sf_debug_cc_initialize_instance 1002b610 f   sfc_debugmsvc80:sfdb_coverage.obj
 0001:0002b220       _sf_debug_cc_terminate     1002c220 f   sfc_debugmsvc80:sfdb_coverage.obj
 0001:0002b2f0       _sf_debug_cc_set_transition_maps 1002c2f0 f   sfc_debugmsvc80:sfdb_coverage.obj
 0001:0002b3f0       _sf_debug_cc_set_state_maps 1002c3f0 f   sfc_debugmsvc80:sfdb_coverage.obj
 0001:0002b4c0       _sf_debug_cc_set_transition_weights 1002c4c0 f   sfc_debugmsvc80:sfdb_coverage.obj
 0001:0002b6e0       _sf_debug_cc_set_state_weights 1002c6e0 f   sfc_debugmsvc80:sfdb_coverage.obj
 0001:0002b920       _sf_debug_cc_mark_transition_guard 1002c920 f   sfc_debugmsvc80:sfdb_coverage.obj
 0001:0002b9a0       _sf_debug_cc_mark_transition_trigger 1002c9a0 f   sfc_debugmsvc80:sfdb_coverage.obj
 0001:0002ba20       _sf_debug_cc_mark_transition_decision 1002ca20 f   sfc_debugmsvc80:sfdb_coverage.obj
 0001:0002ba80       _sf_debug_cc_mark_transition_condition_action 1002ca80 f   sfc_debugmsvc80:sfdb_coverage.obj
 0001:0002bad0       _sf_debug_cc_mark_transition_transition_action 1002cad0 f   sfc_debugmsvc80:sfdb_coverage.obj
 0001:0002bb20       _sf_debug_cc_mark_state_entry 1002cb20 f   sfc_debugmsvc80:sfdb_coverage.obj
 0001:0002bb70       _sf_debug_cc_mark_state_during 1002cb70 f   sfc_debugmsvc80:sfdb_coverage.obj
 0001:0002bbc0       _sf_debug_cc_mark_state_exit 1002cbc0 f   sfc_debugmsvc80:sfdb_coverage.obj
 0001:0002c1d0       _sf_debug_cc_get_coverage  1002d1d0 f   sfc_debugmsvc80:sfdb_coverage.obj
 0001:0002c640       _sf_debug_bm_clear_script_breakpoints 1002d640 f   sfc_debugmsvc80:sfdb_breakpoints.obj
 0001:0002c680       _sf_debug_bm_set_script_breakpoint 1002d680 f   sfc_debugmsvc80:sfdb_breakpoints.obj
 0001:0002c6f0       _sf_debug_bm_clear_single_script_breakpoint 1002d6f0 f   sfc_debugmsvc80:sfdb_breakpoints.obj
 0001:0002c760       _sf_debug_bm_query_script_breakpoint 1002d760 f   sfc_debugmsvc80:sfdb_breakpoints.obj
 0001:0002c7b0       _sf_debug_bm_initialize_scripts 1002d7b0 f   sfc_debugmsvc80:sfdb_breakpoints.obj
 0001:0002cd50       _sf_debug_bm_terminate     1002dd50 f   sfc_debugmsvc80:sfdb_breakpoints.obj
 0001:0002d010       _sf_debug_bm_remove_all_breakpoints_in_machine 1002e010 f   sfc_debugmsvc80:sfdb_breakpoints.obj
 0001:0002d060       _sf_debug_bm_remove_all_breakpoints_in_chart 1002e060 f   sfc_debugmsvc80:sfdb_breakpoints.obj
 0001:0002d190       _sf_debug_bm_initialize_global_breakpoints 1002e190 f   sfc_debugmsvc80:sfdb_breakpoints.obj
 0001:0002d340       _sf_debug_bm_set_breakpoint 1002e340 f   sfc_debugmsvc80:sfdb_breakpoints.obj
 0001:0002d8a0       _sf_debug_bm_set_eml_breakpoint 1002e8a0 f   sfc_debugmsvc80:sfdb_breakpoints.obj
 0001:0002d920       _sf_debug_bm_initialize_machine_breakpoint_map 1002e920 f   sfc_debugmsvc80:sfdb_breakpoints.obj
 0001:0002dcc0       _sf_debug_bm_is_a_breakpoint 1002ecc0 f   sfc_debugmsvc80:sfdb_breakpoints.obj
 0001:0002e0e0       _sf_debug_bm_get_all_breakpoints_in_machine 1002f0e0 f   sfc_debugmsvc80:sfdb_breakpoints.obj
 0001:0002e380       _sf_debug_bm_get_all_breakpoints_in_chart 1002f380 f   sfc_debugmsvc80:sfdb_breakpoints.obj
 0001:0002edb0       _sf_debug_bm_initialize_machine 1002fdb0 f   sfc_debugmsvc80:sfdb_breakpoints.obj
 0001:0002ee50       _sf_debug_bm_initialize_chart 1002fe50 f   sfc_debugmsvc80:sfdb_breakpoints.obj
 0001:0002f1e0       _sf_debug_sc_terminate     100301e0 f   sfc_debugmsvc80:sfdb_state_consistency.obj
 0001:0002f460       _sf_debug_sc_is_chart_consistent 10030460 f   sfc_debugmsvc80:sfdb_state_consistency.obj
 0001:0002f640       _sf_debug_sc_get_consistency_error_info 10030640 f   sfc_debugmsvc80:sfdb_state_consistency.obj
 0001:0002f9a0       _sf_debug_tm_terminate     100309a0 f   sfc_debugmsvc80:sfdb_call_stack.obj
 0001:0002fa40       _sf_debug_tm_push_chart_instance 10030a40 f   sfc_debugmsvc80:sfdb_call_stack.obj
 0001:0002fb70       _sf_debug_tm_pop_chart_instance 10030b70 f   sfc_debugmsvc80:sfdb_call_stack.obj
 0001:0002fbd0       _sf_debug_tm_push_trace_node 10030bd0 f   sfc_debugmsvc80:sfdb_call_stack.obj
 0001:0002fce0       _sf_debug_tm_pop_trace_node 10030ce0 f   sfc_debugmsvc80:sfdb_call_stack.obj
 0001:0002fd60       _sf_debug_tm_get_current_global_trace_index 10030d60 f   sfc_debugmsvc80:sfdb_call_stack.obj
 0001:0002fd80       _sf_debug_tm_get_current_local_trace_index 10030d80 f   sfc_debugmsvc80:sfdb_call_stack.obj
 0001:0002fdb0       _sf_debug_tm_set_cycle_detected_flag 10030db0 f   sfc_debugmsvc80:sfdb_call_stack.obj
 0001:0002fe00       _sf_debug_tm_set_cycle_started_flag 10030e00 f   sfc_debugmsvc80:sfdb_call_stack.obj
 0001:0002fe50       _sf_debug_tm_get_chart_number_from_stack 10030e50 f   sfc_debugmsvc80:sfdb_call_stack.obj
 0001:0002fff0       _sf_debug_tm_browse_trace  10030ff0 f   sfc_debugmsvc80:sfdb_call_stack.obj
 0001:00030260       _sf_debug_cd_initialize_instance 10031260 f   sfc_debugmsvc80:sfdb_cycle_detection.obj
 0001:00030490       _sf_debug_cd_mark_processed_transition_in_instance 10031490 f   sfc_debugmsvc80:sfdb_cycle_detection.obj
 0001:00030510       _sf_debug_cd_checksum_push 10031510 f   sfc_debugmsvc80:sfdb_cycle_detection.obj
 0001:00030810       _sf_debug_cd_checksum_pop  10031810 f   sfc_debugmsvc80:sfdb_cycle_detection.obj
 0001:00030870       _sf_debug_cd_turn_off_cycle_detection 10031870 f   sfc_debugmsvc80:sfdb_cycle_detection.obj
 0001:000308c0       _sf_debug_cd_terminate     100318c0 f   sfc_debugmsvc80:sfdb_cycle_detection.obj
 0001:00030a90       _md5_initialize_state      10031a90 f   sfc_debugmsvc80:ckmd5.obj
 0001:00031320       _md5_update_state          10032320 f   sfc_debugmsvc80:ckmd5.obj
 0001:00031340       _md5_get_hash              10032340 f   sfc_debugmsvc80:ckmd5.obj
 0001:00031360       _md5_get_hash_for_a_single_string 10032360 f   sfc_debugmsvc80:ckmd5.obj
 0001:000313ca       _mxGetPr                   100323ca f   libmx:libmx.dll
 0001:000313d0       _mxCreateDoubleScalar      100323d0 f   libmx:libmx.dll
 0001:000313d6       _mxSetField_730            100323d6 f   libmx:libmx.dll
 0001:000313dc       _mxCreateDoubleMatrix_730  100323dc f   libmx:libmx.dll
 0001:000313e2       _mxCreateStructMatrix_730  100323e2 f   libmx:libmx.dll
 0001:000313e8       _mxDestroyArray            100323e8 f   libmx:libmx.dll
 0001:000313ee       _mxCreateString            100323ee f   libmx:libmx.dll
 0001:000313f4       _mxDuplicateArray          100323f4 f   libmx:libmx.dll
 0001:000313fa       _mxIsEmpty                 100323fa f   libmx:libmx.dll
 0001:00031400       _mxGetString_730           10032400 f   libmx:libmx.dll
 0001:00031406       _mxIsChar                  10032406 f   libmx:libmx.dll
 0001:0003140c       _mxGetClassID              1003240c f   libmx:libmx.dll
 0001:00031412       _mxIsNumeric               10032412 f   libmx:libmx.dll
 0001:00031418       _mxIsComplex               10032418 f   libmx:libmx.dll
 0001:0003141e       _mxGetN                    1003241e f   libmx:libmx.dll
 0001:00031424       _mxGetM                    10032424 f   libmx:libmx.dll
 0001:0003142a       _mxCalloc                  1003242a f   libmx:libmx.dll
 0001:00031430       _mxGetScalar               10032430 f   libmx:libmx.dll
 0001:00031436       _mxIsLogical               10032436 f   libmx:libmx.dll
 0001:0003143c       _mxCreateDoubleMatrix_700  1003243c f   libmx:libmx.dll
 0001:00031442       _mxFree                    10032442 f   libmx:libmx.dll
 0001:00031448       _mxArrayToString           10032448 f   libmx:libmx.dll
 0001:0003144e       _mxCreateCellMatrix_700    1003244e f   libmx:libmx.dll
 0001:00031454       _mxSetCell_700             10032454 f   libmx:libmx.dll
 0001:0003145a       _mxGetCell_700             1003245a f   libmx:libmx.dll
 0001:00031460       _mxGetClassName            10032460 f   libmx:libmx.dll
 0001:00031466       _mxSetField_700            10032466 f   libmx:libmx.dll
 0001:0003146c       _mxAddField                1003246c f   libmx:libmx.dll
 0001:00031472       _mxGetField_700            10032472 f   libmx:libmx.dll
 0001:00031478       _mxGetNumberOfElements     10032478 f   libmx:libmx.dll
 0001:0003147e       _mxIsStruct                1003247e f   libmx:libmx.dll
 0001:00031484       _mxIsClass                 10032484 f   libmx:libmx.dll
 0001:0003148a       _mxGetLogicals             1003248a f   libmx:libmx.dll
 0001:00031490       _mxIsSparse                10032490 f   libmx:libmx.dll
 0001:00031496       _mxSetFieldByNumber_700    10032496 f   libmx:libmx.dll
 0001:0003149c       _mxGetFieldByNumber_700    1003249c f   libmx:libmx.dll
 0001:000314a2       _mxGetFieldNameByNumber    100324a2 f   libmx:libmx.dll
 0001:000314a8       _mxGetNumberOfFields       100324a8 f   libmx:libmx.dll
 0001:000314ae       _mxCreateStructMatrix_700  100324ae f   libmx:libmx.dll
 0001:000314b4       _mxGetFieldNumber          100324b4 f   libmx:libmx.dll
 0001:000314ba       _mxIsNaN                   100324ba f   libmx:libmx.dll
 0001:000314c0       _mxGetData                 100324c0 f   libmx:libmx.dll
 0001:000314c6       _mxGetImagData             100324c6 f   libmx:libmx.dll
 0001:000314cc       _mxArrayClassIDName        100324cc f   libmx:libmx.dll
 0001:000314d2       _mxCreateNumericMatrix_700 100324d2 f   libmx:libmx.dll
 0001:000314d8       _mxCreateStructArray_700   100324d8 f   libmx:libmx.dll
 0001:000314de       _mxCalcSingleSubscript_700 100324de f   libmx:libmx.dll
 0001:000314e4       _mxGetDimensions_700       100324e4 f   libmx:libmx.dll
 0001:000314ea       _mxGetNumberOfDimensions_700 100324ea f   libmx:libmx.dll
 0001:000314f0       _mxCreateNumericArray_700  100324f0 f   libmx:libmx.dll
 0001:000314f6       _mxGetElementSize          100324f6 f   libmx:libmx.dll
 0001:000314fc       _mxCreateStringFromNChars_700 100324fc f   libmx:libmx.dll
 0001:00031502       _mxGetString_700           10032502 f   libmx:libmx.dll
 0001:00031508       _mxIsLogicalScalarTrue     10032508 f   libmx:libmx.dll
 0001:0003150e       _mxCreateLogicalScalar     1003250e f   libmx:libmx.dll
 0001:00031514       _mexUnlock                 10032514 f   libmex:libmex.dll
 0001:0003151a       _mexIsLocked               1003251a f   libmex:libmex.dll
 0001:00031520       _mexWarnMsgTxt             10032520 f   libmex:libmex.dll
 0001:00031526       _mexCallMATLAB             10032526 f   libmex:libmex.dll
 0001:0003152c       _mexErrMsgTxt              1003252c f   libmex:libmex.dll
 0001:00031532       _mexSetTrapFlag            10032532 f   libmex:libmex.dll
 0001:00031538       _mexMakeArrayPersistent    10032538 f   libmex:libmex.dll
 0001:0003153e       _mexPutVariable            1003253e f   libmex:libmex.dll
 0001:00031544       _mexGetVariable            10032544 f   libmex:libmex.dll
 0001:0003154a       _mexLock                   1003254a f   libmex:libmex.dll
 0001:00031550       _mexMakeMemoryPersistent   10032550 f   libmex:libmex.dll
 0001:00031556       _mexFunctionName           10032556 f   libmex:libmex.dll
 0001:0003155c       _ssRegisterDataTypeFxpFSlopeFixExpBias 1003255c f   libfixedpoint:libfixedpoint.dll
 0001:00031562       _utVSNprintf               10032562 f   libut:libut.dll
 0001:00031568       _utCPUtime                 10032568 f   libut:libut.dll
 0001:0003156e       _utFree                    1003256e f   libut:libut.dll
 0001:00031574       _utMalloc                  10032574 f   libut:libut.dll
 0001:0003157a       _muDoubleScalarAbs         1003257a f   libmwmathutil:libmwmathutil.dll
 0001:00031580       _muDoubleScalarPower       10032580 f   libmwmathutil:libmwmathutil.dll
 0001:00031586       _emlrtCheckBuiltInCtxR2011a 10032586 f   libemlrt:libemlrt.dll
 0001:0003158c       _emlrtCheckVsBuiltInCtxR2011a 1003258c f   libemlrt:libemlrt.dll
 0001:00031592       _emlrtCheckEnumR2009a      10032592 f   libemlrt:libemlrt.dll
 0001:00031598       _emlrtCreateEnumR2010a     10032598 f   libemlrt:libemlrt.dll
 0001:0003159e       _emlrtGetEnumElementR2009a 1003259e f   libemlrt:libemlrt.dll
 0001:000315a4       _emlrtCreateReference      100325a4 f   libemlrt:libemlrt.dll
 0001:000315aa       _emlrtImportVsFiArrayR2009b 100325aa f   libemlrt:libemlrt.dll
 0001:000315b0       _emlrtExtractMessageId     100325b0 f   libemlrt:libemlrt.dll
 0001:000315b6       _emlrtTranslateMessageIDtoLCPstring 100325b6 f   libemlrt:libemlrt.dll
 0001:000315bc       _emlrtGetEnumUnderlyingArrayR2009a 100325bc f   libemlrt:libemlrt.dll
 0001:000315c2       _emlrtIsEnumR2009a         100325c2 f   libemlrt:libemlrt.dll
 0001:000315d0       _memset                    100325d0 f   MSVCRT:MSVCR90.dll
 0001:000315d6       _malloc                    100325d6 f   MSVCRT:MSVCR90.dll
 0001:000315dc       _free                      100325dc f   MSVCRT:MSVCR90.dll
 0001:000315e2       _strlen                    100325e2 f   MSVCRT:MSVCR90.dll
 0001:000315e8       _strcmp                    100325e8 f   MSVCRT:MSVCR90.dll
 0001:000315ee       @__security_check_cookie@4 100325ee f   MSVCRT:secchk.obj
 0001:000315fe       _sprintf                   100325fe f   MSVCRT:MSVCR90.dll
 0001:00031604       _strcat                    10032604 f   MSVCRT:MSVCR90.dll
 0001:00031610       __ftol2_sse                10032610 f   MSVCRT:ftol2.obj
 0001:00031619       __ftol2_pentium4           10032619 f   MSVCRT:ftol2.obj
 0001:0003162c       __ftol2_sse_excpt          1003262c f   MSVCRT:ftol2.obj
 0001:00031646       __ftol2                    10032646 f   MSVCRT:ftol2.obj
 0001:000316bc       _memcpy                    100326bc f   MSVCRT:MSVCR90.dll
 0001:000316c2       _NtCurrentTeb              100326c2 f i MSVCRT:crtdll.obj
 0001:00031718       __CRT_INIT@12              10032718 f   MSVCRT:crtdll.obj
 0001:00031a54       __DllMainCRTStartup@12     10032a54 f   MSVCRT:crtdll.obj
 0001:00031a78       _strncpy                   10032a78 f   MSVCRT:MSVCR90.dll
 0001:00031a80       __alloca_probe             10032a80     MSVCRT:chkstk.obj
 0001:00031a80       __chkstk                   10032a80 f   MSVCRT:chkstk.obj
 0001:00031aac       _longjmp                   10032aac f   MSVCRT:MSVCR90.dll
 0001:00031ab2       _strncmp                   10032ab2 f   MSVCRT:MSVCR90.dll
 0001:00031ab8       _ceil                      10032ab8 f   MSVCRT:MSVCR90.dll
 0001:00031abe       _strrchr                   10032abe f   MSVCRT:MSVCR90.dll
 0001:00031ac4       __setjmp3                  10032ac4 f   MSVCRT:MSVCR90.dll
 0001:00031aca       _calloc                    10032aca f   MSVCRT:MSVCR90.dll
 0001:00031ad0       _realloc                   10032ad0 f   MSVCRT:MSVCR90.dll
 0001:00031ad6       _ldexp                     10032ad6 f   MSVCRT:MSVCR90.dll
 0001:00031adc       ___report_gsfailure        10032adc f   MSVCRT:gs_report.obj
 0001:00031c32       __get_sse2_info            10032c32 f   MSVCRT:cpu_disp.obj
 0001:00031c94       ___sse2_available_init     10032c94 f   MSVCRT:cpu_disp.obj
 0001:00031ca1       ___clean_type_info_names   10032ca1 f   MSVCRT:tncleanup.obj
 0001:00031cad       __onexit                   10032cad f   MSVCRT:atonexit.obj
 0001:00031d52       _atexit                    10032d52 f   MSVCRT:atonexit.obj
 0001:00031d69       __RTC_Initialize           10032d69 f   MSVCRT:_initsect_.obj
 0001:00031d8f       __RTC_Terminate            10032d8f f   MSVCRT:_initsect_.obj
 0001:00031db6       __encode_pointer           10032db6 f   MSVCRT:MSVCR90.dll
 0001:00031dbc       __malloc_crt               10032dbc f   MSVCRT:MSVCR90.dll
 0001:00031dc2       __encoded_null             10032dc2 f   MSVCRT:MSVCR90.dll
 0001:00031dc8       __decode_pointer           10032dc8 f   MSVCRT:MSVCR90.dll
 0001:00031dd0       __ValidateImageBase        10032dd0 f   MSVCRT:pesect.obj
 0001:00031e10       __FindPESection            10032e10 f   MSVCRT:pesect.obj
 0001:00031e60       __IsNonwritableInCurrentImage 10032e60 f   MSVCRT:pesect.obj
 0001:00031f1e       __initterm                 10032f1e f   MSVCRT:MSVCR90.dll
 0001:00031f24       __initterm_e               10032f24 f   MSVCRT:MSVCR90.dll
 0001:00031f2a       __amsg_exit                10032f2a f   MSVCRT:MSVCR90.dll
 0001:00031f30       ___CppXcptFilter           10032f30 f   MSVCRT:MSVCR90.dll
 0001:00031f36       _DllMain@12                10032f36 f   MSVCRT:dllmain.obj
 0001:00031f5c       __SEH_prolog4              10032f5c f   MSVCRT:sehprolg4.obj
 0001:00031fa1       __SEH_epilog4              10032fa1 f   MSVCRT:sehprolg4.obj
 0001:00031fb5       __except_handler4          10032fb5 f   MSVCRT:chandler4gs.obj
 0001:00031fda       ___security_init_cookie    10032fda f   MSVCRT:gs_support.obj
 0001:00032070       __crt_debugger_hook        10033070 f   MSVCRT:MSVCR90.dll
 0001:00032076       ___clean_type_info_names_internal 10033076 f   MSVCRT:MSVCR90.dll
 0001:0003207c       __unlock                   1003307c f   MSVCRT:MSVCR90.dll
 0001:00032082       ___dllonexit               10033082 f   MSVCRT:MSVCR90.dll
 0001:00032088       __lock                     10033088 f   MSVCRT:MSVCR90.dll
 0001:0003208e       __except_handler4_common   1003308e f   MSVCRT:MSVCR90.dll
 0001:00032094       _InterlockedExchange@8     10033094 f   kernel32:KERNEL32.dll
 0001:0003209a       _Sleep@4                   1003309a f   kernel32:KERNEL32.dll
 0001:000320a0       _InterlockedCompareExchange@12 100330a0 f   kernel32:KERNEL32.dll
 0001:000320a6       _TerminateProcess@8        100330a6 f   kernel32:KERNEL32.dll
 0001:000320ac       _GetCurrentProcess@0       100330ac f   kernel32:KERNEL32.dll
 0001:000320b2       _UnhandledExceptionFilter@4 100330b2 f   kernel32:KERNEL32.dll
 0001:000320b8       _SetUnhandledExceptionFilter@4 100330b8 f   kernel32:KERNEL32.dll
 0001:000320be       _IsDebuggerPresent@0       100330be f   kernel32:KERNEL32.dll
 0001:000320c4       _DisableThreadLibraryCalls@4 100330c4 f   kernel32:KERNEL32.dll
 0001:000320ca       _QueryPerformanceCounter@4 100330ca f   kernel32:KERNEL32.dll
 0001:000320d0       _GetTickCount@0            100330d0 f   kernel32:KERNEL32.dll
 0001:000320d6       _GetCurrentThreadId@0      100330d6 f   kernel32:KERNEL32.dll
 0001:000320dc       _GetCurrentProcessId@0     100330dc f   kernel32:KERNEL32.dll
 0001:000320e2       _GetSystemTimeAsFileTime@4 100330e2 f   kernel32:KERNEL32.dll
 0002:00000000       __imp__GetSystemTimeAsFileTime@4 10034000     kernel32:KERNEL32.dll
 0002:00000004       __imp__GetCurrentProcessId@0 10034004     kernel32:KERNEL32.dll
 0002:00000008       __imp__GetCurrentThreadId@0 10034008     kernel32:KERNEL32.dll
 0002:0000000c       __imp__GetTickCount@0      1003400c     kernel32:KERNEL32.dll
 0002:00000010       __imp__QueryPerformanceCounter@4 10034010     kernel32:KERNEL32.dll
 0002:00000014       __imp__DisableThreadLibraryCalls@4 10034014     kernel32:KERNEL32.dll
 0002:00000018       __imp__IsDebuggerPresent@0 10034018     kernel32:KERNEL32.dll
 0002:0000001c       __imp__SetUnhandledExceptionFilter@4 1003401c     kernel32:KERNEL32.dll
 0002:00000020       __imp__UnhandledExceptionFilter@4 10034020     kernel32:KERNEL32.dll
 0002:00000024       __imp__GetCurrentProcess@0 10034024     kernel32:KERNEL32.dll
 0002:00000028       __imp__TerminateProcess@8  10034028     kernel32:KERNEL32.dll
 0002:0000002c       __imp__InterlockedCompareExchange@12 1003402c     kernel32:KERNEL32.dll
 0002:00000030       __imp__Sleep@4             10034030     kernel32:KERNEL32.dll
 0002:00000034       __imp__InterlockedExchange@8 10034034     kernel32:KERNEL32.dll
 0002:00000038       \177KERNEL32_NULL_THUNK_DATA 10034038     kernel32:KERNEL32.dll
 0002:0000003c       __imp___except_handler4_common 1003403c     MSVCRT:MSVCR90.dll
 0002:00000040       __imp___onexit             10034040     MSVCRT:MSVCR90.dll
 0002:00000044       __imp___lock               10034044     MSVCRT:MSVCR90.dll
 0002:00000048       __imp____dllonexit         10034048     MSVCRT:MSVCR90.dll
 0002:0000004c       __imp___unlock             1003404c     MSVCRT:MSVCR90.dll
 0002:00000050       __imp____clean_type_info_names_internal 10034050     MSVCRT:MSVCR90.dll
 0002:00000054       __imp___crt_debugger_hook  10034054     MSVCRT:MSVCR90.dll
 0002:00000058       __imp____CppXcptFilter     10034058     MSVCRT:MSVCR90.dll
 0002:0000005c       __imp___adjust_fdiv        1003405c     MSVCRT:MSVCR90.dll
 0002:00000060       __imp___amsg_exit          10034060     MSVCRT:MSVCR90.dll
 0002:00000064       __imp___initterm_e         10034064     MSVCRT:MSVCR90.dll
 0002:00000068       __imp___initterm           10034068     MSVCRT:MSVCR90.dll
 0002:0000006c       __imp___decode_pointer     1003406c     MSVCRT:MSVCR90.dll
 0002:00000070       __imp___encoded_null       10034070     MSVCRT:MSVCR90.dll
 0002:00000074       __imp___malloc_crt         10034074     MSVCRT:MSVCR90.dll
 0002:00000078       __imp___encode_pointer     10034078     MSVCRT:MSVCR90.dll
 0002:0000007c       __imp__ldexp               1003407c     MSVCRT:MSVCR90.dll
 0002:00000080       __imp__realloc             10034080     MSVCRT:MSVCR90.dll
 0002:00000084       __imp__calloc              10034084     MSVCRT:MSVCR90.dll
 0002:00000088       __imp___setjmp3            10034088     MSVCRT:MSVCR90.dll
 0002:0000008c       __imp__strrchr             1003408c     MSVCRT:MSVCR90.dll
 0002:00000090       __imp__ceil                10034090     MSVCRT:MSVCR90.dll
 0002:00000094       __imp__strncmp             10034094     MSVCRT:MSVCR90.dll
 0002:00000098       __imp__longjmp             10034098     MSVCRT:MSVCR90.dll
 0002:0000009c       __imp__strncpy             1003409c     MSVCRT:MSVCR90.dll
 0002:000000a0       __imp__memcpy              100340a0     MSVCRT:MSVCR90.dll
 0002:000000a4       __imp__strcat              100340a4     MSVCRT:MSVCR90.dll
 0002:000000a8       __imp__sprintf             100340a8     MSVCRT:MSVCR90.dll
 0002:000000ac       __imp__strcmp              100340ac     MSVCRT:MSVCR90.dll
 0002:000000b0       __imp__strlen              100340b0     MSVCRT:MSVCR90.dll
 0002:000000b4       __imp__free                100340b4     MSVCRT:MSVCR90.dll
 0002:000000b8       __imp__malloc              100340b8     MSVCRT:MSVCR90.dll
 0002:000000bc       __imp__memset              100340bc     MSVCRT:MSVCR90.dll
 0002:000000c0       \177MSVCR90_NULL_THUNK_DATA 100340c0     MSVCRT:MSVCR90.dll
 0002:000000c4       __imp__emlrtIsEnumR2009a   100340c4     libemlrt:libemlrt.dll
 0002:000000c8       __imp__emlrtGetEnumUnderlyingArrayR2009a 100340c8     libemlrt:libemlrt.dll
 0002:000000cc       __imp__emlrtTranslateMessageIDtoLCPstring 100340cc     libemlrt:libemlrt.dll
 0002:000000d0       __imp__emlrtExtractMessageId 100340d0     libemlrt:libemlrt.dll
 0002:000000d4       __imp__emlrtImportVsFiArrayR2009b 100340d4     libemlrt:libemlrt.dll
 0002:000000d8       __imp__emlrtCreateReference 100340d8     libemlrt:libemlrt.dll
 0002:000000dc       __imp__emlrtGetEnumElementR2009a 100340dc     libemlrt:libemlrt.dll
 0002:000000e0       __imp__emlrtCreateEnumR2010a 100340e0     libemlrt:libemlrt.dll
 0002:000000e4       __imp__emlrtCheckEnumR2009a 100340e4     libemlrt:libemlrt.dll
 0002:000000e8       __imp__emlrtCheckVsBuiltInCtxR2011a 100340e8     libemlrt:libemlrt.dll
 0002:000000ec       __imp__emlrtCheckBuiltInCtxR2011a 100340ec     libemlrt:libemlrt.dll
 0002:000000f0       \177libemlrt_NULL_THUNK_DATA 100340f0     libemlrt:libemlrt.dll
 0002:000000f4       __imp__ssRegisterDataTypeFxpFSlopeFixExpBias 100340f4     libfixedpoint:libfixedpoint.dll
 0002:000000f8       \177libfixedpoint_NULL_THUNK_DATA 100340f8     libfixedpoint:libfixedpoint.dll
 0002:000000fc       __imp__mexPutVariable      100340fc     libmex:libmex.dll
 0002:00000100       __imp__mexGetVariable      10034100     libmex:libmex.dll
 0002:00000104       __imp__mexLock             10034104     libmex:libmex.dll
 0002:00000108       __imp__mexMakeMemoryPersistent 10034108     libmex:libmex.dll
 0002:0000010c       __imp__mexFunctionName     1003410c     libmex:libmex.dll
 0002:00000110       __imp__mexMakeArrayPersistent 10034110     libmex:libmex.dll
 0002:00000114       __imp__mexSetTrapFlag      10034114     libmex:libmex.dll
 0002:00000118       __imp__mexIsLocked         10034118     libmex:libmex.dll
 0002:0000011c       __imp__mexWarnMsgTxt       1003411c     libmex:libmex.dll
 0002:00000120       __imp__mexUnlock           10034120     libmex:libmex.dll
 0002:00000124       __imp__mexCallMATLAB       10034124     libmex:libmex.dll
 0002:00000128       __imp__mexErrMsgTxt        10034128     libmex:libmex.dll
 0002:0000012c       \177libmex_NULL_THUNK_DATA 1003412c     libmex:libmex.dll
 0002:00000130       __imp__muDoubleScalarPower 10034130     libmwmathutil:libmwmathutil.dll
 0002:00000134       __imp__muDoubleScalarAbs   10034134     libmwmathutil:libmwmathutil.dll
 0002:00000138       \177libmwmathutil_NULL_THUNK_DATA 10034138     libmwmathutil:libmwmathutil.dll
 0002:0000013c       __imp__mxCreateStructMatrix_730 1003413c     libmx:libmx.dll
 0002:00000140       __imp__mxSetField_730      10034140     libmx:libmx.dll
 0002:00000144       __imp__mxCreateDoubleScalar 10034144     libmx:libmx.dll
 0002:00000148       __imp__mxCreateDoubleMatrix_730 10034148     libmx:libmx.dll
 0002:0000014c       __imp__mxDestroyArray      1003414c     libmx:libmx.dll
 0002:00000150       __imp__mxCreateLogicalScalar 10034150     libmx:libmx.dll
 0002:00000154       __imp__mxIsLogicalScalarTrue 10034154     libmx:libmx.dll
 0002:00000158       __imp__mxGetString_700     10034158     libmx:libmx.dll
 0002:0000015c       __imp__mxCreateStringFromNChars_700 1003415c     libmx:libmx.dll
 0002:00000160       __imp__mxGetElementSize    10034160     libmx:libmx.dll
 0002:00000164       __imp__mxCreateNumericArray_700 10034164     libmx:libmx.dll
 0002:00000168       __imp__mxGetNumberOfDimensions_700 10034168     libmx:libmx.dll
 0002:0000016c       __imp__mxGetDimensions_700 1003416c     libmx:libmx.dll
 0002:00000170       __imp__mxCalcSingleSubscript_700 10034170     libmx:libmx.dll
 0002:00000174       __imp__mxCreateStructArray_700 10034174     libmx:libmx.dll
 0002:00000178       __imp__mxCreateNumericMatrix_700 10034178     libmx:libmx.dll
 0002:0000017c       __imp__mxArrayClassIDName  1003417c     libmx:libmx.dll
 0002:00000180       __imp__mxGetImagData       10034180     libmx:libmx.dll
 0002:00000184       __imp__mxGetData           10034184     libmx:libmx.dll
 0002:00000188       __imp__mxIsNaN             10034188     libmx:libmx.dll
 0002:0000018c       __imp__mxGetFieldNumber    1003418c     libmx:libmx.dll
 0002:00000190       __imp__mxCreateStructMatrix_700 10034190     libmx:libmx.dll
 0002:00000194       __imp__mxGetNumberOfFields 10034194     libmx:libmx.dll
 0002:00000198       __imp__mxGetFieldNameByNumber 10034198     libmx:libmx.dll
 0002:0000019c       __imp__mxGetFieldByNumber_700 1003419c     libmx:libmx.dll
 0002:000001a0       __imp__mxSetFieldByNumber_700 100341a0     libmx:libmx.dll
 0002:000001a4       __imp__mxIsSparse          100341a4     libmx:libmx.dll
 0002:000001a8       __imp__mxGetLogicals       100341a8     libmx:libmx.dll
 0002:000001ac       __imp__mxIsClass           100341ac     libmx:libmx.dll
 0002:000001b0       __imp__mxIsStruct          100341b0     libmx:libmx.dll
 0002:000001b4       __imp__mxGetNumberOfElements 100341b4     libmx:libmx.dll
 0002:000001b8       __imp__mxGetField_700      100341b8     libmx:libmx.dll
 0002:000001bc       __imp__mxAddField          100341bc     libmx:libmx.dll
 0002:000001c0       __imp__mxSetField_700      100341c0     libmx:libmx.dll
 0002:000001c4       __imp__mxGetClassName      100341c4     libmx:libmx.dll
 0002:000001c8       __imp__mxGetCell_700       100341c8     libmx:libmx.dll
 0002:000001cc       __imp__mxSetCell_700       100341cc     libmx:libmx.dll
 0002:000001d0       __imp__mxCreateCellMatrix_700 100341d0     libmx:libmx.dll
 0002:000001d4       __imp__mxArrayToString     100341d4     libmx:libmx.dll
 0002:000001d8       __imp__mxFree              100341d8     libmx:libmx.dll
 0002:000001dc       __imp__mxCreateDoubleMatrix_700 100341dc     libmx:libmx.dll
 0002:000001e0       __imp__mxIsLogical         100341e0     libmx:libmx.dll
 0002:000001e4       __imp__mxGetScalar         100341e4     libmx:libmx.dll
 0002:000001e8       __imp__mxCalloc            100341e8     libmx:libmx.dll
 0002:000001ec       __imp__mxGetM              100341ec     libmx:libmx.dll
 0002:000001f0       __imp__mxGetN              100341f0     libmx:libmx.dll
 0002:000001f4       __imp__mxIsComplex         100341f4     libmx:libmx.dll
 0002:000001f8       __imp__mxIsNumeric         100341f8     libmx:libmx.dll
 0002:000001fc       __imp__mxGetClassID        100341fc     libmx:libmx.dll
 0002:00000200       __imp__mxIsChar            10034200     libmx:libmx.dll
 0002:00000204       __imp__mxGetString_730     10034204     libmx:libmx.dll
 0002:00000208       __imp__mxIsEmpty           10034208     libmx:libmx.dll
 0002:0000020c       __imp__mxDuplicateArray    1003420c     libmx:libmx.dll
 0002:00000210       __imp__mxCreateString      10034210     libmx:libmx.dll
 0002:00000214       __imp__mxGetPr             10034214     libmx:libmx.dll
 0002:00000218       \177libmx_NULL_THUNK_DATA  10034218     libmx:libmx.dll
 0002:0000021c       __imp__utFree              1003421c     libut:libut.dll
 0002:00000220       __imp__utCPUtime           10034220     libut:libut.dll
 0002:00000224       __imp__utVSNprintf         10034224     libut:libut.dll
 0002:00000228       __imp__utMalloc            10034228     libut:libut.dll
 0002:0000022c       \177libut_NULL_THUNK_DATA  1003422c     libut:libut.dll
 0002:00000230       ___xc_a                    10034230     MSVCRT:cinitexe.obj
 0002:00000234       ___xc_z                    10034234     MSVCRT:cinitexe.obj
 0002:00000238       ___xi_a                    10034238     MSVCRT:cinitexe.obj
 0002:00000244       ___xi_z                    10034244     MSVCRT:cinitexe.obj
 0002:00000248       __real@41c7f228e5800000    10034248     c1_HoppingLEGV2.obj
 0002:00000250       __real@41c9bfd67b000000    10034250     c1_HoppingLEGV2.obj
 0002:00000258       __real@41dee6c01ec00000    10034258     c1_HoppingLEGV2.obj
 0002:00000260       __real@41abfb4438000000    10034260     c1_HoppingLEGV2.obj
 0002:00000268       __real@0000000000000000    10034268     c1_HoppingLEGV2.obj
 0002:00000270       __real@4024000000000000    10034270     c1_HoppingLEGV2.obj
 0002:00000278       __real@3ff0000000000000    10034278     c1_HoppingLEGV2.obj
 0002:00000280       __real@41ee2c44b7400000    10034280     c1_HoppingLEGV2.obj
 0002:00000288       __real@41bcca1701000000    10034288     c1_HoppingLEGV2.obj
[...]
 0001:00010040       _size_mismatch_error       10011040 f   sfc_mexmsvc80:sfc_mex.obj
 0001:00010870       _check_array_dimensions    10011870 f   sfc_mexmsvc80:sfc_mex.obj
 0001:000108c0       _check_input_mxarray       100118c0 f   sfc_mexmsvc80:sfc_mex.obj
 0001:00010f60       _sf_numeric_value_to_double 10011f60 f   sfc_mexmsvc80:sfc_mex.obj
 0001:00010fa0       _ml_generic_out_of_bounds_check 10011fa0 f   sfc_mexmsvc80:sfc_mex.obj
 0001:00011130       _ml_get_element_value_from_array 10012130 f   sfc_mexmsvc80:sfc_mex.obj
 0001:00011600       __ml_generic_castability_check 10012600 f   sfc_mexmsvc80:sfc_mex.obj
 0001:00011e90       _ml_generic_castability_check 10012e90 f   sfc_mexmsvc80:sfc_mex.obj
 0001:00011ef0       _ml_check_mx_array_for_single_castability 10012ef0 f   sfc_mexmsvc80:sfc_mex.obj
 0001:00011f60       _ml_check_mx_array_for_logical_castability 10012f60 f   sfc_mexmsvc80:sfc_mex.obj
 0001:00011fc0       _ml_check_mx_array_for_int8_castability 10012fc0 f   sfc_mexmsvc80:sfc_mex.obj
 0001:00012050       _ml_check_mx_array_for_uint8_castability 10013050 f   sfc_mexmsvc80:sfc_mex.obj
 0001:000120c0       _ml_check_mx_array_for_int16_castability 100130c0 f   sfc_mexmsvc80:sfc_mex.obj
 0001:00012130       _ml_check_mx_array_for_uint16_castability 10013130 f   sfc_mexmsvc80:sfc_mex.obj
 0001:000121a0       _ml_check_mx_array_for_int32_castability 100131a0 f   sfc_mexmsvc80:sfc_mex.obj
 0001:00012210       _ml_check_mx_array_for_uint32_castability 10013210 f   sfc_mexmsvc80:sfc_mex.obj
 0001:00012280       _ml_check_mx_array_for_castability 10013280 f   sfc_mexmsvc80:sfc_mex.obj
 0001:00012900       _set_data_value            10013900 f   sfc_mexmsvc80:sfc_mex.obj
 0001:00012dd0       _get_data_value            10013dd0 f   sfc_mexmsvc80:sfc_mex.obj
 0001:00012ed0       _get_next_element_address  10013ed0 f   sfc_mexmsvc80:sfc_mex.obj
 0001:00012f70       _sf_normalize_index        10013f70 f   sfc_mexmsvc80:sfc_mex.obj
 0001:00013200       _ml_array_index_bound_check 10014200 f   sfc_mexmsvc80:sfc_mex.obj
 0001:00013ad0       _mx_value                  10014ad0 f   sfc_mexmsvc80:sfc_mex.obj
 0001:00013b20       _sf_create_numeric_array   10014b20 f   sfc_mexmsvc80:sfc_mex.obj
 0001:00013ba0       _sf_mex_assign_to_mx_array 10014ba0 f   sfc_mexmsvc80:sfc_mex.obj
 0001:00013e00       _assign_from_mx_array      10014e00 f   sfc_mexmsvc80:sfc_mex.obj
 0001:000145c0       _sf_mex_import_v           100155c0 f   sfc_mexmsvc80:sfc_mex.obj
 0001:00014940       _get_machine_and_chart_file_number 10015940 f   sfc_mexmsvc80:sfc_sf.obj
 0001:00014a00       _get_sfun_block_specialization 10015a00 f   sfc_mexmsvc80:sfc_sf.obj
 0001:00014a60       _call_sf_machine_global_method_dispatcher 10015a60 f   sfc_mexmsvc80:sfc_sf.obj
 0001:00014c10       _mdl_zeroCrossings_processing 10015c10 f   sfc_mexmsvc80:sfc_sf.obj
 0001:00014cc0       _mdl_derivatives_processing 10015cc0 f   sfc_mexmsvc80:sfc_sf.obj
 0001:00014f40       _mdl_outputs_continuous_legacy 10015f40 f   sfc_mexmsvc80:sfc_sf.obj
 0001:00014fc0       _mdl_outputs_processing    10015fc0 f   sfc_mexmsvc80:sfc_sf.obj
 0001:00015200       _mdl_enable_processing     10016200 f   sfc_mexmsvc80:sfc_sf.obj
 0001:000152b0       _mdl_disable_processing    100162b0 f   sfc_mexmsvc80:sfc_sf.obj
 0001:00015980       _write_symbol_mapping      10016980 f   sfc_mexmsvc80:sfc_sf.obj
 0001:00015fb0       _sf_call_output_fcn_enable_disable 10016fb0 f   sfc_mexmsvc80:sfc_sf.obj
 0001:000161d0       _set_dwork_information_from_mx_array 100171d0 f   sfc_mexmsvc80:sfc_sf.obj
 0001:00016ad0       _ptr2mxStruct              10017ad0 f   sfc_mexmsvc80:sfc_sf.obj
 0001:00016cf0       _SNPRINTF_WRAPPER          10017cf0 f   sfc_debugmsvc80:sfcdebug.obj
 0001:00016d10       _sf_debug_chart_instance_initialized_quick 10017d10 f   sfc_debugmsvc80:sfcdebug.obj
 0001:00016d20       _sf_debug_chart_instance_initialized 10017d20 f   sfc_debugmsvc80:sfcdebug.obj
 0001:00016ea0       _sfrtAddSize               10017ea0 f   sfc_debugmsvc80:sfcdebug.obj
 0001:00016f50       _sfrtGenSizeString         10017f50 f   sfc_debugmsvc80:sfcdebug.obj
 0001:000173d0       _sf_debug_sim_status_listener 100183d0 f   sfc_debugmsvc80:sfcdebug.obj
 0001:00017840       _sf_debug_form_mask_bits   10018840 f   sfc_debugmsvc80:sfcdebug.obj
 0001:00017880       _sf_debug_form_sf_data_type_offsets 10018880 f   sfc_debugmsvc80:sfcdebug.obj
 0001:00017910       _sf_debug_free_all         10018910 f   sfc_debugmsvc80:sfcdebug.obj
 0001:00017a90       _sf_debug_append_debugger_context 10018a90 f   sfc_debugmsvc80:sfcdebug.obj
 0001:00017d70       _local_strdup              10018d70 f   sfc_debugmsvc80:sfcdebug.obj
 0001:000189d0       _sf_debug_em_terminate     100199d0 f   sfc_debugmsvc80:sfcdebug.obj
 0001:00018a10       _sf_debug_push_eml_function 10019a10 f   sfc_debugmsvc80:sfcdebug.obj
 0001:00018aa0       _sf_debug_pop_eml_function 10019aa0 f   sfc_debugmsvc80:sfcdebug.obj
 0001:00019380       _sf_debug_get_machine_number_from_id_or_name 1001a380 f   sfc_debugmsvc80:sfcdebug.obj
 0001:000194e0       _sf_debug_get_chart_number_from_id 1001a4e0 f   sfc_debugmsvc80:sfcdebug.obj
 0001:00019e00       _sf_debug_transfer_control_to_debugger_GUI 1001ae00 f   sfc_debugmsvc80:sfcdebug.obj
 0001:0001ab70       _sf_debug_scripts_rehash   1001bb70 f   sfc_debugmsvc80:sfcdebug.obj
 0001:0001ad20       _sf_debug_get_script_line_count 1001bd20 f   sfc_debugmsvc80:sfcdebug.obj
 0001:0001b1c0       _cv_eml_state_cvId         1001c1c0 f   sfc_debugmsvc80:sfcdebug.obj
 0001:0001be80       _sf_debug_data_array_bounds_error 1001ce80 f   sfc_debugmsvc80:sfcdebug.obj
 0001:0001c190       _eml_debug_runtime_error_doclink 1001d190 f   sfc_debugmsvc80:sfcdebug.obj
 0001:0001c2d0       _sf_debug_runtime_error    1001d2d0 f   sfc_debugmsvc80:sfcdebug.obj
 0001:0001c320       _sf_debug_matlab_error     1001d320 f   sfc_debugmsvc80:sfcdebug.obj
 0001:0001c830       _sf_debug_data_value_error 1001d830 f   sfc_debugmsvc80:sfcdebug.obj
 0001:0001ce30       _sf_debug_data_loss_error  1001de30 f   sfc_debugmsvc80:sfcdebug.obj
 0001:0001d6f0       _call_cv_range_check       1001e6f0 f   sfc_debugmsvc80:sfcdebug.obj
 0001:0001dc60       _sf_debug_invoke_cycle_detection_code 1001ec60 f   sfc_debugmsvc80:sfcdebug.obj
 0001:0001e620       _sf_reset_debug_info_struct 1001f620 f   sfc_debugmsvc80:sfcdebug.obj
 0001:0001ecf0       _cv_script_cvId            1001fcf0 f   sfc_debugmsvc80:sfcdebug.obj
 0001:0001f4e0       _sfc_api_chart_visible     100204e0 f   sfc_debugmsvc80:sfc_api.obj
 0001:0001f590       _sfc_api_active_instance   10020590 f   sfc_debugmsvc80:sfc_api.obj
 0001:0001f630       _sfc_api_machine_load      10020630 f   sfc_debugmsvc80:sfc_api.obj
 0001:0001f730       _sfc_api_debugger_alive    10020730 f   sfc_debugmsvc80:sfc_api.obj
 0001:0001f740       _sfc_api_go                10020740 f   sfc_debugmsvc80:sfc_api.obj
 0001:0001f750       _sfc_api_step_over         10020750 f   sfc_debugmsvc80:sfc_api.obj
 0001:0001f760       _sfc_api_step_out          10020760 f   sfc_debugmsvc80:sfc_api.obj
 0001:0001f770       _sfc_api_resume            10020770 f   sfc_debugmsvc80:sfc_api.obj
 0001:0001f780       _sfc_api_break             10020780 f   sfc_debugmsvc80:sfc_api.obj
 0001:0001f790       _sfc_api_stop_debugging    10020790 f   sfc_debugmsvc80:sfc_api.obj
 0001:0001f7e0       _sfc_api_is_cycle_detected 100207e0 f   sfc_debugmsvc80:sfc_api.obj
 0001:0001f830       _sfc_api_is_array_bounds_detected 10020830 f   sfc_debugmsvc80:sfc_api.obj
 0001:0001f880       _sfc_api_set_disable_all_breakpoints 10020880 f   sfc_debugmsvc80:sfc_api.obj
 0001:0001f910       _sfc_api_disable_all_breakpoints_and_go 10020910 f   sfc_debugmsvc80:sfc_api.obj
 0001:0001f920       _sfc_api_close             10020920 f   sfc_debugmsvc80:sfc_api.obj
 0001:0001f930       _sfc_api_browse_data       10020930 f   sfc_debugmsvc80:sfc_api.obj
 0001:0001f9b0       _sfc_api_watch_data        100209b0 f   sfc_debugmsvc80:sfc_api.obj
 0001:0001fa30       _sfc_api_assign_data       10020a30 f   sfc_debugmsvc80:sfc_api.obj
 0001:0001fab0       _sfc_api_whos              10020ab0 f   sfc_debugmsvc80:sfc_api.obj
 0001:0001fb40       _sfc_api_get_consistency_info 10020b40 f   sfc_debugmsvc80:sfc_api.obj
 0001:0001fb60       _sfc_api_browse_trace      10020b60 f   sfc_debugmsvc80:sfc_api.obj
 0001:0001fb80       _sfc_api_break_on_chart_entry 10020b80 f   sfc_debugmsvc80:sfc_api.obj
 0001:0001fbc0       _sfc_api_break_on_event_broadcast 10020bc0 f   sfc_debugmsvc80:sfc_api.obj
 0001:0001fc00       _sfc_api_break_on_state_entry 10020c00 f   sfc_debugmsvc80:sfc_api.obj
 0001:0001fc40       _sfc_api_set_watch         10020c40 f   sfc_debugmsvc80:sfc_api.obj
 0001:0001fd20       _sfc_api_set_breakpoints   10020d20 f   sfc_debugmsvc80:sfc_api.obj
 0001:0001fe00       _sfc_api_set_eml_breakpoints 10020e00 f   sfc_debugmsvc80:sfc_api.obj
 0001:0001feb0       _sfc_api_set_script_breakpoints 10020eb0 f   sfc_debugmsvc80:sfc_api.obj
 0001:0001ff10       _sfc_api_add_script_breakpoints 10020f10 f   sfc_debugmsvc80:sfc_api.obj
 0001:0001ff70       _sfc_api_clear_script_breakpoints 10020f70 f   sfc_debugmsvc80:sfc_api.obj
 0001:0001ffd0       _sfc_api_query_script_breakpoints 10020fd0 f   sfc_debugmsvc80:sfc_api.obj
 0001:00020040       _sfc_api_get_script_id     10021040 f   sfc_debugmsvc80:sfc_api.obj
 0001:000200e0       _sfc_api_get_active_states 100210e0 f   sfc_debugmsvc80:sfc_api.obj
 0001:00020150       _sfc_api_break_between_times 10021150 f   sfc_debugmsvc80:sfc_api.obj
 0001:000201b0       _sfc_api_get_instance_handle 100211b0 f   sfc_debugmsvc80:sfc_api.obj
 0001:00020290       _sfc_api_get_coverage      10021290 f   sfc_debugmsvc80:sfc_api.obj
 0001:00020300       _sfc_api_set_animation     10021300 f   sfc_debugmsvc80:sfc_api.obj
 0001:00020360       _sfc_api_select_chart      10021360 f   sfc_debugmsvc80:sfc_api.obj
 0001:000203f0       _sfc_api_select_charts     100213f0 f   sfc_debugmsvc80:sfc_api.obj
 0001:00020420       _sfc_api_cycle_detection_check 10021420 f   sfc_debugmsvc80:sfc_api.obj
 0001:00020480       _sfc_api_data_range_check  10021480 f   sfc_debugmsvc80:sfc_api.obj
 0001:000204e0       _sfc_api_transition_conflict_check 100214e0 f   sfc_debugmsvc80:sfc_api.obj
 0001:00020540       _sfc_api_state_consistency_check 10021540 f   sfc_debugmsvc80:sfc_api.obj
 0001:000205a0       _sfc_api_set_instance_cv_ids 100215a0 f   sfc_debugmsvc80:sfc_api.obj
 0001:000206d0       _sfc_api_set_script_cv_ids 100216d0 f   sfc_debugmsvc80:sfc_api.obj
 0001:00020770       _sfc_api_get_current_machine_id 10021770 f   sfc_debugmsvc80:sfc_api.obj
 0001:000207a0       _sfc_api_get_current_machine_number 100217a0 f   sfc_debugmsvc80:sfc_api.obj
 0001:000207d0       _sfc_api_get_current_chart_number 100217d0 f   sfc_debugmsvc80:sfc_api.obj
 0001:00020800       _sfc_api_get_current_instance_number 10021800 f   sfc_debugmsvc80:sfc_api.obj
 0001:00020830       _sfc_api_get_current_instance_handle 10021830 f   sfc_debugmsvc80:sfc_api.obj
 0001:00020850       _sfc_api_get_current_is_minor_time_step 10021850 f   sfc_debugmsvc80:sfc_api.obj
 0001:00020880       _sfc_api_get_current_machine_name 10021880 f   sfc_debugmsvc80:sfc_api.obj
 0001:000208a0       _sfc_api_get_current_chart_id 100218a0 f   sfc_debugmsvc80:sfc_api.obj
 0001:000208d0       _sfc_api_get_current_object_type 100218d0 f   sfc_debugmsvc80:sfc_api.obj
 0001:00020900       _sfc_api_get_current_event_type 10021900 f   sfc_debugmsvc80:sfc_api.obj
 0001:00020930       _sfc_api_get_current_object_id 10021930 f   sfc_debugmsvc80:sfc_api.obj
 0001:00020960       _sfc_get_current_active_event_type 10021960 f   sfc_debugmsvc80:sfc_api.obj
 0001:00020990       _sfc_api_get_current_active_event_id 10021990 f   sfc_debugmsvc80:sfc_api.obj
 0001:000209c0       _sfc_api_get_current_simulation_time 100219c0 f   sfc_debugmsvc80:sfc_api.obj
 0001:000209e0       _sfc_get_current_tag_type  100219e0 f   sfc_debugmsvc80:sfc_api.obj
 0001:00020a10       _sfc_get_current_coverage_percentage 10021a10 f   sfc_debugmsvc80:sfc_api.obj
 0001:00020a30       _sfc_get_current_statement_context 10021a30 f   sfc_debugmsvc80:sfc_api.obj
 0001:00020a50       _sfc_get_current_optional_integer 10021a50 f   sfc_debugmsvc80:sfc_api.obj
 0001:00020a80       _sfc_get_current_statement_info 10021a80 f   sfc_debugmsvc80:sfc_api.obj
 0001:00020b20       _sfc_api_get               10021b20 f   sfc_debugmsvc80:sfc_api.obj
 0001:00020c20       _sf_debug_sm_is_using_unified_editors 10021c20 f   sfc_debugmsvc80:sfdb_animation.obj
 0001:00020ca0       _sf_debug_sm_is_chart_visible_in_unified_editors 10021ca0 f   sfc_debugmsvc80:sfdb_animation.obj
 0001:00020d40       _sf_debug_sm_check_if_chart_is_visible 10021d40 f   sfc_debugmsvc80:sfdb_animation.obj
 0001:00021660       _sf_debug_sm_fill_state_activity_data 10022660 f   sfc_debugmsvc80:sfdb_animation.obj
 0001:000235c0       _sf_debug_hm_get_simulink_handle 100245c0 f   sfc_debugmsvc80:sfdb_handle_management.obj
 0001:00023f80       _sf_debug_hm_initialize_globals 10024f80 f   sfc_debugmsvc80:sfdb_handle_management.obj
 0001:00024070       _sf_debug_hm_get_machine_debug_flag 10025070 f   sfc_debugmsvc80:sfdb_handle_management.obj
 0001:000241c0       _sf_debug_hm_get_machine_id 100251c0 f   sfc_debugmsvc80:sfdb_handle_management.obj
 0001:000242d0       _sf_debug_hm_get_chart_id  100252d0 f   sfc_debugmsvc80:sfdb_handle_management.obj
 0001:00024440       _sf_debug_hm_register_executing_SFunction 10025440 f   sfc_debugmsvc80:sfdb_handle_management.obj
 0001:00024590       _sf_debug_hm_get_chart_active_instance 10025590 f   sfc_debugmsvc80:sfdb_handle_management.obj
 0001:000246c0       _sf_debug_hm_get_chart_visibility 100256c0 f   sfc_debugmsvc80:sfdb_handle_management.obj
 0001:00024800       _sf_debug_hm_form_object_boolean_properties 10025800 f   sfc_debugmsvc80:sfdb_handle_management.obj
 0001:00024a70       _sf_debug_hm_form_object_properties 10025a70 f   sfc_debugmsvc80:sfdb_handle_management.obj
 0001:00024c70       _sf_debug_hm_terminate_charts 10025c70 f   sfc_debugmsvc80:sfdb_handle_management.obj
 0001:00025280       _sf_debug_hm_terminate_machines 10026280 f   sfc_debugmsvc80:sfdb_handle_management.obj
 0001:00026850       _void_ptr_stack_vector_free_total 10027850 f   sfc_debugmsvc80:sfdb_data_browse.obj
 0001:000268b0       _sf_debug_st_terminate_machine 100278b0 f   sfc_debugmsvc80:sfdb_data_browse.obj
 0001:000268e0       _sf_debug_st_terminate_instance 100278e0 f   sfc_debugmsvc80:sfdb_data_browse.obj
 0001:00026a60       _push_on_to_void_ptr_stack 10027a60 f   sfc_debugmsvc80:sfdb_data_browse.obj
 0001:00026b90       _pop_from_void_ptr_stack   10027b90 f   sfc_debugmsvc80:sfdb_data_browse.obj
 0001:00026c90       _sf_debug_st_get_data_value 10027c90 f   sfc_debugmsvc80:sfdb_data_browse.obj
 0001:00027130       _mx_value                  10028130 f   sfc_debugmsvc80:sfdb_data_browse.obj
 0001:00027160       _sf_debug_st_fill_data_struct 10028160 f   sfc_debugmsvc80:sfdb_data_browse.obj
 0001:00027430       _data_type_format_strings  10028430 f   sfc_debugmsvc80:sfdb_data_browse.obj
 0001:000274a0       _sf_debug_st_fill_data     100284a0 f   sfc_debugmsvc80:sfdb_data_browse.obj
 0001:00028260       _sf_debug_ss_copy_dimension 10029260 f   sfc_debugmsvc80:sfdb_symbol_scope.obj
 0001:000282d0       _sf_debug_ss_get_number_elements 100292d0 f   sfc_debugmsvc80:sfdb_symbol_scope.obj
 0001:000282f0       _sf_debug_ss_fill_data_struct 100292f0 f   sfc_debugmsvc80:sfdb_symbol_scope.obj
 0001:000284e0       _sf_debug_ss_reset_data_info 100294e0 f   sfc_debugmsvc80:sfdb_symbol_scope.obj
 0001:00028530       _sf_debug_fill_data_info_by_symbol_scope_entry 10029530 f   sfc_debugmsvc80:sfdb_symbol_scope.obj
 0001:000285e0       _sf_debug_fill_data_info_by_data_vector 100295e0 f   sfc_debugmsvc80:sfdb_symbol_scope.obj
 0001:000287a0       _sf_debug_ss_get_data_info 100297a0 f   sfc_debugmsvc80:sfdb_symbol_scope.obj
 0001:000289e0       _sf_debug_select_mex_function 100299e0 f   sfc_debugmsvc80:sfdb_symbol_scope.obj
 0001:00028a10       _sf_debug_is_dyn_matrix_initialized 10029a10 f   sfc_debugmsvc80:sfdb_symbol_scope.obj
 0001:00028a30       _sf_debug_ss_set_data_value_try 10029a30 f   sfc_debugmsvc80:sfdb_symbol_scope.obj
 0001:00028b60       _sf_debug_ss_get_data_value 10029b60 f   sfc_debugmsvc80:sfdb_symbol_scope.obj
 0001:00028f40       _sf_debug_ss_data_bytes_string 10029f40 f   sfc_debugmsvc80:sfdb_symbol_scope.obj
 0001:00028fb0       _sf_debug_ss_data_class_string 10029fb0 f   sfc_debugmsvc80:sfdb_symbol_scope.obj
 0001:00029300       _sf_debug_ss_data_size_string 1002a300 f   sfc_debugmsvc80:sfdb_symbol_scope.obj
 0001:000293c0       _sf_debug_ss_data_create_data_info_struct 1002a3c0 f   sfc_debugmsvc80:sfdb_symbol_scope.obj
 0001:00029620       _sf_debug_ss_data_create_name_value_pair 1002a620 f   sfc_debugmsvc80:sfdb_symbol_scope.obj
 0001:00029680       _sf_debug_ss_data_get_whos_info 1002a680 f   sfc_debugmsvc80:sfdb_symbol_scope.obj
 0001:000296b0       _same_named_data_in_data_array 1002a6b0 f   sfc_debugmsvc80:sfdb_symbol_scope.obj
 0001:0002abd0       _sf_debug_cc_terminate_chart 1002bbd0 f   sfc_debugmsvc80:sfdb_coverage.obj
 0001:0002aeb0       _sf_debug_cc_terminate_instance 1002beb0 f   sfc_debugmsvc80:sfdb_coverage.obj
 0001:0002b8c0       _sf_debug_cc_mark_object_if_needed 1002c8c0 f   sfc_debugmsvc80:sfdb_coverage.obj
 0001:0002bc10       _sf_debug_cc_fill_transition_coverage_data 1002cc10 f   sfc_debugmsvc80:sfdb_coverage.obj
 0001:0002bd40       _sf_debug_cc_fill_transition_coverage_map 1002cd40 f   sfc_debugmsvc80:sfdb_coverage.obj
 0001:0002bf20       _sf_debug_cc_fill_state_coverage_map 1002cf20 f   sfc_debugmsvc80:sfdb_coverage.obj
 0001:0002c0c0       _sf_debug_cc_fill_state_coverage_data 1002d0c0 f   sfc_debugmsvc80:sfdb_coverage.obj
 0001:0002ca70       _sf_debug_bm_initialize_eml 1002da70 f   sfc_debugmsvc80:sfdb_breakpoints.obj
 0001:0002da50       _sf_debug_bm_map_debug_tag_to_breakpoint_tag 1002ea50 f   sfc_debugmsvc80:sfdb_breakpoints.obj
 0001:0002daf0       _sf_debug_bm_is_a_eml_breakpoint_impl 1002eaf0 f   sfc_debugmsvc80:sfdb_breakpoints.obj
 0001:0002f090       _sf_debug_sc_push_on_error_stack 10030090 f   sfc_debugmsvc80:sfdb_state_consistency.obj
 0001:0002f1a0       _sf_debug_sc_reset_error_stack 100301a0 f   sfc_debugmsvc80:sfdb_state_consistency.obj
 0001:0002f2f0       _sf_debug_sc_is_state_inconsistent 100302f0 f   sfc_debugmsvc80:sfdb_state_consistency.obj
 0001:0002f510       _sf_debug_sc_fill_consistency_info 10030510 f   sfc_debugmsvc80:sfdb_state_consistency.obj
 0001:0002f990       _void_assertion_fcn        10030990 f   sfc_debugmsvc80:sfdb_call_stack.obj
 0001:0002fe80       _sf_debug_tm_fill_local_trace 10030e80 f   sfc_debugmsvc80:sfdb_call_stack.obj
 0001:00030300       _sf_debug_cd_terminate_instance 10031300 f   sfc_debugmsvc80:sfdb_cycle_detection.obj
 0001:00030360       _sf_debug_cd_free_checksum_stack 10031360 f   sfc_debugmsvc80:sfdb_cycle_detection.obj
 0001:00030390       _sf_debug_cd_reset_pack_strings 10031390 f   sfc_debugmsvc80:sfdb_cycle_detection.obj
 0001:000309e0       _md5file_clear             100319e0 f   sfc_debugmsvc80:ckmd5.obj
 0001:00030a10       _Encode                    10031a10 f   sfc_debugmsvc80:ckmd5.obj
 0001:00030a50       _Decode                    10031a50 f   sfc_debugmsvc80:ckmd5.obj
 0001:00030ad0       _MD5Transform              10031ad0 f   sfc_debugmsvc80:ckmd5.obj
 0001:00031190       _md5file_addn              10032190 f   sfc_debugmsvc80:ckmd5.obj
 0001:00031240       _md5file_hash              10032240 f   sfc_debugmsvc80:ckmd5.obj
 0001:000316c9       _pre_c_init                100326c9 f   MSVCRT:crtdll.obj
 0001:0003193e       ___DllMainCRTStartup       1003293e f   MSVCRT:crtdll.obj
 0001:00031be2       _has_osfxsr_set            10032be2 f   MSVCRT:cpu_disp.obj
