 HoppingLEGSimple_sfun

 Timestamp is 50ae1d4a (Thu Nov 22 13:40:42 2012)

 Preferred load address is 10000000

 Start         Length     Name                   Class
 0001:00000000 0002ada8H .text                   CODE
 0002:00000000 00000224H .idata$5                DATA
 0002:00000224 00000004H .CRT$XCA                DATA
 0002:00000228 00000004H .CRT$XCZ                DATA
 0002:0000022c 00000004H .CRT$XIA                DATA
 0002:00000230 00000004H .CRT$XIAA               DATA
 0002:00000234 00000004H .CRT$XIC                DATA
 0002:00000238 00000004H .CRT$XIZ                DATA
 0002:00000240 00004518H .rdata                  DATA
 0002:00004760 00000004H .rdata$sxdata           DATA
 0002:00004764 00000004H .rtc$IAA                DATA
 0002:00004768 00000004H .rtc$IZZ                DATA
 0002:0000476c 00000004H .rtc$TAA                DATA
 0002:00004770 00000004H .rtc$TZZ                DATA
 0002:00004778 00000084H .xdata$x                DATA
 0002:000047fc 0000008cH .idata$2                DATA
 0002:00004888 00000014H .idata$3                DATA
 0002:0000489c 00000224H .idata$4                DATA
 0002:00004ac0 000009caH .idata$6                DATA
 0002:00005490 0000005bH .edata                  DATA
 0003:00000000 00001518H .data                   DATA
 0003:00001520 0000232cH .bss                    DATA

  Address         Publics by Value              Rva+Base       Lib:Object

 0000:00000000       __except_list              00000000     <absolute>
 0000:00000001       ___safe_se_handler_count   00000001     <absolute>
 0000:00009876       __fltused                  00009876     <absolute>
 0000:00009876       __ldused                   00009876     <absolute>
 0000:00000000       ___ImageBase               10000000     <linker-defined>
 0001:00000000       _sf_c1_HoppingLEGSimple_get_eml_resolved_functions_info 10001000 f   c1_HoppingLEGSimple.obj
 0001:00000050       _sf_c1_HoppingLEGSimple_get_check_sum 10001050 f   c1_HoppingLEGSimple.obj
 0001:000000b0       _sf_c1_HoppingLEGSimple_get_autoinheritance_info 100010b0 f   c1_HoppingLEGSimple.obj
 0001:000004f0       _sf_internal_get_sim_state_c1_HoppingLEGSimple 100014f0 f   c1_HoppingLEGSimple.obj
 0001:000008d0       _sf_internal_set_sim_state_c1_HoppingLEGSimple 100018d0 f   c1_HoppingLEGSimple.obj
 0001:00000f00       _c1_HoppingLEGSimple_method_dispatcher 10001f00 f   c1_HoppingLEGSimple.obj
 0001:00002b20       _sf_process_check_sum_call 10003b20 f   HoppingLEGSimple_sfun_registry.obj
 0001:00002b50       _sf_process_autoinheritance_call 10003b50 f   HoppingLEGSimple_sfun_registry.obj
 0001:00002c70       _sf_process_get_eml_resolved_functions_info_call 10003c70 f   HoppingLEGSimple_sfun_registry.obj
 0001:00002d90       _sf_mex_unlock_call        10003d90 f   HoppingLEGSimple_sfun_registry.obj
 0001:00002e20       _sf_machine_global_initializer_called 10003e20 f   HoppingLEGSimple_sfun_registry.obj
 0001:00002e40       _sf_machine_global_method_dispatcher 10003e40 f   HoppingLEGSimple_sfun_registry.obj
 0001:00002e80       _sf_machine_global_terminator 10003e80 f   HoppingLEGSimple_sfun_registry.obj
 0001:00002eb0       _sf_register_machine_exported_symbols 10003eb0 f   HoppingLEGSimple_sfun_registry.obj
 0001:00002ed0       _callCustomFcn             10003ed0 f   HoppingLEGSimple_sfun_registry.obj
 0001:00002ee0       _sf_machine_global_initializer 10003ee0 f   HoppingLEGSimple_sfun_registry.obj
 0001:00002f40       __ssSetStateAbsTol         10003f40 f   HoppingLEGSimple_sfun_registry.obj
 0001:00002fe0       __ssGetAbsTol              10003fe0 f   HoppingLEGSimple_sfun_registry.obj
 0001:00003030       __ssSetInputPortMatrixDimensions 10004030 f   HoppingLEGSimple_sfun_registry.obj
 0001:000030e0       __ssSetOutputPortMatrixDimensions 100040e0 f   HoppingLEGSimple_sfun_registry.obj
 0001:00003190       __ssSetInputPortVectorDimension 10004190 f   HoppingLEGSimple_sfun_registry.obj
 0001:00003210       __ssSetOutputPortVectorDimension 10004210 f   HoppingLEGSimple_sfun_registry.obj
 0001:00003290       _ssIsRunTimeParamTunable   10004290 f   HoppingLEGSimple_sfun_registry.obj
 0001:000032f0       _ssGetSFuncBlockHandle     100042f0 f   HoppingLEGSimple_sfun_registry.obj
 0001:00003340       __ssGetCurrentInputPortWidth 10004340 f   HoppingLEGSimple_sfun_registry.obj
 0001:00003410       __ssGetCurrentOutputPortWidth 10004410 f   HoppingLEGSimple_sfun_registry.obj
 0001:000034e0       __ssGetCallSystemNumFcnCallDestinations 100044e0 f   HoppingLEGSimple_sfun_registry.obj
 0001:00003540       _ssWarning                 10004540 f   HoppingLEGSimple_sfun_registry.obj
 0001:00003620       _ssGetIsZeroCrossControlDisabled 10004620 f   HoppingLEGSimple_sfun_registry.obj
 0001:00003680       _ssSetIsInputPortUsedForContZcSignal 10004680 f   HoppingLEGSimple_sfun_registry.obj
 0001:000036d0       _ssSetZcSignalIsZcElementDisc 100046d0 f   HoppingLEGSimple_sfun_registry.obj
 0001:00003730       _ssSetZcSignalName         10004730 f   HoppingLEGSimple_sfun_registry.obj
 0001:00003780       _ssSetZcSignalWidth        10004780 f   HoppingLEGSimple_sfun_registry.obj
 0001:000037d0       _ssSetZcSignalZcEventType  100047d0 f   HoppingLEGSimple_sfun_registry.obj
 0001:00003820       _ssSetZcSignalType         10004820 f   HoppingLEGSimple_sfun_registry.obj
 0001:00003870       _ssSetZcSignalZcTol        10004870 f   HoppingLEGSimple_sfun_registry.obj
 0001:000038c0       _ssSetZcSignalNeedsEventNotification 100048c0 f   HoppingLEGSimple_sfun_registry.obj
 0001:00003910       _ssCreateAndAddZcSignalInfo 10004910 f   HoppingLEGSimple_sfun_registry.obj
 0001:00003970       _ssCloneAndAddZcSignalInfo 10004970 f   HoppingLEGSimple_sfun_registry.obj
 0001:000039d0       _ssGetNumZcSignals         100049d0 f   HoppingLEGSimple_sfun_registry.obj
 0001:00003a30       _ssGetZcSignalVector       10004a30 f   HoppingLEGSimple_sfun_registry.obj
 0001:00003a90       _ssGetZcSignalZcEvents     10004a90 f   HoppingLEGSimple_sfun_registry.obj
 0001:00003af0       _ssGetZcSignalName         10004af0 f   HoppingLEGSimple_sfun_registry.obj
 0001:00003b50       _ssGetZcSignalWidth        10004b50 f   HoppingLEGSimple_sfun_registry.obj
 0001:00003bb0       _ssGetZcSignalZcEventType  10004bb0 f   HoppingLEGSimple_sfun_registry.obj
 0001:00003c10       _ssGetZcSignalType         10004c10 f   HoppingLEGSimple_sfun_registry.obj
 0001:00003c70       _ssGetZcSignalZcTol        10004c70 f   HoppingLEGSimple_sfun_registry.obj
 0001:00003cd0       _ssGetZcSignalNeedsEventNotification 10004cd0 f   HoppingLEGSimple_sfun_registry.obj
 0001:00003d30       _ssGetZcSignalIsZcElementDisc 10004d30 f   HoppingLEGSimple_sfun_registry.obj
 0001:00003d90       _ssGetIsInputPortElementContinuous 10004d90 f   HoppingLEGSimple_sfun_registry.obj
 0001:00003df0       __ssGetInputPortSignalPtrsFcn 10004df0 f   HoppingLEGSimple_sfun_registry.obj
 0001:00003ff0       __ssGetInputPortSignalFcn  10004ff0 f   HoppingLEGSimple_sfun_registry.obj
 0001:00004180       __ssSetInputPortDirectFeedThroughFcn 10005180 f   HoppingLEGSimple_sfun_registry.obj
 0001:000042b0       __ssSetInputPortReusableFcn 100052b0 f   HoppingLEGSimple_sfun_registry.obj
 0001:00004340       __ssSetOutputPortReusableFcn 10005340 f   HoppingLEGSimple_sfun_registry.obj
 0001:000043d0       _ssGetDTypeIdFromMxArray   100053d0 f   HoppingLEGSimple_sfun_registry.obj
 0001:000044c0       _ssWriteRTWStr             100054c0 f   HoppingLEGSimple_sfun_registry.obj
 0001:00004500       _ssWriteRTWMxVectParam     10005500 f   HoppingLEGSimple_sfun_registry.obj
 0001:00004540       _ssWriteRTWMx2dMatParam    10005540 f   HoppingLEGSimple_sfun_registry.obj
 0001:00004580       _ssWriteRTWNameValuePair   10005580 f   HoppingLEGSimple_sfun_registry.obj
 0001:000048f0       _ssWriteRTWParameters      100058f0 f   HoppingLEGSimple_sfun_registry.obj
 0001:00004c90       _ssWriteRTWParamSettings   10005c90 f   HoppingLEGSimple_sfun_registry.obj
 0001:00005140       _ssWriteRTWWorkVect        10006140 f   HoppingLEGSimple_sfun_registry.obj
 0001:000054d0       _mexFunction               100064d0 f   HoppingLEGSimple_sfun_registry.obj
 0001:00006ba0       _ProcessMexSfunctionEveryCall 10007ba0 f   HoppingLEGSimple_sfun_registry.obj
 0001:00006cb0       _HoppingLEGSimple_initializer 10007cb0 f   HoppingLEGSimple_sfun.obj
 0001:00006cc0       _HoppingLEGSimple_terminator 10007cc0 f   HoppingLEGSimple_sfun.obj
 0001:00006cd0       _sf_HoppingLEGSimple_method_dispatcher 10007cd0 f   HoppingLEGSimple_sfun.obj
 0001:00006d00       _sf_HoppingLEGSimple_process_check_sum_call 10007d00 f   HoppingLEGSimple_sfun.obj
 0001:000070b0       _sf_HoppingLEGSimple_autoinheritance_info 100080b0 f   HoppingLEGSimple_sfun.obj
 0001:00007180       _sf_HoppingLEGSimple_get_eml_resolved_functions_info 10008180 f   HoppingLEGSimple_sfun.obj
 0001:00007270       _HoppingLEGSimple_debug_initialize 10008270 f   HoppingLEGSimple_sfun.obj
 0001:000072c0       _HoppingLEGSimple_register_exported_symbols 100082c0 f   HoppingLEGSimple_sfun.obj
 0001:00007330       _sf_mex_mx_is_numeric      10008330 f   sfc_mexmsvc80:sfc_mex.obj
 0001:00007370       _strcmp_ignore_ws          10008370 f   sfc_mexmsvc80:sfc_mex.obj
 0001:00007490       _sf_mex_duplicatearraysafe 10008490 f   sfc_mexmsvc80:sfc_mex.obj
 0001:00007670       _sf_set_error_debugger_context_message_fcn 10008670 f   sfc_mexmsvc80:sfc_mex.obj
 0001:00007680       _sf_set_debugger_matlab_error_fcn 10008680 f   sfc_mexmsvc80:sfc_mex.obj
 0001:000076a0       _sf_set_error_prefix_string 100086a0 f   sfc_mexmsvc80:sfc_mex.obj
 0001:000076d0       _sf_get_error_prefix_string 100086d0 f   sfc_mexmsvc80:sfc_mex.obj
 0001:000076e0       _sf_get_current_jmp_buf_ptr 100086e0 f   sfc_mexmsvc80:sfc_mex.obj
 0001:000076f0       _sf_set_current_jmp_buf_ptr 100086f0 f   sfc_mexmsvc80:sfc_mex.obj
 0001:00007700       _sf_mex_set_halt_simulation 10008700 f   sfc_mexmsvc80:sfc_mex.obj
 0001:00007710       _sf_mex_get_halt_simulation 10008710 f   sfc_mexmsvc80:sfc_mex.obj
 0001:00007720       _sf_mex_clear_error_message 10008720 f   sfc_mexmsvc80:sfc_mex.obj
 0001:00007740       _sf_mex_get_error_message_for_read 10008740 f   sfc_mexmsvc80:sfc_mex.obj
 0001:00007750       _sf_mex_get_error_message_buffer_length 10008750 f   sfc_mexmsvc80:sfc_mex.obj
 0001:00007820       _sf_mex_warning_message    10008820 f   sfc_mexmsvc80:sfc_mex.obj
 0001:00007870       _sf_mex_v_errbuf_createf   10008870 f   sfc_mexmsvc80:sfc_mex.obj
 0001:00007890       _sf_mex_errbuf_createf     10008890 f   sfc_mexmsvc80:sfc_mex.obj
 0001:000078b0       _sf_mex_v_errbuf_catf      100088b0 f   sfc_mexmsvc80:sfc_mex.obj
 0001:000078f0       _sf_mex_errbuf_catf        100088f0 f   sfc_mexmsvc80:sfc_mex.obj
 0001:00007930       _sf_mex_errbuf_copy        10008930 f   sfc_mexmsvc80:sfc_mex.obj
 0001:00007950       _sf_mex_errbuf_clear       10008950 f   sfc_mexmsvc80:sfc_mex.obj
 0001:00007960       _sf_mex_errbuf_isempty     10008960 f   sfc_mexmsvc80:sfc_mex.obj
 0001:000079f0       _sf_mex_set_error_status   100089f0 f   sfc_mexmsvc80:sfc_mex.obj
 0001:00007a20       _sf_mex_error_direct_call  10008a20 f   sfc_mexmsvc80:sfc_mex.obj
 0001:00007a40       _sf_mex_error_message_no_long_jump 10008a40 f   sfc_mexmsvc80:sfc_mex.obj
 0001:00007a70       _sf_mex_long_jump_on_error 10008a70 f   sfc_mexmsvc80:sfc_mex.obj
 0001:00007aa0       _sf_mex_call_matlab        10008aa0 f   sfc_mexmsvc80:sfc_mex.obj
 0001:00007b70       _sf_mex_check_builtin      10008b70 f   sfc_mexmsvc80:sfc_mex.obj
 0001:00007ba0       _sf_mex_check_builtin_vs   10008ba0 f   sfc_mexmsvc80:sfc_mex.obj
 0001:00007be0       _sf_mex_check_enum         10008be0 f   sfc_mexmsvc80:sfc_mex.obj
 0001:00007c10       _sf_mex_create_enum        10008c10 f   sfc_mexmsvc80:sfc_mex.obj
 0001:00007c30       _sf_mex_get_enum_element   10008c30 f   sfc_mexmsvc80:sfc_mex.obj
 0001:00007c40       _sf_mex_createcellarray    10008c40 f   sfc_mexmsvc80:sfc_mex.obj
 0001:00007c60       _sf_mex_setcell            10008c60 f   sfc_mexmsvc80:sfc_mex.obj
 0001:00007c70       _sf_mex_getcell            10008c70 f   sfc_mexmsvc80:sfc_mex.obj
 0001:00007c80       _sf_mex_dup                10008c80 f   sfc_mexmsvc80:sfc_mex.obj
 0001:00007cb0       _sf_mex_assign             10008cb0 f   sfc_mexmsvc80:sfc_mex.obj
 0001:00007d00       _sf_mex_destroy            10008d00 f   sfc_mexmsvc80:sfc_mex.obj
 0001:00007d20       _mx_array_has_fi_type      10008d20 f   sfc_mexmsvc80:sfc_mex.obj
 0001:00007d50       _sf_mex_convert_from_fi    10008d50 f   sfc_mexmsvc80:sfc_mex.obj
 0001:00007dd0       _sf_mex_convert_to_double  10008dd0 f   sfc_mexmsvc80:sfc_mex.obj
 0001:00007e10       _sf_mex_import_fi_vs       10008e10 f   sfc_mexmsvc80:sfc_mex.obj
 0001:00007f70       _sf_matrix_matrix_index_ok 10008f70 f   sfc_mexmsvc80:sfc_mex.obj
 0001:00007fe0       _sf_vector_vector_index_ok 10008fe0 f   sfc_mexmsvc80:sfc_mex.obj
 0001:00008010       _ssGetCurrentInputPortDimensions_wrapper 10009010 f   sfc_mexmsvc80:sfc_mex.obj
 0001:00008030       _ssGetCurrentOutputPortDimensions_wrapper 10009030 f   sfc_mexmsvc80:sfc_mex.obj
 0001:00008050       _sf_mex_emlrt_context_is_debug_mode 10009050 f   sfc_mexmsvc80:sfc_mex.obj
 0001:00008060       _sf_mex_emlrt_context_set_debug_mode 10009060 f   sfc_mexmsvc80:sfc_mex.obj
 0001:000080b0       _sf_clear_error_manager_info 100090b0 f   sfc_mexmsvc80:sfc_mex.obj
 0001:00008100       _sf_mex_stop_simulation_abruptly_wo_error 10009100 f   sfc_mexmsvc80:sfc_mex.obj
 0001:00008130       _sf_mex_error_message      10009130 f   sfc_mexmsvc80:sfc_mex.obj
 0001:00008180       _sf_react_to_error_in_matlab_call 10009180 f   sfc_mexmsvc80:sfc_mex.obj
 0001:000081a0       _sf_mex_addfield           100091a0 f   sfc_mexmsvc80:sfc_mex.obj
 0001:00008210       _sf_mex_getfield           10009210 f   sfc_mexmsvc80:sfc_mex.obj
 0001:00008490       _sf_mex_check_class        10009490 f   sfc_mexmsvc80:sfc_mex.obj
 0001:00008500       _sf_mex_is_real            10009500 f   sfc_mexmsvc80:sfc_mex.obj
 0001:00008710       _sf_mex_decode_encoded_mx_struct_array 10009710 f   sfc_mexmsvc80:sfc_mex.obj
 0001:000088b0       _sf_mex_lw_bounds_check    100098b0 f   sfc_mexmsvc80:sfc_mex.obj
 0001:000088e0       _sf_mex_lw_size_eq_check_1d 100098e0 f   sfc_mexmsvc80:sfc_mex.obj
 0001:00008900       _sf_mex_lw_size_eq_check_nd 10009900 f   sfc_mexmsvc80:sfc_mex.obj
 0001:000089e0       _sf_mex_lw_dim_size_eq_check 100099e0 f   sfc_mexmsvc80:sfc_mex.obj
 0001:00008a10       _sf_mex_lw_dim_size_geq_check 10009a10 f   sfc_mexmsvc80:sfc_mex.obj
 0001:00008a40       _sf_mex_lw_sub_assign_size_check_nd 10009a40 f   sfc_mexmsvc80:sfc_mex.obj
 0001:00008b70       _sf_mex_lw_runtime_error_msgid 10009b70 f   sfc_mexmsvc80:sfc_mex.obj
 0001:00008c20       _sf_mex_lw_matrix_matrix_index_check 10009c20 f   sfc_mexmsvc80:sfc_mex.obj
 0001:00008c50       _sf_mex_lw_vector_vector_index_check 10009c50 f   sfc_mexmsvc80:sfc_mex.obj
 0001:00008c90       _sf_mex_lw_non_negative_check 10009c90 f   sfc_mexmsvc80:sfc_mex.obj
 0001:00008cc0       _sf_mex_overflow_error     10009cc0 f   sfc_mexmsvc80:sfc_mex.obj
 0001:00008cd0       _sf_mex_dividebyzero_error 10009cd0 f   sfc_mexmsvc80:sfc_mex.obj
 0001:00008ce0       _sf_mex_unsafe_enum_error  10009ce0 f   sfc_mexmsvc80:sfc_mex.obj
 0001:00008cf0       _sf_emlrtErrHandler        10009cf0 f   sfc_mexmsvc80:sfc_mex.obj
 0001:00008da0       _sf_mex_printf             10009da0 f   sfc_mexmsvc80:sfc_mex.obj
 0001:00008e80       _sf_mex_check_size         10009e80 f   sfc_mexmsvc80:sfc_mex.obj
 0001:00009100       _sf_mex_check_struct       1000a100 f   sfc_mexmsvc80:sfc_mex.obj
 0001:00009350       _sf_mex_check_struct_vs    1000a350 f   sfc_mexmsvc80:sfc_mex.obj
 0001:00009390       _sf_mex_check_fi           1000a390 f   sfc_mexmsvc80:sfc_mex.obj
 0001:00009460       _sf_mex_check_fi_vs        1000a460 f   sfc_mexmsvc80:sfc_mex.obj
 0001:000094b0       _sf_echo_expression        1000a4b0 f   sfc_mexmsvc80:sfc_mex.obj
 0001:00009500       _sf_assertion_failed       1000a500 f   sfc_mexmsvc80:sfc_mex.obj
 0001:00009790       _sf_mex_evalin             1000a790 f   sfc_mexmsvc80:sfc_mex.obj
 0001:000099f0       _sf_mex_export             1000a9f0 f   sfc_mexmsvc80:sfc_mex.obj
 0001:00009aa0       _sf_mex_get_ml_var_no_error 1000aaa0 f   sfc_mexmsvc80:sfc_mex.obj
 0001:00009c00       _sf_mex_get_ml_var         1000ac00 f   sfc_mexmsvc80:sfc_mex.obj
 0001:0000a0d0       _ml_set_element_value_in_array 1000b0d0 f   sfc_mexmsvc80:sfc_mex.obj
 0001:0000b200       _sf_mex_call_impl          1000c200 f   sfc_mexmsvc80:sfc_mex.obj
 0001:0000b590       _sf_mex_call_debug         1000c590 f   sfc_mexmsvc80:sfc_mex.obj
 0001:0000b5b0       _sf_mex_call               1000c5b0 f   sfc_mexmsvc80:sfc_mex.obj
 0001:0000bcc0       _sf_mex_createstruct       1000ccc0 f   sfc_mexmsvc80:sfc_mex.obj
 0001:0000bd60       _sf_mex_createstructarray  1000cd60 f   sfc_mexmsvc80:sfc_mex.obj
 0001:0000bdc0       _sf_mex_get_mx_datatype_from_sf_datatype 1000cdc0 f   sfc_mexmsvc80:sfc_mex.obj
 0001:0000c040       _sf_mex_ml_var_sub         1000d040 f   sfc_mexmsvc80:sfc_mex.obj
 0001:0000c1b0       _sf_mex_ml_var_subsasgn    1000d1b0 f   sfc_mexmsvc80:sfc_mex.obj
 0001:0000c4c0       _sf_mex_sub                1000d4c0 f   sfc_mexmsvc80:sfc_mex.obj
 0001:0000c660       _sf_mex_subsasgn           1000d660 f   sfc_mexmsvc80:sfc_mex.obj
 0001:0000ca40       _sf_mex_create             1000da40 f   sfc_mexmsvc80:sfc_mex.obj
 0001:0000d330       _sf_mex_import_named       1000e330 f   sfc_mexmsvc80:sfc_mex.obj
 0001:0000d380       _sf_mex_import             1000e380 f   sfc_mexmsvc80:sfc_mex.obj
 0001:0000d3c0       _sf_mex_import_vs          1000e3c0 f   sfc_mexmsvc80:sfc_mex.obj
 0001:0000d450       _sf_mex_lower_fixpt_mx_array 1000e450 f   sfc_mexmsvc80:sfc_mex.obj
 0001:0000d810       _sim_mode_is_rtw_gen       1000e810 f   sfc_mexmsvc80:sfc_sf.obj
 0001:0000d850       _sim_mode_is_external      1000e850 f   sfc_mexmsvc80:sfc_sf.obj
 0001:0000d870       _sim_mode_is_modelref_sim  1000e870 f   sfc_mexmsvc80:sfc_sf.obj
 0001:0000d8a0       _mdlInitializeSizes        1000e8a0 f   sfc_mexmsvc80:sfc_sf.obj
 0001:0000d8c0       _mdlInitializeSampleTimes  1000e8c0 f   sfc_mexmsvc80:sfc_sf.obj
 0001:0000d900       _mdlZeroCrossings          1000e900 f   sfc_mexmsvc80:sfc_sf.obj
 0001:0000d9b0       _mdlDerivatives            1000e9b0 f   sfc_mexmsvc80:sfc_sf.obj
 0001:0000da50       _mdl_initialize_conditions_processing 1000ea50 f   sfc_mexmsvc80:sfc_sf.obj
 0001:0000da80       _mdlInitializeConditions   1000ea80 f   sfc_mexmsvc80:sfc_sf.obj
 0001:0000db20       _mdlGetSimState            1000eb20 f   sfc_mexmsvc80:sfc_sf.obj
 0001:0000db40       _mdlSetSimState            1000eb40 f   sfc_mexmsvc80:sfc_sf.obj
 0001:0000db60       _mdl_ext_mode_exec_processing 1000eb60 f   sfc_mexmsvc80:sfc_sf.obj
 0001:0000db80       _mdlExtModeExec            1000eb80 f   sfc_mexmsvc80:sfc_sf.obj
 0001:0000dd10       _mdlTerminate              1000ed10 f   sfc_mexmsvc80:sfc_sf.obj
 0001:0000dd70       _mdlRTW                    1000ed70 f   sfc_mexmsvc80:sfc_sf.obj
 0001:0000dda0       _mdlSetWorkWidths          1000eda0 f   sfc_mexmsvc80:sfc_sf.obj
 0001:0000ddc0       _mdlProcessParameters      1000edc0 f   sfc_mexmsvc80:sfc_sf.obj
 0001:0000dde0       _mdl_start_processing      1000ede0 f   sfc_mexmsvc80:sfc_sf.obj
 0001:0000de20       _mdlStart                  1000ee20 f   sfc_mexmsvc80:sfc_sf.obj
 0001:0000def0       _mdlEnable                 1000eef0 f   sfc_mexmsvc80:sfc_sf.obj
 0001:0000dfa0       _mdlDisable                1000efa0 f   sfc_mexmsvc80:sfc_sf.obj
 0001:0000e030       _sf_get_chart_instance_ptr 1000f030 f   sfc_mexmsvc80:sfc_sf.obj
 0001:0000e050       _sf_rtw_info_uint_prop     1000f050 f   sfc_mexmsvc80:sfc_sf.obj
 0001:0000e190       _sf_is_chart_inlinable     1000f190 f   sfc_mexmsvc80:sfc_sf.obj
 0001:0000e1c0       _sf_mark_output_events_with_multiple_callers 1000f1c0 f   sfc_mexmsvc80:sfc_sf.obj
 0001:0000e340       _sf_mark_chart_reusable_outputs 1000f340 f   sfc_mexmsvc80:sfc_sf.obj
 0001:0000e4d0       _sf_mark_chart_expressionable_inputs 1000f4d0 f   sfc_mexmsvc80:sfc_sf.obj
 0001:0000e6d0       _sf_get_subchart_simstruct 1000f6d0 f   sfc_mexmsvc80:sfc_sf.obj
 0001:0000e710       _sf_write_symbol_mapping   1000f710 f   sfc_mexmsvc80:sfc_sf.obj
 0001:0000e8f0       _sf_get_fixpt_data_type_id 1000f8f0 f   sfc_mexmsvc80:sfc_sf.obj
 0001:0000e930       _sf_get_enum_data_type_id  1000f930 f   sfc_mexmsvc80:sfc_sf.obj
 0001:0000e970       _sf_get_param_data_type_id 1000f970 f   sfc_mexmsvc80:sfc_sf.obj
 0001:0000e9a0       _sf_mex_listen_for_ctrl_c_force 1000f9a0 f   sfc_mexmsvc80:sfc_sf.obj
 0001:0000eaa0       _sf_mex_draw_now           1000faa0 f   sfc_mexmsvc80:sfc_sf.obj
 0001:0000eae0       _sf_mex_set_debugger_sim_status_listener_fcn 1000fae0 f   sfc_mexmsvc80:sfc_sf.obj
 0001:0000eaf0       _sf_mex_listen_for_ctrl_c  1000faf0 f   sfc_mexmsvc80:sfc_sf.obj
 0001:0000eb80       _sf_mex_get_sfun_param     1000fb80 f   sfc_mexmsvc80:sfc_sf.obj
 0001:0000ebd0       _sf_get_runtime_param_data 1000fbd0 f   sfc_mexmsvc80:sfc_sf.obj
 0001:0000ec10       _sf_call_output_fcn_call   1000fc10 f   sfc_mexmsvc80:sfc_sf.obj
 0001:0000ed30       _sf_call_output_fcn_enable 1000fd30 f   sfc_mexmsvc80:sfc_sf.obj
 0001:0000edb0       _sf_call_output_fcn_disable 1000fdb0 f   sfc_mexmsvc80:sfc_sf.obj
 0001:0000ee30       _sf_clear_rtw_identifier   1000fe30 f   sfc_mexmsvc80:sfc_sf.obj
 0001:0000f660       _sf_set_encoded_dwork_info 10010660 f   sfc_mexmsvc80:sfc_sf.obj
 0001:0000f6a0       _sf_get_dwork_info_from_mat_file 100106a0 f   sfc_mexmsvc80:sfc_sf.obj
 0001:0000f810       _sf_set_rtw_dwork_info     10010810 f   sfc_mexmsvc80:sfc_sf.obj
 0001:0000f940       _mdlOutputs                10010940 f   sfc_mexmsvc80:sfc_sf.obj
 0001:0000fa50       _sf_debug_disp             10010a50 f   sfc_debugmsvc80:sfcdebug.obj
 0001:0000fc50       _sf_debug_data_runtime_size_mismatch_error_check 10010c50 f   sfc_debugmsvc80:sfcdebug.obj
 0001:0000fc90       _sf_debug_try_loading_machine 10010c90 f   sfc_debugmsvc80:sfcdebug.obj
 0001:0000fd60       _sf_debug_reset_current_state_configuration 10010d60 f   sfc_debugmsvc80:sfcdebug.obj
 0001:0000fda0       _sf_debug_store_current_state_configuration 10010da0 f   sfc_debugmsvc80:sfcdebug.obj
 0001:0000fde0       _sf_debug_restore_previous_state_configuration 10010de0 f   sfc_debugmsvc80:sfcdebug.obj
 0001:0000fe20       _sf_debug_restore_previous_state_configuration2 10010e20 f   sfc_debugmsvc80:sfcdebug.obj
 0001:0000fe60       _sf_debug_get_event_scope  10010e60 f   sfc_debugmsvc80:sfcdebug.obj
 0001:0000ff80       _use_debugger_step_animation 10010f80 f   sfc_debugmsvc80:sfcdebug.obj
 0001:0000ffa0       _sf_debug_get_script_id    10010fa0 f   sfc_debugmsvc80:sfcdebug.obj
 0001:00010030       _sf_debug_set_script_translation 10011030 f   sfc_debugmsvc80:sfcdebug.obj
 0001:000100c0       _sf_debug_get_current_machine_id 100110c0 f   sfc_debugmsvc80:sfcdebug.obj
 0001:000100e0       _sf_debug_get_current_optional_integer 100110e0 f   sfc_debugmsvc80:sfcdebug.obj
 0001:000100f0       _sf_debug_get_current_machine_number 100110f0 f   sfc_debugmsvc80:sfcdebug.obj
 0001:00010110       _sf_debug_get_current_machine_name 10011110 f   sfc_debugmsvc80:sfcdebug.obj
 0001:00010130       _sf_debug_get_current_chart_id 10011130 f   sfc_debugmsvc80:sfcdebug.obj
 0001:00010160       _sf_debug_get_current_chart_number 10011160 f   sfc_debugmsvc80:sfcdebug.obj
 0001:00010170       _sf_debug_get_current_instance_number 10011170 f   sfc_debugmsvc80:sfcdebug.obj
 0001:00010180       _sf_debug_get_current_is_minor_time_step 10011180 f   sfc_debugmsvc80:sfcdebug.obj
 0001:000101f0       _sf_debug_get_current_object_type 100111f0 f   sfc_debugmsvc80:sfcdebug.obj
 0001:00010200       _sf_debug_get_current_instance_handle 10011200 f   sfc_debugmsvc80:sfcdebug.obj
 0001:00010250       _sf_debug_get_current_event_type 10011250 f   sfc_debugmsvc80:sfcdebug.obj
 0001:00010260       _sf_debug_get_current_object_id 10011260 f   sfc_debugmsvc80:sfcdebug.obj
 0001:00010290       _sf_debug_get_current_active_event_type 10011290 f   sfc_debugmsvc80:sfcdebug.obj
 0001:000102a0       _sf_debug_get_current_active_event_id 100112a0 f   sfc_debugmsvc80:sfcdebug.obj
 0001:000102d0       _sf_debug_get_current_tag_type 100112d0 f   sfc_debugmsvc80:sfcdebug.obj
 0001:000102e0       _sf_debug_get_current_simulation_time 100112e0 f   sfc_debugmsvc80:sfcdebug.obj
 0001:000102f0       _sf_debug_get_current_coverage_percentage 100112f0 f   sfc_debugmsvc80:sfcdebug.obj
 0001:00010300       _sf_debug_current_statement_context 10011300 f   sfc_debugmsvc80:sfcdebug.obj
 0001:00010380       _sf_debug_get_current_statement_info 10011380 f   sfc_debugmsvc80:sfcdebug.obj
 0001:000104c0       _sf_debug_terminate_instance 100114c0 f   sfc_debugmsvc80:sfcdebug.obj
 0001:00010740       _sf_debug_assertion_failed 10011740 f   sfc_debugmsvc80:sfcdebug.obj
 0001:00010910       _sf_debug_set_number_of_data_with_change_event_for_machine 10011910 f   sfc_debugmsvc80:sfcdebug.obj
 0001:00010950       _sf_debug_set_machine_event_thresholds 10011950 f   sfc_debugmsvc80:sfcdebug.obj
 0001:00010980       _sf_debug_set_machine_event_scope 10011980 f   sfc_debugmsvc80:sfcdebug.obj
 0001:000109c0       _sf_debug_set_machine_data_thresholds 100119c0 f   sfc_debugmsvc80:sfcdebug.obj
 0001:00010a00       _sf_debug_set_machine_data_scope 10011a00 f   sfc_debugmsvc80:sfcdebug.obj
 0001:00010a80       _sf_debug_set_machine_data_name 10011a80 f   sfc_debugmsvc80:sfcdebug.obj
 0001:00010ad0       _sf_debug_set_machine_data_size 10011ad0 f   sfc_debugmsvc80:sfcdebug.obj
 0001:00010bc0       _sf_debug_set_machine_data_type 10011bc0 f   sfc_debugmsvc80:sfcdebug.obj
 0001:00010ce0       _sf_debug_get_chart_data_number 10011ce0 f   sfc_debugmsvc80:sfcdebug.obj
 0001:00010d10       _sf_debug_get_chart_event_number 10011d10 f   sfc_debugmsvc80:sfcdebug.obj
 0001:00010d40       _sf_debug_set_chart_state_info 10011d40 f   sfc_debugmsvc80:sfcdebug.obj
 0001:00010dc0       _sf_debug_set_chart_decomposition 10011dc0 f   sfc_debugmsvc80:sfcdebug.obj
 0001:00010e30       _sf_debug_set_chart_substate_count 10011e30 f   sfc_debugmsvc80:sfcdebug.obj
 0001:00010ef0       _sf_debug_set_chart_substate_index 10011ef0 f   sfc_debugmsvc80:sfcdebug.obj
 0001:00010f60       _sf_debug_set_chart_state_substate_count 10011f60 f   sfc_debugmsvc80:sfcdebug.obj
 0001:00011040       _sf_debug_set_chart_state_substate_index 10012040 f   sfc_debugmsvc80:sfcdebug.obj
 0001:000110c0       _sf_debug_set_number_of_data_with_change_event_for_chart 100120c0 f   sfc_debugmsvc80:sfcdebug.obj
 0001:00011140       _sf_debug_set_number_of_states_with_entry_event_for_chart 10012140 f   sfc_debugmsvc80:sfcdebug.obj
 0001:000111b0       _sf_debug_set_number_of_states_with_exit_event_for_chart 100121b0 f   sfc_debugmsvc80:sfcdebug.obj
 0001:00011220       _sf_debug_set_chart_disable_implicit_casting 10012220 f   sfc_debugmsvc80:sfcdebug.obj
 0001:00011290       _sf_debug_set_chart_event_thresholds 10012290 f   sfc_debugmsvc80:sfcdebug.obj
 0001:00011300       _sf_debug_set_chart_data_compiled_props 10012300 f   sfc_debugmsvc80:sfcdebug.obj
 0001:00011570       _sf_debug_set_chart_data_props 10012570 f   sfc_debugmsvc80:sfcdebug.obj
 0001:000117e0       _sf_debug_check_fi_license 100127e0 f   sfc_debugmsvc80:sfcdebug.obj
 0001:00011970       _sf_debug_symbol_scope_push 10012970 f   sfc_debugmsvc80:sfcdebug.obj
 0001:000119b0       _sf_debug_symbol_scope_push_eml 100129b0 f   sfc_debugmsvc80:sfcdebug.obj
 0001:000119f0       _sf_debug_symbol_scope_pop 100129f0 f   sfc_debugmsvc80:sfcdebug.obj
 0001:00011a20       _sf_debug_symbol_scope_add_importable 10012a20 f   sfc_debugmsvc80:sfcdebug.obj
 0001:00011a80       _sf_debug_symbol_scope_add 10012a80 f   sfc_debugmsvc80:sfcdebug.obj
 0001:00011ae0       _sf_debug_symbol_scope_add_dyn_importable 10012ae0 f   sfc_debugmsvc80:sfcdebug.obj
 0001:00011b50       _sf_debug_symbol_scope_add_dyn 10012b50 f   sfc_debugmsvc80:sfcdebug.obj
 0001:00011b80       _sf_debug_symbol_scope_add_eml_importable 10012b80 f   sfc_debugmsvc80:sfcdebug.obj
 0001:00011bb0       _sf_debug_symbol_scope_add_eml 10012bb0 f   sfc_debugmsvc80:sfcdebug.obj
 0001:00011be0       _sf_debug_symbol_scope_add_eml_dyn_importable 10012be0 f   sfc_debugmsvc80:sfcdebug.obj
 0001:00011c30       _sf_debug_symbol_scope_add_eml_dyn 10012c30 f   sfc_debugmsvc80:sfcdebug.obj
 0001:00011c80       _sf_debug_symbol_switch    10012c80 f   sfc_debugmsvc80:sfcdebug.obj
 0001:00011ca0       _sf_debug_symbol_scope_add_verbose 10012ca0 f   sfc_debugmsvc80:sfcdebug.obj
 0001:00011d10       _sf_debug_set_machine_data_value_ptr 10012d10 f   sfc_debugmsvc80:sfcdebug.obj
 0001:00011d50       _sf_debug_set_instance_data_value_ptr 10012d50 f   sfc_debugmsvc80:sfcdebug.obj
 0001:00011db0       _sf_debug_unset_instance_data_value_ptr 10012db0 f   sfc_debugmsvc80:sfcdebug.obj
 0001:00011e00       _sf_debug_set_chart_event_scope 10012e00 f   sfc_debugmsvc80:sfcdebug.obj
 0001:00011e80       _sf_debug_set_chart_transition_coverage_maps 10012e80 f   sfc_debugmsvc80:sfcdebug.obj
 0001:00011f10       _sf_debug_set_chart_state_coverage_maps 10012f10 f   sfc_debugmsvc80:sfcdebug.obj
 0001:00011f90       _sf_debug_set_instance_transition_coverage_weights 10012f90 f   sfc_debugmsvc80:sfcdebug.obj
 0001:00012000       _sf_debug_set_instance_state_coverage_weights 10013000 f   sfc_debugmsvc80:sfcdebug.obj
 0001:00012200       _sf_debug_unload_machine   10013200 f   sfc_debugmsvc80:sfcdebug.obj
 0001:00012250       _sf_debug_load_machine     10013250 f   sfc_debugmsvc80:sfcdebug.obj
 0001:00012300       _sf_debug_set_active_instance_in_data_dictionary 10013300 f   sfc_debugmsvc80:sfcdebug.obj
 0001:00012480       _sf_debug_set_active_instance 10013480 f   sfc_debugmsvc80:sfcdebug.obj
 0001:00012570       _sf_debug_chart_visiblity_change 10013570 f   sfc_debugmsvc80:sfcdebug.obj
 0001:00012610       _sf_debug_select_chart     10013610 f   sfc_debugmsvc80:sfcdebug.obj
 0001:000126b0       _sf_debug_set_instance_cv_ids 100136b0 f   sfc_debugmsvc80:sfcdebug.obj
 0001:00012870       _sf_debug_select_charts    10013870 f   sfc_debugmsvc80:sfcdebug.obj
 0001:00012950       _sf_debug_initialized      10013950 f   sfc_debugmsvc80:sfcdebug.obj
 0001:00012960       _sf_debug_is_uninterruptible 10013960 f   sfc_debugmsvc80:sfcdebug.obj
 0001:00012990       _sf_debug_initialize_debugger_gui 10013990 f   sfc_debugmsvc80:sfcdebug.obj
 0001:00012d10       _sf_debug_resume           10013d10 f   sfc_debugmsvc80:sfcdebug.obj
 0001:00012d30       _sf_debug_go               10013d30 f   sfc_debugmsvc80:sfcdebug.obj
 0001:00012d40       _sf_debug_break            10013d40 f   sfc_debugmsvc80:sfcdebug.obj
 0001:00012d50       _sf_debug_step_over        10013d50 f   sfc_debugmsvc80:sfcdebug.obj
 0001:00012d60       _sf_debug_step_out         10013d60 f   sfc_debugmsvc80:sfcdebug.obj
 0001:00012d70       _sf_debug_set_disable_all_breakpoints 10013d70 f   sfc_debugmsvc80:sfcdebug.obj
 0001:00012d80       _sf_debug_disable_all_breakpoints_and_go 10013d80 f   sfc_debugmsvc80:sfcdebug.obj
 0001:00012d90       _sf_debug_break_on_chart_entry 10013d90 f   sfc_debugmsvc80:sfcdebug.obj
 0001:00012da0       _sf_debug_break_on_event_broadcast 10013da0 f   sfc_debugmsvc80:sfcdebug.obj
 0001:00012db0       _sf_debug_break_on_state_entry 10013db0 f   sfc_debugmsvc80:sfcdebug.obj
 0001:00012dc0       _sf_debug_break_between_times 10013dc0 f   sfc_debugmsvc80:sfcdebug.obj
 0001:00012df0       _sf_debug_browse_data      10013df0 f   sfc_debugmsvc80:sfcdebug.obj
 0001:00012e10       _sf_debug_watch_data       10013e10 f   sfc_debugmsvc80:sfcdebug.obj
 0001:00012e30       _sf_debug_assign_data      10013e30 f   sfc_debugmsvc80:sfcdebug.obj
 0001:00012e50       _sf_debug_whos             10013e50 f   sfc_debugmsvc80:sfcdebug.obj
 0001:00012e70       _sf_debug_get_consistency_info 10013e70 f   sfc_debugmsvc80:sfcdebug.obj
 0001:00012e90       _sf_debug_browse_trace     10013e90 f   sfc_debugmsvc80:sfcdebug.obj
 0001:00012eb0       _sf_debug_set_breakpoints  10013eb0 f   sfc_debugmsvc80:sfcdebug.obj
 0001:00012f70       _sf_debug_set_eml_breakpoints 10013f70 f   sfc_debugmsvc80:sfcdebug.obj
 0001:00013080       _sf_debug_set_script_breakpoints 10014080 f   sfc_debugmsvc80:sfcdebug.obj
 0001:00013100       _sf_debug_add_script_breakpoints 10014100 f   sfc_debugmsvc80:sfcdebug.obj
 0001:00013170       _sf_debug_clear_script_breakpoints 10014170 f   sfc_debugmsvc80:sfcdebug.obj
 0001:000131e0       _sf_debug_query_script_breakpoints 100141e0 f   sfc_debugmsvc80:sfcdebug.obj
 0001:00013280       _sf_debug_get_eml_script_id 10014280 f   sfc_debugmsvc80:sfcdebug.obj
 0001:000132d0       _sf_debug_set_watch        100142d0 f   sfc_debugmsvc80:sfcdebug.obj
 0001:00013460       _sf_debug_get_coverage     10014460 f   sfc_debugmsvc80:sfcdebug.obj
 0001:00013480       _sf_debug_get_instance_handle 10014480 f   sfc_debugmsvc80:sfcdebug.obj
 0001:00013500       _sf_debug_get_active_states 10014500 f   sfc_debugmsvc80:sfcdebug.obj
 0001:00013520       _sf_debug_get_animation    10014520 f   sfc_debugmsvc80:sfcdebug.obj
 0001:00013530       _sf_debug_set_animation    10014530 f   sfc_debugmsvc80:sfcdebug.obj
 0001:00013540       _sf_debug_animate          10014540 f   sfc_debugmsvc80:sfcdebug.obj
 0001:00013570       _sf_debug_cycle_detection_check 10014570 f   sfc_debugmsvc80:sfcdebug.obj
 0001:00013580       _sf_debug_data_range_check 10014580 f   sfc_debugmsvc80:sfcdebug.obj
 0001:00013590       _sf_debug_transition_conflict_check 10014590 f   sfc_debugmsvc80:sfcdebug.obj
 0001:000135a0       _sf_debug_state_consistency_check 100145a0 f   sfc_debugmsvc80:sfcdebug.obj
 0001:000135b0       _sf_debug_data_range_check_enabled 100145b0 f   sfc_debugmsvc80:sfcdebug.obj
 0001:000135c0       _sf_debug_transition_conflict_check_enabled 100145c0 f   sfc_debugmsvc80:sfcdebug.obj
 0001:000135d0       _sf_debug_transition_conflict_check_begin 100145d0 f   sfc_debugmsvc80:sfcdebug.obj
 0001:000135f0       _sf_debug_transition_conflict_check_end 100145f0 f   sfc_debugmsvc80:sfcdebug.obj
 0001:00013610       _sf_debug_stop_debugging   10014610 f   sfc_debugmsvc80:sfcdebug.obj
 0001:00013640       _sf_debug_is_cycle_detected 10014640 f   sfc_debugmsvc80:sfcdebug.obj
 0001:00013650       _sf_debug_is_array_bounds_detected 10014650 f   sfc_debugmsvc80:sfcdebug.obj
 0001:00013660       _sf_debug_get_state_vectors_data_size 10014660 f   sfc_debugmsvc80:sfcdebug.obj
 0001:000136a0       _sf_debug_get_state_vectors_data 100146a0 f   sfc_debugmsvc80:sfcdebug.obj
 0001:00013770       _sf_debug_set_state_vectors_data 10014770 f   sfc_debugmsvc80:sfcdebug.obj
 0001:000139a0       _sf_debug_get_script_index 100149a0 f   sfc_debugmsvc80:sfcdebug.obj
 0001:00013ad0       _sf_debug_add_script       10014ad0 f   sfc_debugmsvc80:sfcdebug.obj
 0001:00013c20       _cv_eval_point             10014c20 f   sfc_debugmsvc80:sfcdebug.obj
 0001:00013cf0       _sf_debug_cv_init_state    10014cf0 f   sfc_debugmsvc80:sfcdebug.obj
 0001:00013d80       _sf_debug_cv_init_chart    10014d80 f   sfc_debugmsvc80:sfcdebug.obj
 0001:00013e00       _sf_debug_cv_init_trans    10014e00 f   sfc_debugmsvc80:sfcdebug.obj
 0001:00013ee0       _cv_eml_init_script        10014ee0 f   sfc_debugmsvc80:sfcdebug.obj
 0001:00013f50       _cv_eml_init_fcn           10014f50 f   sfc_debugmsvc80:sfcdebug.obj
 0001:00013fb0       _cv_eml_init_testobjective 10014fb0 f   sfc_debugmsvc80:sfcdebug.obj
 0001:00014010       _cv_eml_init_if            10015010 f   sfc_debugmsvc80:sfcdebug.obj
 0001:00014070       _cv_eml_init_for           10015070 f   sfc_debugmsvc80:sfcdebug.obj
 0001:000140d0       _cv_eml_init_while         100150d0 f   sfc_debugmsvc80:sfcdebug.obj
 0001:00014130       _cv_eml_init_mcdc          10015130 f   sfc_debugmsvc80:sfcdebug.obj
 0001:000141a0       _cv_eml_init_switch        100151a0 f   sfc_debugmsvc80:sfcdebug.obj
 0001:00014200       _cv_eml_eval               10015200 f   sfc_debugmsvc80:sfcdebug.obj
 0001:00014270       _sf_debug_bm_is_a_eml_breakpoint 10015270 f   sfc_debugmsvc80:sfcdebug.obj
 0001:000143a0       _sf_debug_temporal_threshold 100153a0 f   sfc_debugmsvc80:sfcdebug.obj
 0001:00014690       _sf_debug_transition_conflict_error 10015690 f   sfc_debugmsvc80:sfcdebug.obj
 0001:00014930       _sf_debug_state_inconsistency_error 10015930 f   sfc_debugmsvc80:sfcdebug.obj
 0001:00014a20       _sf_debug_check_for_state_inconsistency 10015a20 f   sfc_debugmsvc80:sfcdebug.obj
 0001:00014a60       _sf_debug_cycle_detecton_error 10015a60 f   sfc_debugmsvc80:sfcdebug.obj
 0001:00015090       _sf_debug_size_eq_check_1d 10016090 f   sfc_debugmsvc80:sfcdebug.obj
 0001:000150b0       _sf_debug_size_eq_check_nd 100160b0 f   sfc_debugmsvc80:sfcdebug.obj
 0001:00015190       _sf_debug_dim_size_eq_check 10016190 f   sfc_debugmsvc80:sfcdebug.obj
 0001:000151c0       _sf_debug_dim_size_geq_check 100161c0 f   sfc_debugmsvc80:sfcdebug.obj
 0001:000151f0       _sf_debug_sub_assign_size_check_nd 100161f0 f   sfc_debugmsvc80:sfcdebug.obj
 0001:00015310       _sf_debug_matrix_matrix_index_check 10016310 f   sfc_debugmsvc80:sfcdebug.obj
 0001:00015350       _sf_debug_vector_vector_index_check 10016350 f   sfc_debugmsvc80:sfcdebug.obj
 0001:00015390       _sf_debug_runtime_error_msgid 10016390 f   sfc_debugmsvc80:sfcdebug.obj
 0001:00015420       _sf_debug_data_array_bounds_error_check 10016420 f   sfc_debugmsvc80:sfcdebug.obj
 0001:00015480       _sf_debug_eml_data_array_bounds_error_check 10016480 f   sfc_debugmsvc80:sfcdebug.obj
 0001:00015770       _sf_debug_integer_check    10016770 f   sfc_debugmsvc80:sfcdebug.obj
 0001:000157f0       _sf_debug_not_nan_check    100167f0 f   sfc_debugmsvc80:sfcdebug.obj
 0001:00015840       _sf_debug_non_negative_check 10016840 f   sfc_debugmsvc80:sfcdebug.obj
 0001:000158a0       _sf_debug_overflow_detection 100168a0 f   sfc_debugmsvc80:sfcdebug.obj
 0001:00015dc0       _sf_debug_cast_to_real32_T 10016dc0 f   sfc_debugmsvc80:sfcdebug.obj
 0001:00015e20       _sf_debug_cast_to_int8_T   10016e20 f   sfc_debugmsvc80:sfcdebug.obj
 0001:00015ea0       _sf_debug_cast_to_uint8_T  10016ea0 f   sfc_debugmsvc80:sfcdebug.obj
 0001:00015f30       _sf_debug_cast_to_int16_T  10016f30 f   sfc_debugmsvc80:sfcdebug.obj
 0001:00015fb0       _sf_debug_cast_to_uint16_T 10016fb0 f   sfc_debugmsvc80:sfcdebug.obj
 0001:00016040       _sf_debug_cast_to_int32_T  10017040 f   sfc_debugmsvc80:sfcdebug.obj
 0001:000160b0       _sf_debug_cast_to_uint32_T 100170b0 f   sfc_debugmsvc80:sfcdebug.obj
 0001:00016140       _sf_debug_data_range_error 10017140 f   sfc_debugmsvc80:sfcdebug.obj
 0001:000164b0       _sf_debug_data_range_error_wrapper_min_max 100174b0 f   sfc_debugmsvc80:sfcdebug.obj
 0001:00016520       _sf_debug_data_range_error_wrapper_min 10017520 f   sfc_debugmsvc80:sfcdebug.obj
 0001:00016580       _sf_debug_data_range_error_wrapper_max 10017580 f   sfc_debugmsvc80:sfcdebug.obj
 0001:000165e0       _sf_debug_data_range_wrapper 100175e0 f   sfc_debugmsvc80:sfcdebug.obj
 0001:00016630       _sf_debug_set_current_status_info 10017630 f   sfc_debugmsvc80:sfcdebug.obj
 0001:00016990       _sf_debug_call             10017990 f   sfc_debugmsvc80:sfcdebug.obj
 0001:00017380       _sf_debug_initialize_machine 10018380 f   sfc_debugmsvc80:sfcdebug.obj
 0001:00017620       _sf_debug_initialize_chart 10018620 f   sfc_debugmsvc80:sfcdebug.obj
 0001:00017980       _sf_debug_ensure_script    10018980 f   sfc_debugmsvc80:sfcdebug.obj
 0001:00017a30       _cv_script_init_script     10018a30 f   sfc_debugmsvc80:sfcdebug.obj
 0001:00017a90       _cv_script_init_fcn        10018a90 f   sfc_debugmsvc80:sfcdebug.obj
 0001:00017ae0       _cv_script_init_testobjective 10018ae0 f   sfc_debugmsvc80:sfcdebug.obj
 0001:00017b30       _cv_script_init_if         10018b30 f   sfc_debugmsvc80:sfcdebug.obj
 0001:00017b80       _cv_script_init_for        10018b80 f   sfc_debugmsvc80:sfcdebug.obj
 0001:00017bd0       _cv_script_init_while      10018bd0 f   sfc_debugmsvc80:sfcdebug.obj
 0001:00017c20       _cv_script_init_mcdc       10018c20 f   sfc_debugmsvc80:sfcdebug.obj
 0001:00017c80       _cv_script_init_switch     10018c80 f   sfc_debugmsvc80:sfcdebug.obj
 0001:00017ce0       _cv_script_eval            10018ce0 f   sfc_debugmsvc80:sfcdebug.obj
 0001:00017d40       _eml_debug_line_call       10018d40 f   sfc_debugmsvc80:sfcdebug.obj
 0001:00017e40       _sf_debug_terminate        10018e40 f   sfc_debugmsvc80:sfcdebug.obj
 0001:00017f70       _sf_debug_set_script_cv_ids 10018f70 f   sfc_debugmsvc80:sfcdebug.obj
 0001:00018080       _sf_debug_api              10019080 f   sfc_debugmsvc80:sfc_api.obj
 0001:00019a30       _sf_debug_sm_terminate     1001aa30 f   sfc_debugmsvc80:sfdb_animation.obj
 0001:00019ba0       _sf_debug_reset_path_objects 1001aba0 f   sfc_debugmsvc80:sfdb_animation.obj
 0001:00019c10       _sf_debug_sm_reset_object_selection_status 1001ac10 f   sfc_debugmsvc80:sfdb_animation.obj
 0001:00019cb0       _sf_debug_sm_reset_state_buffer 1001acb0 f   sfc_debugmsvc80:sfdb_animation.obj
 0001:00019d70       _sf_debug_sm_store_state_buffer 1001ad70 f   sfc_debugmsvc80:sfdb_animation.obj
 0001:00019df0       _sf_debug_sm_restore_state_buffer1 1001adf0 f   sfc_debugmsvc80:sfdb_animation.obj
 0001:00019e50       _sf_debug_sm_restore_state_buffer2 1001ae50 f   sfc_debugmsvc80:sfdb_animation.obj
 0001:00019eb0       _sf_debug_sm_chart_active  1001aeb0 f   sfc_debugmsvc80:sfdb_animation.obj
 0001:00019f00       _sf_debug_sm_select_active_objects 1001af00 f   sfc_debugmsvc80:sfdb_animation.obj
 0001:0001a280       _sf_debug_sm_is_chart_active 1001b280 f   sfc_debugmsvc80:sfdb_animation.obj
 0001:0001a2c0       _sf_debug_sm_is_state_active 1001b2c0 f   sfc_debugmsvc80:sfdb_animation.obj
 0001:0001a470       _sf_debug_sm_get_active_states 1001b470 f   sfc_debugmsvc80:sfdb_animation.obj
 0001:0001a8a0       _sf_debug_sm_initialize_instance 1001b8a0 f   sfc_debugmsvc80:sfdb_animation.obj
 0001:0001aac0       _sf_debug_sm_change_object_selection_status 1001bac0 f   sfc_debugmsvc80:sfdb_animation.obj
 0001:0001acb0       _cv_create_interface       1001bcb0 f   sfc_debugmsvc80:cv_sfinterface.obj
 0001:0001afc0       _cv_init_trans             1001bfc0 f   sfc_debugmsvc80:cv_sfinterface.obj
 0001:0001b010       _cv_init_state             1001c010 f   sfc_debugmsvc80:cv_sfinterface.obj
 0001:0001b070       _cv_init_chart             1001c070 f   sfc_debugmsvc80:cv_sfinterface.obj
 0001:0001b0c0       _cv_dec_update_call        1001c0c0 f   sfc_debugmsvc80:cv_sfinterface.obj
 0001:0001b100       _cv_cond_update_call       1001c100 f   sfc_debugmsvc80:cv_sfinterface.obj
 0001:0001b140       _cv_sigrange_update        1001c140 f   sfc_debugmsvc80:cv_sfinterface.obj
 0001:0001b190       _cvsf_eml_eval             1001c190 f   sfc_debugmsvc80:cv_sfinterface.obj
 0001:0001b270       _cvsf_eml_init_script      1001c270 f   sfc_debugmsvc80:cv_sfinterface.obj
 0001:0001b2d0       _cvsf_eml_init_fcn         1001c2d0 f   sfc_debugmsvc80:cv_sfinterface.obj
 0001:0001b330       _cvsf_eml_init_testobjective 1001c330 f   sfc_debugmsvc80:cv_sfinterface.obj
 0001:0001b390       _cvsf_eml_init_if          1001c390 f   sfc_debugmsvc80:cv_sfinterface.obj
 0001:0001b3f0       _cvsf_eml_init_for         1001c3f0 f   sfc_debugmsvc80:cv_sfinterface.obj
 0001:0001b450       _cvsf_eml_init_while       1001c450 f   sfc_debugmsvc80:cv_sfinterface.obj
 0001:0001b4b0       _cvsf_eml_init_mcdc        1001c4b0 f   sfc_debugmsvc80:cv_sfinterface.obj
 0001:0001b520       _cvsf_eml_init_switch      1001c520 f   sfc_debugmsvc80:cv_sfinterface.obj
 0001:0001b580       _cvsf_script_eval          1001c580 f   sfc_debugmsvc80:cv_sfinterface.obj
 0001:0001b660       _cvsf_script_init_script   1001c660 f   sfc_debugmsvc80:cv_sfinterface.obj
 0001:0001b6c0       _cvsf_script_init_fcn      1001c6c0 f   sfc_debugmsvc80:cv_sfinterface.obj
 0001:0001b720       _cvsf_script_init_testobjective 1001c720 f   sfc_debugmsvc80:cv_sfinterface.obj
 0001:0001b780       _cvsf_script_init_if       1001c780 f   sfc_debugmsvc80:cv_sfinterface.obj
 0001:0001b7e0       _cvsf_script_init_for      1001c7e0 f   sfc_debugmsvc80:cv_sfinterface.obj
 0001:0001b830       _cvsf_script_init_while    1001c830 f   sfc_debugmsvc80:cv_sfinterface.obj
 0001:0001b880       _cvsf_script_init_mcdc     1001c880 f   sfc_debugmsvc80:cv_sfinterface.obj
 0001:0001b8f0       _cvsf_script_init_switch   1001c8f0 f   sfc_debugmsvc80:cv_sfinterface.obj
 0001:0001b950       _cv_destroy_interface      1001c950 f   sfc_debugmsvc80:cv_sfinterface.obj
 0001:0001b970       _cv_create_instance_objects 1001c970 f   sfc_debugmsvc80:cv_sfinterface.obj
 0001:0001bcb0       _cv_is_enabled             1001ccb0 f   sfc_debugmsvc80:cv_sfinterface.obj
 0001:0001bcc0       _sf_debug_cv_initialize_script 1001ccc0 f   sfc_debugmsvc80:cv_sfinterface.obj
 0001:0001be50       _sf_debug_cv_initialize_instance 1001ce50 f   sfc_debugmsvc80:cv_sfinterface.obj
 0001:0001c150       _sf_debug_cv_terminate_chart 1001d150 f   sfc_debugmsvc80:cv_sfinterface.obj
 0001:0001c240       _cv_call_trans_test        1001d240 f   sfc_debugmsvc80:cv_sfinterface.obj
 0001:0001c250       _cv_call_sub_cond_test     1001d250 f   sfc_debugmsvc80:cv_sfinterface.obj
 0001:0001c360       _sf_debug_hm_initialize_instance 1001d360 f   sfc_debugmsvc80:sfdb_handle_management.obj
 0001:0001c840       _sf_debug_hm_get_object_id 1001d840 f   sfc_debugmsvc80:sfdb_handle_management.obj
 0001:0001e2f0       _sf_debug_object_is_eml_function 1001f2f0 f   sfc_debugmsvc80:sfdb_handle_management.obj
 0001:0001e350       _sf_debug_hm_initialize_ids_in_machine 1001f350 f   sfc_debugmsvc80:sfdb_handle_management.obj
 0001:0001e4a0       _sf_debug_hm_initialize_ids_in_chart 1001f4a0 f   sfc_debugmsvc80:sfdb_handle_management.obj
 0001:0001e5c0       _sf_debug_hm_initialize_chart 1001f5c0 f   sfc_debugmsvc80:sfdb_handle_management.obj
 0001:0001ec70       _sf_debug_hm_terminate     1001fc70 f   sfc_debugmsvc80:sfdb_handle_management.obj
 0001:0001ecd0       _sf_debug_hm_initialize_machine 1001fcd0 f   sfc_debugmsvc80:sfdb_handle_management.obj
 0001:0001f390       _sf_debug_st_initialize_machine 10020390 f   sfc_debugmsvc80:sfdb_data_browse.obj
 0001:0001f440       _sf_debug_st_initialize_instance 10020440 f   sfc_debugmsvc80:sfdb_data_browse.obj
 0001:0001f600       _sf_debug_st_terminate     10020600 f   sfc_debugmsvc80:sfdb_data_browse.obj
 0001:0001f760       _sf_debug_st_set_data_value_ptr_in_machine 10020760 f   sfc_debugmsvc80:sfdb_data_browse.obj
 0001:0001f7d0       _sf_debug_st_set_data_value_ptr_in_instance 100207d0 f   sfc_debugmsvc80:sfdb_data_browse.obj
 0001:0001f880       _sf_debug_st_unset_data_value_ptr_in_machine 10020880 f   sfc_debugmsvc80:sfdb_data_browse.obj
 0001:0001f8e0       _sf_debug_st_unset_data_value_ptr_in_instance 100208e0 f   sfc_debugmsvc80:sfdb_data_browse.obj
 0001:0001fbf0       _sf_debug_mx_value         10020bf0 f   sfc_debugmsvc80:sfdb_data_browse.obj
 0001:0001fc40       _sf_debug_mx_packed_vector 10020c40 f   sfc_debugmsvc80:sfdb_data_browse.obj
 0001:0001fce0       _sf_debug_mx_uint_vector   10020ce0 f   sfc_debugmsvc80:sfdb_data_browse.obj
 0001:0001fd60       _sf_debug_st_get_double_value_from_void_ptr_vector 10020d60 f   sfc_debugmsvc80:sfdb_data_browse.obj
 0001:00020560       _sf_debug_st_browse_data   10021560 f   sfc_debugmsvc80:sfdb_data_browse.obj
 0001:00020b60       _sf_debug_ss_initialize    10021b60 f   sfc_debugmsvc80:sfdb_symbol_scope.obj
 0001:00020b80       _sf_debug_ss_terminate     10021b80 f   sfc_debugmsvc80:sfdb_symbol_scope.obj
 0001:00020c00       _sf_debug_ss_push_symbol_scope 10021c00 f   sfc_debugmsvc80:sfdb_symbol_scope.obj
 0001:00020cc0       _sf_debug_ss_push_symbol_scope_eml 10021cc0 f   sfc_debugmsvc80:sfdb_symbol_scope.obj
 0001:00020d10       _sf_debug_ss_pop_symbol_scope 10021d10 f   sfc_debugmsvc80:sfdb_symbol_scope.obj
 0001:00020db0       _sf_debug_ss_add_symbol    10021db0 f   sfc_debugmsvc80:sfdb_symbol_scope.obj
 0001:00020ea0       _sf_debug_ss_add_symbol_eml 10021ea0 f   sfc_debugmsvc80:sfdb_symbol_scope.obj
 0001:000217c0       _sf_debug_ss_set_data_value 100227c0 f   sfc_debugmsvc80:sfdb_symbol_scope.obj
 0001:00021b00       _sf_debug_ss_watch_data    10022b00 f   sfc_debugmsvc80:sfdb_symbol_scope.obj
 0001:00021b80       _sf_debug_ss_assign_data   10022b80 f   sfc_debugmsvc80:sfdb_symbol_scope.obj
 0001:00022420       _get_data_entry_name       10023420 f   sfc_debugmsvc80:sfdb_symbol_scope.obj
 0001:00022470       _sf_debug_ss_whos          10023470 f   sfc_debugmsvc80:sfdb_symbol_scope.obj
 0001:00022910       _sf_debug_cc_initialize_chart 10023910 f   sfc_debugmsvc80:sfdb_coverage.obj
 0001:000232e0       _sf_debug_cc_initialize_instance 100242e0 f   sfc_debugmsvc80:sfdb_coverage.obj
 0001:00023ef0       _sf_debug_cc_terminate     10024ef0 f   sfc_debugmsvc80:sfdb_coverage.obj
 0001:00023fc0       _sf_debug_cc_set_transition_maps 10024fc0 f   sfc_debugmsvc80:sfdb_coverage.obj
 0001:000240c0       _sf_debug_cc_set_state_maps 100250c0 f   sfc_debugmsvc80:sfdb_coverage.obj
 0001:00024190       _sf_debug_cc_set_transition_weights 10025190 f   sfc_debugmsvc80:sfdb_coverage.obj
 0001:000243b0       _sf_debug_cc_set_state_weights 100253b0 f   sfc_debugmsvc80:sfdb_coverage.obj
 0001:000245f0       _sf_debug_cc_mark_transition_guard 100255f0 f   sfc_debugmsvc80:sfdb_coverage.obj
 0001:00024670       _sf_debug_cc_mark_transition_trigger 10025670 f   sfc_debugmsvc80:sfdb_coverage.obj
 0001:000246f0       _sf_debug_cc_mark_transition_decision 100256f0 f   sfc_debugmsvc80:sfdb_coverage.obj
 0001:00024750       _sf_debug_cc_mark_transition_condition_action 10025750 f   sfc_debugmsvc80:sfdb_coverage.obj
 0001:000247a0       _sf_debug_cc_mark_transition_transition_action 100257a0 f   sfc_debugmsvc80:sfdb_coverage.obj
 0001:000247f0       _sf_debug_cc_mark_state_entry 100257f0 f   sfc_debugmsvc80:sfdb_coverage.obj
 0001:00024840       _sf_debug_cc_mark_state_during 10025840 f   sfc_debugmsvc80:sfdb_coverage.obj
 0001:00024890       _sf_debug_cc_mark_state_exit 10025890 f   sfc_debugmsvc80:sfdb_coverage.obj
 0001:00024ea0       _sf_debug_cc_get_coverage  10025ea0 f   sfc_debugmsvc80:sfdb_coverage.obj
 0001:00025310       _sf_debug_bm_clear_script_breakpoints 10026310 f   sfc_debugmsvc80:sfdb_breakpoints.obj
 0001:00025350       _sf_debug_bm_set_script_breakpoint 10026350 f   sfc_debugmsvc80:sfdb_breakpoints.obj
 0001:000253c0       _sf_debug_bm_clear_single_script_breakpoint 100263c0 f   sfc_debugmsvc80:sfdb_breakpoints.obj
 0001:00025430       _sf_debug_bm_query_script_breakpoint 10026430 f   sfc_debugmsvc80:sfdb_breakpoints.obj
 0001:00025480       _sf_debug_bm_initialize_scripts 10026480 f   sfc_debugmsvc80:sfdb_breakpoints.obj
 0001:00025a20       _sf_debug_bm_terminate     10026a20 f   sfc_debugmsvc80:sfdb_breakpoints.obj
 0001:00025ce0       _sf_debug_bm_remove_all_breakpoints_in_machine 10026ce0 f   sfc_debugmsvc80:sfdb_breakpoints.obj
 0001:00025d30       _sf_debug_bm_remove_all_breakpoints_in_chart 10026d30 f   sfc_debugmsvc80:sfdb_breakpoints.obj
 0001:00025e60       _sf_debug_bm_initialize_global_breakpoints 10026e60 f   sfc_debugmsvc80:sfdb_breakpoints.obj
 0001:00026010       _sf_debug_bm_set_breakpoint 10027010 f   sfc_debugmsvc80:sfdb_breakpoints.obj
 0001:00026570       _sf_debug_bm_set_eml_breakpoint 10027570 f   sfc_debugmsvc80:sfdb_breakpoints.obj
 0001:000265f0       _sf_debug_bm_initialize_machine_breakpoint_map 100275f0 f   sfc_debugmsvc80:sfdb_breakpoints.obj
 0001:00026990       _sf_debug_bm_is_a_breakpoint 10027990 f   sfc_debugmsvc80:sfdb_breakpoints.obj
 0001:00026db0       _sf_debug_bm_get_all_breakpoints_in_machine 10027db0 f   sfc_debugmsvc80:sfdb_breakpoints.obj
 0001:00027050       _sf_debug_bm_get_all_breakpoints_in_chart 10028050 f   sfc_debugmsvc80:sfdb_breakpoints.obj
 0001:00027a80       _sf_debug_bm_initialize_machine 10028a80 f   sfc_debugmsvc80:sfdb_breakpoints.obj
 0001:00027b20       _sf_debug_bm_initialize_chart 10028b20 f   sfc_debugmsvc80:sfdb_breakpoints.obj
 0001:00027eb0       _sf_debug_sc_terminate     10028eb0 f   sfc_debugmsvc80:sfdb_state_consistency.obj
 0001:00028130       _sf_debug_sc_is_chart_consistent 10029130 f   sfc_debugmsvc80:sfdb_state_consistency.obj
 0001:00028310       _sf_debug_sc_get_consistency_error_info 10029310 f   sfc_debugmsvc80:sfdb_state_consistency.obj
 0001:00028670       _sf_debug_tm_terminate     10029670 f   sfc_debugmsvc80:sfdb_call_stack.obj
 0001:00028710       _sf_debug_tm_push_chart_instance 10029710 f   sfc_debugmsvc80:sfdb_call_stack.obj
 0001:00028840       _sf_debug_tm_pop_chart_instance 10029840 f   sfc_debugmsvc80:sfdb_call_stack.obj
 0001:000288a0       _sf_debug_tm_push_trace_node 100298a0 f   sfc_debugmsvc80:sfdb_call_stack.obj
 0001:000289b0       _sf_debug_tm_pop_trace_node 100299b0 f   sfc_debugmsvc80:sfdb_call_stack.obj
 0001:00028a30       _sf_debug_tm_get_current_global_trace_index 10029a30 f   sfc_debugmsvc80:sfdb_call_stack.obj
 0001:00028a50       _sf_debug_tm_get_current_local_trace_index 10029a50 f   sfc_debugmsvc80:sfdb_call_stack.obj
 0001:00028a80       _sf_debug_tm_set_cycle_detected_flag 10029a80 f   sfc_debugmsvc80:sfdb_call_stack.obj
 0001:00028ad0       _sf_debug_tm_set_cycle_started_flag 10029ad0 f   sfc_debugmsvc80:sfdb_call_stack.obj
 0001:00028b20       _sf_debug_tm_get_chart_number_from_stack 10029b20 f   sfc_debugmsvc80:sfdb_call_stack.obj
 0001:00028cc0       _sf_debug_tm_browse_trace  10029cc0 f   sfc_debugmsvc80:sfdb_call_stack.obj
 0001:00028f30       _sf_debug_cd_initialize_instance 10029f30 f   sfc_debugmsvc80:sfdb_cycle_detection.obj
 0001:00029160       _sf_debug_cd_mark_processed_transition_in_instance 1002a160 f   sfc_debugmsvc80:sfdb_cycle_detection.obj
 0001:000291e0       _sf_debug_cd_checksum_push 1002a1e0 f   sfc_debugmsvc80:sfdb_cycle_detection.obj
 0001:000294e0       _sf_debug_cd_checksum_pop  1002a4e0 f   sfc_debugmsvc80:sfdb_cycle_detection.obj
 0001:00029540       _sf_debug_cd_turn_off_cycle_detection 1002a540 f   sfc_debugmsvc80:sfdb_cycle_detection.obj
 0001:00029590       _sf_debug_cd_terminate     1002a590 f   sfc_debugmsvc80:sfdb_cycle_detection.obj
 0001:00029760       _md5_initialize_state      1002a760 f   sfc_debugmsvc80:ckmd5.obj
 0001:00029ff0       _md5_update_state          1002aff0 f   sfc_debugmsvc80:ckmd5.obj
 0001:0002a010       _md5_get_hash              1002b010 f   sfc_debugmsvc80:ckmd5.obj
 0001:0002a030       _md5_get_hash_for_a_single_string 1002b030 f   sfc_debugmsvc80:ckmd5.obj
 0001:0002a09a       _mxGetPr                   1002b09a f   libmx:libmx.dll
 0001:0002a0a0       _mxCreateDoubleScalar      1002b0a0 f   libmx:libmx.dll
 0001:0002a0a6       _mxSetField_730            1002b0a6 f   libmx:libmx.dll
 0001:0002a0ac       _mxCreateDoubleMatrix_730  1002b0ac f   libmx:libmx.dll
 0001:0002a0b2       _mxCreateStructMatrix_730  1002b0b2 f   libmx:libmx.dll
 0001:0002a0b8       _mxDestroyArray            1002b0b8 f   libmx:libmx.dll
 0001:0002a0be       _mxCreateString            1002b0be f   libmx:libmx.dll
 0001:0002a0c4       _mxDuplicateArray          1002b0c4 f   libmx:libmx.dll
 0001:0002a0ca       _mxGetString_730           1002b0ca f   libmx:libmx.dll
 0001:0002a0d0       _mxIsChar                  1002b0d0 f   libmx:libmx.dll
 0001:0002a0d6       _mxGetClassID              1002b0d6 f   libmx:libmx.dll
 0001:0002a0dc       _mxIsNumeric               1002b0dc f   libmx:libmx.dll
 0001:0002a0e2       _mxIsComplex               1002b0e2 f   libmx:libmx.dll
 0001:0002a0e8       _mxGetN                    1002b0e8 f   libmx:libmx.dll
 0001:0002a0ee       _mxGetM                    1002b0ee f   libmx:libmx.dll
 0001:0002a0f4       _mxCalloc                  1002b0f4 f   libmx:libmx.dll
 0001:0002a0fa       _mxGetScalar               1002b0fa f   libmx:libmx.dll
 0001:0002a100       _mxIsLogical               1002b100 f   libmx:libmx.dll
 0001:0002a106       _mxCreateDoubleMatrix_700  1002b106 f   libmx:libmx.dll
 0001:0002a10c       _mxFree                    1002b10c f   libmx:libmx.dll
 0001:0002a112       _mxArrayToString           1002b112 f   libmx:libmx.dll
 0001:0002a118       _mxCreateCellMatrix_700    1002b118 f   libmx:libmx.dll
 0001:0002a11e       _mxSetCell_700             1002b11e f   libmx:libmx.dll
 0001:0002a124       _mxGetCell_700             1002b124 f   libmx:libmx.dll
 0001:0002a12a       _mxGetClassName            1002b12a f   libmx:libmx.dll
 0001:0002a130       _mxSetField_700            1002b130 f   libmx:libmx.dll
 0001:0002a136       _mxAddField                1002b136 f   libmx:libmx.dll
 0001:0002a13c       _mxGetField_700            1002b13c f   libmx:libmx.dll
 0001:0002a142       _mxGetNumberOfElements     1002b142 f   libmx:libmx.dll
 0001:0002a148       _mxIsStruct                1002b148 f   libmx:libmx.dll
 0001:0002a14e       _mxIsClass                 1002b14e f   libmx:libmx.dll
 0001:0002a154       _mxGetLogicals             1002b154 f   libmx:libmx.dll
 0001:0002a15a       _mxIsSparse                1002b15a f   libmx:libmx.dll
 0001:0002a160       _mxSetFieldByNumber_700    1002b160 f   libmx:libmx.dll
 0001:0002a166       _mxGetFieldByNumber_700    1002b166 f   libmx:libmx.dll
 0001:0002a16c       _mxGetFieldNameByNumber    1002b16c f   libmx:libmx.dll
 0001:0002a172       _mxGetNumberOfFields       1002b172 f   libmx:libmx.dll
 0001:0002a178       _mxCreateStructMatrix_700  1002b178 f   libmx:libmx.dll
 0001:0002a17e       _mxGetFieldNumber          1002b17e f   libmx:libmx.dll
 0001:0002a184       _mxIsNaN                   1002b184 f   libmx:libmx.dll
 0001:0002a18a       _mxIsEmpty                 1002b18a f   libmx:libmx.dll
 0001:0002a190       _mxGetData                 1002b190 f   libmx:libmx.dll
 0001:0002a196       _mxGetImagData             1002b196 f   libmx:libmx.dll
 0001:0002a19c       _mxArrayClassIDName        1002b19c f   libmx:libmx.dll
 0001:0002a1a2       _mxCreateNumericMatrix_700 1002b1a2 f   libmx:libmx.dll
 0001:0002a1a8       _mxCreateStructArray_700   1002b1a8 f   libmx:libmx.dll
 0001:0002a1ae       _mxCalcSingleSubscript_700 1002b1ae f   libmx:libmx.dll
 0001:0002a1b4       _mxGetDimensions_700       1002b1b4 f   libmx:libmx.dll
 0001:0002a1ba       _mxGetNumberOfDimensions_700 1002b1ba f   libmx:libmx.dll
 0001:0002a1c0       _mxCreateNumericArray_700  1002b1c0 f   libmx:libmx.dll
 0001:0002a1c6       _mxGetElementSize          1002b1c6 f   libmx:libmx.dll
 0001:0002a1cc       _mxCreateStringFromNChars_700 1002b1cc f   libmx:libmx.dll
 0001:0002a1d2       _mxGetString_700           1002b1d2 f   libmx:libmx.dll
 0001:0002a1d8       _mxIsLogicalScalarTrue     1002b1d8 f   libmx:libmx.dll
 0001:0002a1de       _mxCreateLogicalScalar     1002b1de f   libmx:libmx.dll
 0001:0002a1e4       _mexUnlock                 1002b1e4 f   libmex:libmex.dll
 0001:0002a1ea       _mexIsLocked               1002b1ea f   libmex:libmex.dll
 0001:0002a1f0       _mexWarnMsgTxt             1002b1f0 f   libmex:libmex.dll
 0001:0002a1f6       _mexCallMATLAB             1002b1f6 f   libmex:libmex.dll
 0001:0002a1fc       _mexErrMsgTxt              1002b1fc f   libmex:libmex.dll
 0001:0002a202       _mexSetTrapFlag            1002b202 f   libmex:libmex.dll
 0001:0002a208       _mexMakeArrayPersistent    1002b208 f   libmex:libmex.dll
 0001:0002a20e       _mexPutVariable            1002b20e f   libmex:libmex.dll
 0001:0002a214       _mexGetVariable            1002b214 f   libmex:libmex.dll
 0001:0002a21a       _mexLock                   1002b21a f   libmex:libmex.dll
 0001:0002a220       _mexMakeMemoryPersistent   1002b220 f   libmex:libmex.dll
 0001:0002a226       _mexFunctionName           1002b226 f   libmex:libmex.dll
 0001:0002a22c       _ssRegisterDataTypeFxpFSlopeFixExpBias 1002b22c f   libfixedpoint:libfixedpoint.dll
 0001:0002a232       _utVSNprintf               1002b232 f   libut:libut.dll
 0001:0002a238       _utCPUtime                 1002b238 f   libut:libut.dll
 0001:0002a23e       _utFree                    1002b23e f   libut:libut.dll
 0001:0002a244       _utMalloc                  1002b244 f   libut:libut.dll
 0001:0002a24a       _emlrtCheckBuiltInCtxR2011a 1002b24a f   libemlrt:libemlrt.dll
 0001:0002a250       _emlrtCheckVsBuiltInCtxR2011a 1002b250 f   libemlrt:libemlrt.dll
 0001:0002a256       _emlrtCheckEnumR2009a      1002b256 f   libemlrt:libemlrt.dll
 0001:0002a25c       _emlrtCreateEnumR2010a     1002b25c f   libemlrt:libemlrt.dll
 0001:0002a262       _emlrtGetEnumElementR2009a 1002b262 f   libemlrt:libemlrt.dll
 0001:0002a268       _emlrtCreateReference      1002b268 f   libemlrt:libemlrt.dll
 0001:0002a26e       _emlrtImportVsFiArrayR2009b 1002b26e f   libemlrt:libemlrt.dll
 0001:0002a274       _emlrtExtractMessageId     1002b274 f   libemlrt:libemlrt.dll
 0001:0002a27a       _emlrtTranslateMessageIDtoLCPstring 1002b27a f   libemlrt:libemlrt.dll
 0001:0002a280       _emlrtGetEnumUnderlyingArrayR2009a 1002b280 f   libemlrt:libemlrt.dll
 0001:0002a286       _emlrtIsEnumR2009a         1002b286 f   libemlrt:libemlrt.dll
 0001:0002a290       _memset                    1002b290 f   MSVCRT:MSVCR90.dll
 0001:0002a296       _malloc                    1002b296 f   MSVCRT:MSVCR90.dll
 0001:0002a29c       _free                      1002b29c f   MSVCRT:MSVCR90.dll
 0001:0002a2a2       _strcmp                    1002b2a2 f   MSVCRT:MSVCR90.dll
 0001:0002a2a8       @__security_check_cookie@4 1002b2a8 f   MSVCRT:secchk.obj
 0001:0002a2b8       _sprintf                   1002b2b8 f   MSVCRT:MSVCR90.dll
 0001:0002a2be       _strlen                    1002b2be f   MSVCRT:MSVCR90.dll
 0001:0002a2c4       _strcat                    1002b2c4 f   MSVCRT:MSVCR90.dll
 0001:0002a2d0       __ftol2_sse                1002b2d0 f   MSVCRT:ftol2.obj
 0001:0002a2d9       __ftol2_pentium4           1002b2d9 f   MSVCRT:ftol2.obj
 0001:0002a2ec       __ftol2_sse_excpt          1002b2ec f   MSVCRT:ftol2.obj
 0001:0002a306       __ftol2                    1002b306 f   MSVCRT:ftol2.obj
 0001:0002a37c       _memcpy                    1002b37c f   MSVCRT:MSVCR90.dll
 0001:0002a382       _NtCurrentTeb              1002b382 f i MSVCRT:crtdll.obj
 0001:0002a3d8       __CRT_INIT@12              1002b3d8 f   MSVCRT:crtdll.obj
 0001:0002a714       __DllMainCRTStartup@12     1002b714 f   MSVCRT:crtdll.obj
 0001:0002a738       _strncpy                   1002b738 f   MSVCRT:MSVCR90.dll
 0001:0002a740       __chkstk                   1002b740 f   MSVCRT:chkstk.obj
 0001:0002a740       __alloca_probe             1002b740     MSVCRT:chkstk.obj
 0001:0002a76c       _longjmp                   1002b76c f   MSVCRT:MSVCR90.dll
 0001:0002a772       _strncmp                   1002b772 f   MSVCRT:MSVCR90.dll
 0001:0002a778       _ceil                      1002b778 f   MSVCRT:MSVCR90.dll
 0001:0002a77e       _strrchr                   1002b77e f   MSVCRT:MSVCR90.dll
 0001:0002a784       __setjmp3                  1002b784 f   MSVCRT:MSVCR90.dll
 0001:0002a78a       _calloc                    1002b78a f   MSVCRT:MSVCR90.dll
 0001:0002a790       _realloc                   1002b790 f   MSVCRT:MSVCR90.dll
 0001:0002a796       _ldexp                     1002b796 f   MSVCRT:MSVCR90.dll
 0001:0002a79c       ___report_gsfailure        1002b79c f   MSVCRT:gs_report.obj
 0001:0002a8f2       __get_sse2_info            1002b8f2 f   MSVCRT:cpu_disp.obj
 0001:0002a954       ___sse2_available_init     1002b954 f   MSVCRT:cpu_disp.obj
 0001:0002a961       ___clean_type_info_names   1002b961 f   MSVCRT:tncleanup.obj
 0001:0002a96d       __onexit                   1002b96d f   MSVCRT:atonexit.obj
 0001:0002aa12       _atexit                    1002ba12 f   MSVCRT:atonexit.obj
 0001:0002aa29       __RTC_Initialize           1002ba29 f   MSVCRT:_initsect_.obj
 0001:0002aa4f       __RTC_Terminate            1002ba4f f   MSVCRT:_initsect_.obj
 0001:0002aa76       __encode_pointer           1002ba76 f   MSVCRT:MSVCR90.dll
 0001:0002aa7c       __malloc_crt               1002ba7c f   MSVCRT:MSVCR90.dll
 0001:0002aa82       __encoded_null             1002ba82 f   MSVCRT:MSVCR90.dll
 0001:0002aa88       __decode_pointer           1002ba88 f   MSVCRT:MSVCR90.dll
 0001:0002aa90       __ValidateImageBase        1002ba90 f   MSVCRT:pesect.obj
 0001:0002aad0       __FindPESection            1002bad0 f   MSVCRT:pesect.obj
 0001:0002ab20       __IsNonwritableInCurrentImage 1002bb20 f   MSVCRT:pesect.obj
 0001:0002abde       __initterm                 1002bbde f   MSVCRT:MSVCR90.dll
 0001:0002abe4       __initterm_e               1002bbe4 f   MSVCRT:MSVCR90.dll
 0001:0002abea       __amsg_exit                1002bbea f   MSVCRT:MSVCR90.dll
 0001:0002abf0       ___CppXcptFilter           1002bbf0 f   MSVCRT:MSVCR90.dll
 0001:0002abf6       _DllMain@12                1002bbf6 f   MSVCRT:dllmain.obj
 0001:0002ac1c       __SEH_prolog4              1002bc1c f   MSVCRT:sehprolg4.obj
 0001:0002ac61       __SEH_epilog4              1002bc61 f   MSVCRT:sehprolg4.obj
 0001:0002ac75       __except_handler4          1002bc75 f   MSVCRT:chandler4gs.obj
 0001:0002ac9a       ___security_init_cookie    1002bc9a f   MSVCRT:gs_support.obj
 0001:0002ad30       __crt_debugger_hook        1002bd30 f   MSVCRT:MSVCR90.dll
 0001:0002ad36       ___clean_type_info_names_internal 1002bd36 f   MSVCRT:MSVCR90.dll
 0001:0002ad3c       __unlock                   1002bd3c f   MSVCRT:MSVCR90.dll
 0001:0002ad42       ___dllonexit               1002bd42 f   MSVCRT:MSVCR90.dll
 0001:0002ad48       __lock                     1002bd48 f   MSVCRT:MSVCR90.dll
 0001:0002ad4e       __except_handler4_common   1002bd4e f   MSVCRT:MSVCR90.dll
 0001:0002ad54       _InterlockedExchange@8     1002bd54 f   kernel32:KERNEL32.dll
 0001:0002ad5a       _Sleep@4                   1002bd5a f   kernel32:KERNEL32.dll
 0001:0002ad60       _InterlockedCompareExchange@12 1002bd60 f   kernel32:KERNEL32.dll
 0001:0002ad66       _TerminateProcess@8        1002bd66 f   kernel32:KERNEL32.dll
 0001:0002ad6c       _GetCurrentProcess@0       1002bd6c f   kernel32:KERNEL32.dll
 0001:0002ad72       _UnhandledExceptionFilter@4 1002bd72 f   kernel32:KERNEL32.dll
 0001:0002ad78       _SetUnhandledExceptionFilter@4 1002bd78 f   kernel32:KERNEL32.dll
 0001:0002ad7e       _IsDebuggerPresent@0       1002bd7e f   kernel32:KERNEL32.dll
 0001:0002ad84       _DisableThreadLibraryCalls@4 1002bd84 f   kernel32:KERNEL32.dll
 0001:0002ad8a       _QueryPerformanceCounter@4 1002bd8a f   kernel32:KERNEL32.dll
 0001:0002ad90       _GetTickCount@0            1002bd90 f   kernel32:KERNEL32.dll
 0001:0002ad96       _GetCurrentThreadId@0      1002bd96 f   kernel32:KERNEL32.dll
 0001:0002ad9c       _GetCurrentProcessId@0     1002bd9c f   kernel32:KERNEL32.dll
 0001:0002ada2       _GetSystemTimeAsFileTime@4 1002bda2 f   kernel32:KERNEL32.dll
 0002:00000000       __imp__GetSystemTimeAsFileTime@4 1002c000     kernel32:KERNEL32.dll
 0002:00000004       __imp__GetCurrentProcessId@0 1002c004     kernel32:KERNEL32.dll
 0002:00000008       __imp__GetCurrentThreadId@0 1002c008     kernel32:KERNEL32.dll
 0002:0000000c       __imp__GetTickCount@0      1002c00c     kernel32:KERNEL32.dll
 0002:00000010       __imp__QueryPerformanceCounter@4 1002c010     kernel32:KERNEL32.dll
 0002:00000014       __imp__DisableThreadLibraryCalls@4 1002c014     kernel32:KERNEL32.dll
 0002:00000018       __imp__IsDebuggerPresent@0 1002c018     kernel32:KERNEL32.dll
 0002:0000001c       __imp__SetUnhandledExceptionFilter@4 1002c01c     kernel32:KERNEL32.dll
 0002:00000020       __imp__UnhandledExceptionFilter@4 1002c020     kernel32:KERNEL32.dll
 0002:00000024       __imp__GetCurrentProcess@0 1002c024     kernel32:KERNEL32.dll
 0002:00000028       __imp__TerminateProcess@8  1002c028     kernel32:KERNEL32.dll
 0002:0000002c       __imp__InterlockedCompareExchange@12 1002c02c     kernel32:KERNEL32.dll
 0002:00000030       __imp__Sleep@4             1002c030     kernel32:KERNEL32.dll
 0002:00000034       __imp__InterlockedExchange@8 1002c034     kernel32:KERNEL32.dll
 0002:00000038       \177KERNEL32_NULL_THUNK_DATA 1002c038     kernel32:KERNEL32.dll
 0002:0000003c       __imp___except_handler4_common 1002c03c     MSVCRT:MSVCR90.dll
 0002:00000040       __imp___onexit             1002c040     MSVCRT:MSVCR90.dll
 0002:00000044       __imp___lock               1002c044     MSVCRT:MSVCR90.dll
 0002:00000048       __imp____dllonexit         1002c048     MSVCRT:MSVCR90.dll
 0002:0000004c       __imp___unlock             1002c04c     MSVCRT:MSVCR90.dll
 0002:00000050       __imp____clean_type_info_names_internal 1002c050     MSVCRT:MSVCR90.dll
 0002:00000054       __imp___crt_debugger_hook  1002c054     MSVCRT:MSVCR90.dll
 0002:00000058       __imp____CppXcptFilter     1002c058     MSVCRT:MSVCR90.dll
 0002:0000005c       __imp___adjust_fdiv        1002c05c     MSVCRT:MSVCR90.dll
 0002:00000060       __imp___amsg_exit          1002c060     MSVCRT:MSVCR90.dll
 0002:00000064       __imp___initterm_e         1002c064     MSVCRT:MSVCR90.dll
 0002:00000068       __imp___initterm           1002c068     MSVCRT:MSVCR90.dll
 0002:0000006c       __imp___decode_pointer     1002c06c     MSVCRT:MSVCR90.dll
 0002:00000070       __imp___encoded_null       1002c070     MSVCRT:MSVCR90.dll
 0002:00000074       __imp___malloc_crt         1002c074     MSVCRT:MSVCR90.dll
 0002:00000078       __imp___encode_pointer     1002c078     MSVCRT:MSVCR90.dll
 0002:0000007c       __imp__ldexp               1002c07c     MSVCRT:MSVCR90.dll
 0002:00000080       __imp__realloc             1002c080     MSVCRT:MSVCR90.dll
 0002:00000084       __imp__calloc              1002c084     MSVCRT:MSVCR90.dll
 0002:00000088       __imp___setjmp3            1002c088     MSVCRT:MSVCR90.dll
 0002:0000008c       __imp__strrchr             1002c08c     MSVCRT:MSVCR90.dll
 0002:00000090       __imp__ceil                1002c090     MSVCRT:MSVCR90.dll
 0002:00000094       __imp__strncmp             1002c094     MSVCRT:MSVCR90.dll
 0002:00000098       __imp__longjmp             1002c098     MSVCRT:MSVCR90.dll
 0002:0000009c       __imp__strncpy             1002c09c     MSVCRT:MSVCR90.dll
 0002:000000a0       __imp__memcpy              1002c0a0     MSVCRT:MSVCR90.dll
 0002:000000a4       __imp__strcat              1002c0a4     MSVCRT:MSVCR90.dll
 0002:000000a8       __imp__strlen              1002c0a8     MSVCRT:MSVCR90.dll
 0002:000000ac       __imp__sprintf             1002c0ac     MSVCRT:MSVCR90.dll
 0002:000000b0       __imp__strcmp              1002c0b0     MSVCRT:MSVCR90.dll
 0002:000000b4       __imp__free                1002c0b4     MSVCRT:MSVCR90.dll
 0002:000000b8       __imp__malloc              1002c0b8     MSVCRT:MSVCR90.dll
 0002:000000bc       __imp__memset              1002c0bc     MSVCRT:MSVCR90.dll
 0002:000000c0       \177MSVCR90_NULL_THUNK_DATA 1002c0c0     MSVCRT:MSVCR90.dll
 0002:000000c4       __imp__emlrtIsEnumR2009a   1002c0c4     libemlrt:libemlrt.dll
 0002:000000c8       __imp__emlrtGetEnumUnderlyingArrayR2009a 1002c0c8     libemlrt:libemlrt.dll
 0002:000000cc       __imp__emlrtTranslateMessageIDtoLCPstring 1002c0cc     libemlrt:libemlrt.dll
 0002:000000d0       __imp__emlrtExtractMessageId 1002c0d0     libemlrt:libemlrt.dll
 0002:000000d4       __imp__emlrtImportVsFiArrayR2009b 1002c0d4     libemlrt:libemlrt.dll
 0002:000000d8       __imp__emlrtCreateReference 1002c0d8     libemlrt:libemlrt.dll
 0002:000000dc       __imp__emlrtCheckVsBuiltInCtxR2011a 1002c0dc     libemlrt:libemlrt.dll
 0002:000000e0       __imp__emlrtCheckEnumR2009a 1002c0e0     libemlrt:libemlrt.dll
 0002:000000e4       __imp__emlrtCreateEnumR2010a 1002c0e4     libemlrt:libemlrt.dll
 0002:000000e8       __imp__emlrtGetEnumElementR2009a 1002c0e8     libemlrt:libemlrt.dll
 0002:000000ec       __imp__emlrtCheckBuiltInCtxR2011a 1002c0ec     libemlrt:libemlrt.dll
 0002:000000f0       \177libemlrt_NULL_THUNK_DATA 1002c0f0     libemlrt:libemlrt.dll
 0002:000000f4       __imp__ssRegisterDataTypeFxpFSlopeFixExpBias 1002c0f4     libfixedpoint:libfixedpoint.dll
 0002:000000f8       \177libfixedpoint_NULL_THUNK_DATA 1002c0f8     libfixedpoint:libfixedpoint.dll
 0002:000000fc       __imp__mexGetVariable      1002c0fc     libmex:libmex.dll
 0002:00000100       __imp__mexErrMsgTxt        1002c100     libmex:libmex.dll
 0002:00000104       __imp__mexMakeMemoryPersistent 1002c104     libmex:libmex.dll
 0002:00000108       __imp__mexFunctionName     1002c108     libmex:libmex.dll
 0002:0000010c       __imp__mexLock             1002c10c     libmex:libmex.dll
 0002:00000110       __imp__mexPutVariable      1002c110     libmex:libmex.dll
 0002:00000114       __imp__mexSetTrapFlag      1002c114     libmex:libmex.dll
 0002:00000118       __imp__mexCallMATLAB       1002c118     libmex:libmex.dll
 0002:0000011c       __imp__mexWarnMsgTxt       1002c11c     libmex:libmex.dll
 0002:00000120       __imp__mexIsLocked         1002c120     libmex:libmex.dll
 0002:00000124       __imp__mexUnlock           1002c124     libmex:libmex.dll
 0002:00000128       __imp__mexMakeArrayPersistent 1002c128     libmex:libmex.dll
 0002:0000012c       \177libmex_NULL_THUNK_DATA 1002c12c     libmex:libmex.dll
 0002:00000130       __imp__mxIsClass           1002c130     libmx:libmx.dll
 0002:00000134       __imp__mxCreateDoubleScalar 1002c134     libmx:libmx.dll
 0002:00000138       __imp__mxSetField_730      1002c138     libmx:libmx.dll
 0002:0000013c       __imp__mxCreateDoubleMatrix_730 1002c13c     libmx:libmx.dll
 0002:00000140       __imp__mxCreateStructMatrix_730 1002c140     libmx:libmx.dll
 0002:00000144       __imp__mxCreateLogicalScalar 1002c144     libmx:libmx.dll
 0002:00000148       __imp__mxIsLogicalScalarTrue 1002c148     libmx:libmx.dll
 0002:0000014c       __imp__mxGetString_700     1002c14c     libmx:libmx.dll
 0002:00000150       __imp__mxCreateStringFromNChars_700 1002c150     libmx:libmx.dll
 0002:00000154       __imp__mxGetElementSize    1002c154     libmx:libmx.dll
 0002:00000158       __imp__mxCreateNumericArray_700 1002c158     libmx:libmx.dll
 0002:0000015c       __imp__mxGetNumberOfDimensions_700 1002c15c     libmx:libmx.dll
 0002:00000160       __imp__mxGetDimensions_700 1002c160     libmx:libmx.dll
 0002:00000164       __imp__mxCalcSingleSubscript_700 1002c164     libmx:libmx.dll
 0002:00000168       __imp__mxCreateStructArray_700 1002c168     libmx:libmx.dll
 0002:0000016c       __imp__mxCreateNumericMatrix_700 1002c16c     libmx:libmx.dll
 0002:00000170       __imp__mxArrayClassIDName  1002c170     libmx:libmx.dll
 0002:00000174       __imp__mxGetImagData       1002c174     libmx:libmx.dll
 0002:00000178       __imp__mxGetData           1002c178     libmx:libmx.dll
 0002:0000017c       __imp__mxIsEmpty           1002c17c     libmx:libmx.dll
 0002:00000180       __imp__mxIsNaN             1002c180     libmx:libmx.dll
 0002:00000184       __imp__mxGetFieldNumber    1002c184     libmx:libmx.dll
 0002:00000188       __imp__mxCreateStructMatrix_700 1002c188     libmx:libmx.dll
 0002:0000018c       __imp__mxGetNumberOfFields 1002c18c     libmx:libmx.dll
 0002:00000190       __imp__mxGetFieldNameByNumber 1002c190     libmx:libmx.dll
 0002:00000194       __imp__mxGetFieldByNumber_700 1002c194     libmx:libmx.dll
 0002:00000198       __imp__mxSetFieldByNumber_700 1002c198     libmx:libmx.dll
 0002:0000019c       __imp__mxIsSparse          1002c19c     libmx:libmx.dll
 0002:000001a0       __imp__mxGetLogicals       1002c1a0     libmx:libmx.dll
 0002:000001a4       __imp__mxGetPr             1002c1a4     libmx:libmx.dll
 0002:000001a8       __imp__mxIsStruct          1002c1a8     libmx:libmx.dll
 0002:000001ac       __imp__mxGetNumberOfElements 1002c1ac     libmx:libmx.dll
 0002:000001b0       __imp__mxGetField_700      1002c1b0     libmx:libmx.dll
 0002:000001b4       __imp__mxAddField          1002c1b4     libmx:libmx.dll
 0002:000001b8       __imp__mxSetField_700      1002c1b8     libmx:libmx.dll
 0002:000001bc       __imp__mxGetClassName      1002c1bc     libmx:libmx.dll
 0002:000001c0       __imp__mxGetCell_700       1002c1c0     libmx:libmx.dll
 0002:000001c4       __imp__mxSetCell_700       1002c1c4     libmx:libmx.dll
 0002:000001c8       __imp__mxCreateCellMatrix_700 1002c1c8     libmx:libmx.dll
 0002:000001cc       __imp__mxArrayToString     1002c1cc     libmx:libmx.dll
 0002:000001d0       __imp__mxFree              1002c1d0     libmx:libmx.dll
 0002:000001d4       __imp__mxCreateDoubleMatrix_700 1002c1d4     libmx:libmx.dll
 0002:000001d8       __imp__mxIsLogical         1002c1d8     libmx:libmx.dll
 0002:000001dc       __imp__mxGetScalar         1002c1dc     libmx:libmx.dll
 0002:000001e0       __imp__mxCalloc            1002c1e0     libmx:libmx.dll
 0002:000001e4       __imp__mxGetM              1002c1e4     libmx:libmx.dll
 0002:000001e8       __imp__mxGetN              1002c1e8     libmx:libmx.dll
 0002:000001ec       __imp__mxIsComplex         1002c1ec     libmx:libmx.dll
 0002:000001f0       __imp__mxIsNumeric         1002c1f0     libmx:libmx.dll
 0002:000001f4       __imp__mxGetClassID        1002c1f4     libmx:libmx.dll
 0002:000001f8       __imp__mxIsChar            1002c1f8     libmx:libmx.dll
 0002:000001fc       __imp__mxGetString_730     1002c1fc     libmx:libmx.dll
 0002:00000200       __imp__mxDuplicateArray    1002c200     libmx:libmx.dll
 0002:00000204       __imp__mxCreateString      1002c204     libmx:libmx.dll
 0002:00000208       __imp__mxDestroyArray      1002c208     libmx:libmx.dll
 0002:0000020c       \177libmx_NULL_THUNK_DATA  1002c20c     libmx:libmx.dll
 0002:00000210       __imp__utCPUtime           1002c210     libut:libut.dll
 0002:00000214       __imp__utFree              1002c214     libut:libut.dll
 0002:00000218       __imp__utMalloc            1002c218     libut:libut.dll
 0002:0000021c       __imp__utVSNprintf         1002c21c     libut:libut.dll
 0002:00000220       \177libut_NULL_THUNK_DATA  1002c220     libut:libut.dll
 0002:00000224       ___xc_a                    1002c224     MSVCRT:cinitexe.obj
 0002:00000228       ___xc_z                    1002c228     MSVCRT:cinitexe.obj
 0002:0000022c       ___xi_a                    1002c22c     MSVCRT:cinitexe.obj
 0002:00000238       ___xi_z                    1002c238     MSVCRT:cinitexe.obj
 0002:00000240       __real@41e354cc39400000    1002c240     c1_HoppingLEGSimple.obj
 0002:00000248       __real@41e50a0f89c00000    1002c248     c1_HoppingLEGSimple.obj
 0002:00000250       __real@41eacf5f18a00000    1002c250     c1_HoppingLEGSimple.obj
 0002:00000258       __real@41c9c602b1000000    1002c258     c1_HoppingLEGSimple.obj
 0002:00000260       __real@0000000000000000    1002c260     c1_HoppingLEGSimple.obj
 0002:00000268       __real@4024000000000000    1002c268     c1_HoppingLEGSimple.obj
 0002:00000270       __real@3ff0000000000000    1002c270     c1_HoppingLEGSimple.obj
 0002:00000278       __real@41e28e0e9a600000    1002c278     c1_HoppingLEGSimple.obj
 0002:00000280       __real@41e276632ac00000    1002c280     c1_HoppingLEGSimple.obj
 0002:00000288       __real@41d10c38bf400000    1002c288     c1_HoppingLEGSimple.obj
 0002:00000290       __real@41b5a3bfad000000    1002c290     c1_HoppingLEGSimple.obj
 0002:00000298       __real@403e000000000000    1002c298     c1_HoppingLEGSimple.obj
 0002:000002a0       __real@bff0000000000000    1002c2a0     c1_HoppingLEGSimple.obj
 0002:000002a8       __real@40239eb851eb851f    1002c2a8     c1_HoppingLEGSimple.obj
 0002:000002b0       __real@c01c2d288ce703b0    1002c2b0     c1_HoppingLEGSimple.obj
 0002:000002b8       _DYNAMIC_DIMENSION_DEF     1002c2b8     HoppingLEGSimple_sfun_registry.obj
[...]
 0001:00008d10       _size_mismatch_error       10009d10 f   sfc_mexmsvc80:sfc_mex.obj
 0001:00009540       _check_array_dimensions    1000a540 f   sfc_mexmsvc80:sfc_mex.obj
 0001:00009590       _check_input_mxarray       1000a590 f   sfc_mexmsvc80:sfc_mex.obj
 0001:00009c30       _sf_numeric_value_to_double 1000ac30 f   sfc_mexmsvc80:sfc_mex.obj
 0001:00009c70       _ml_generic_out_of_bounds_check 1000ac70 f   sfc_mexmsvc80:sfc_mex.obj
 0001:00009e00       _ml_get_element_value_from_array 1000ae00 f   sfc_mexmsvc80:sfc_mex.obj
 0001:0000a2d0       __ml_generic_castability_check 1000b2d0 f   sfc_mexmsvc80:sfc_mex.obj
 0001:0000ab60       _ml_generic_castability_check 1000bb60 f   sfc_mexmsvc80:sfc_mex.obj
 0001:0000abc0       _ml_check_mx_array_for_single_castability 1000bbc0 f   sfc_mexmsvc80:sfc_mex.obj
 0001:0000ac30       _ml_check_mx_array_for_logical_castability 1000bc30 f   sfc_mexmsvc80:sfc_mex.obj
 0001:0000ac90       _ml_check_mx_array_for_int8_castability 1000bc90 f   sfc_mexmsvc80:sfc_mex.obj
 0001:0000ad20       _ml_check_mx_array_for_uint8_castability 1000bd20 f   sfc_mexmsvc80:sfc_mex.obj
 0001:0000ad90       _ml_check_mx_array_for_int16_castability 1000bd90 f   sfc_mexmsvc80:sfc_mex.obj
 0001:0000ae00       _ml_check_mx_array_for_uint16_castability 1000be00 f   sfc_mexmsvc80:sfc_mex.obj
 0001:0000ae70       _ml_check_mx_array_for_int32_castability 1000be70 f   sfc_mexmsvc80:sfc_mex.obj
 0001:0000aee0       _ml_check_mx_array_for_uint32_castability 1000bee0 f   sfc_mexmsvc80:sfc_mex.obj
 0001:0000af50       _ml_check_mx_array_for_castability 1000bf50 f   sfc_mexmsvc80:sfc_mex.obj
 0001:0000b5d0       _set_data_value            1000c5d0 f   sfc_mexmsvc80:sfc_mex.obj
 0001:0000baa0       _get_data_value            1000caa0 f   sfc_mexmsvc80:sfc_mex.obj
 0001:0000bba0       _get_next_element_address  1000cba0 f   sfc_mexmsvc80:sfc_mex.obj
 0001:0000bc40       _sf_normalize_index        1000cc40 f   sfc_mexmsvc80:sfc_mex.obj
 0001:0000bed0       _ml_array_index_bound_check 1000ced0 f   sfc_mexmsvc80:sfc_mex.obj
 0001:0000c7a0       _mx_value                  1000d7a0 f   sfc_mexmsvc80:sfc_mex.obj
 0001:0000c7f0       _sf_create_numeric_array   1000d7f0 f   sfc_mexmsvc80:sfc_mex.obj
 0001:0000c870       _sf_mex_assign_to_mx_array 1000d870 f   sfc_mexmsvc80:sfc_mex.obj
 0001:0000cad0       _assign_from_mx_array      1000dad0 f   sfc_mexmsvc80:sfc_mex.obj
 0001:0000d290       _sf_mex_import_v           1000e290 f   sfc_mexmsvc80:sfc_mex.obj
 0001:0000d610       _get_machine_and_chart_file_number 1000e610 f   sfc_mexmsvc80:sfc_sf.obj
 0001:0000d6d0       _get_sfun_block_specialization 1000e6d0 f   sfc_mexmsvc80:sfc_sf.obj
 0001:0000d730       _call_sf_machine_global_method_dispatcher 1000e730 f   sfc_mexmsvc80:sfc_sf.obj
 0001:0000d8e0       _mdl_zeroCrossings_processing 1000e8e0 f   sfc_mexmsvc80:sfc_sf.obj
 0001:0000d990       _mdl_derivatives_processing 1000e990 f   sfc_mexmsvc80:sfc_sf.obj
 0001:0000dc10       _mdl_outputs_continuous_legacy 1000ec10 f   sfc_mexmsvc80:sfc_sf.obj
 0001:0000dc90       _mdl_outputs_processing    1000ec90 f   sfc_mexmsvc80:sfc_sf.obj
 0001:0000ded0       _mdl_enable_processing     1000eed0 f   sfc_mexmsvc80:sfc_sf.obj
 0001:0000df80       _mdl_disable_processing    1000ef80 f   sfc_mexmsvc80:sfc_sf.obj
 0001:0000e650       _write_symbol_mapping      1000f650 f   sfc_mexmsvc80:sfc_sf.obj
 0001:0000ec80       _sf_call_output_fcn_enable_disable 1000fc80 f   sfc_mexmsvc80:sfc_sf.obj
 0001:0000eea0       _set_dwork_information_from_mx_array 1000fea0 f   sfc_mexmsvc80:sfc_sf.obj
 0001:0000f7a0       _ptr2mxStruct              100107a0 f   sfc_mexmsvc80:sfc_sf.obj
 0001:0000f9c0       _SNPRINTF_WRAPPER          100109c0 f   sfc_debugmsvc80:sfcdebug.obj
 0001:0000f9e0       _sf_debug_chart_instance_initialized_quick 100109e0 f   sfc_debugmsvc80:sfcdebug.obj
 0001:0000f9f0       _sf_debug_chart_instance_initialized 100109f0 f   sfc_debugmsvc80:sfcdebug.obj
 0001:0000fb70       _sfrtAddSize               10010b70 f   sfc_debugmsvc80:sfcdebug.obj
 0001:0000fc20       _sfrtGenSizeString         10010c20 f   sfc_debugmsvc80:sfcdebug.obj
 0001:000100a0       _sf_debug_sim_status_listener 100110a0 f   sfc_debugmsvc80:sfcdebug.obj
 0001:00010510       _sf_debug_form_mask_bits   10011510 f   sfc_debugmsvc80:sfcdebug.obj
 0001:00010550       _sf_debug_form_sf_data_type_offsets 10011550 f   sfc_debugmsvc80:sfcdebug.obj
 0001:000105e0       _sf_debug_free_all         100115e0 f   sfc_debugmsvc80:sfcdebug.obj
 0001:00010760       _sf_debug_append_debugger_context 10011760 f   sfc_debugmsvc80:sfcdebug.obj
 0001:00010a40       _local_strdup              10011a40 f   sfc_debugmsvc80:sfcdebug.obj
 0001:000116a0       _sf_debug_em_terminate     100126a0 f   sfc_debugmsvc80:sfcdebug.obj
 0001:000116e0       _sf_debug_push_eml_function 100126e0 f   sfc_debugmsvc80:sfcdebug.obj
 0001:00011770       _sf_debug_pop_eml_function 10012770 f   sfc_debugmsvc80:sfcdebug.obj
 0001:00012050       _sf_debug_get_machine_number_from_id_or_name 10013050 f   sfc_debugmsvc80:sfcdebug.obj
 0001:000121b0       _sf_debug_get_chart_number_from_id 100131b0 f   sfc_debugmsvc80:sfcdebug.obj
 0001:00012ad0       _sf_debug_transfer_control_to_debugger_GUI 10013ad0 f   sfc_debugmsvc80:sfcdebug.obj
 0001:00013840       _sf_debug_scripts_rehash   10014840 f   sfc_debugmsvc80:sfcdebug.obj
 0001:000139f0       _sf_debug_get_script_line_count 100149f0 f   sfc_debugmsvc80:sfcdebug.obj
 0001:00013e90       _cv_eml_state_cvId         10014e90 f   sfc_debugmsvc80:sfcdebug.obj
 0001:00014b50       _sf_debug_data_array_bounds_error 10015b50 f   sfc_debugmsvc80:sfcdebug.obj
 0001:00014e60       _eml_debug_runtime_error_doclink 10015e60 f   sfc_debugmsvc80:sfcdebug.obj
 0001:00014fa0       _sf_debug_runtime_error    10015fa0 f   sfc_debugmsvc80:sfcdebug.obj
 0001:00014ff0       _sf_debug_matlab_error     10015ff0 f   sfc_debugmsvc80:sfcdebug.obj
 0001:00015500       _sf_debug_data_value_error 10016500 f   sfc_debugmsvc80:sfcdebug.obj
 0001:00015b00       _sf_debug_data_loss_error  10016b00 f   sfc_debugmsvc80:sfcdebug.obj
 0001:000163c0       _call_cv_range_check       100173c0 f   sfc_debugmsvc80:sfcdebug.obj
 0001:00016930       _sf_debug_invoke_cycle_detection_code 10017930 f   sfc_debugmsvc80:sfcdebug.obj
 0001:000172f0       _sf_reset_debug_info_struct 100182f0 f   sfc_debugmsvc80:sfcdebug.obj
 0001:000179c0       _cv_script_cvId            100189c0 f   sfc_debugmsvc80:sfcdebug.obj
 0001:000181b0       _sfc_api_chart_visible     100191b0 f   sfc_debugmsvc80:sfc_api.obj
 0001:00018260       _sfc_api_active_instance   10019260 f   sfc_debugmsvc80:sfc_api.obj
 0001:00018300       _sfc_api_machine_load      10019300 f   sfc_debugmsvc80:sfc_api.obj
 0001:00018400       _sfc_api_debugger_alive    10019400 f   sfc_debugmsvc80:sfc_api.obj
 0001:00018410       _sfc_api_go                10019410 f   sfc_debugmsvc80:sfc_api.obj
 0001:00018420       _sfc_api_step_over         10019420 f   sfc_debugmsvc80:sfc_api.obj
 0001:00018430       _sfc_api_step_out          10019430 f   sfc_debugmsvc80:sfc_api.obj
 0001:00018440       _sfc_api_resume            10019440 f   sfc_debugmsvc80:sfc_api.obj
 0001:00018450       _sfc_api_break             10019450 f   sfc_debugmsvc80:sfc_api.obj
 0001:00018460       _sfc_api_stop_debugging    10019460 f   sfc_debugmsvc80:sfc_api.obj
 0001:000184b0       _sfc_api_is_cycle_detected 100194b0 f   sfc_debugmsvc80:sfc_api.obj
 0001:00018500       _sfc_api_is_array_bounds_detected 10019500 f   sfc_debugmsvc80:sfc_api.obj
 0001:00018550       _sfc_api_set_disable_all_breakpoints 10019550 f   sfc_debugmsvc80:sfc_api.obj
 0001:000185e0       _sfc_api_disable_all_breakpoints_and_go 100195e0 f   sfc_debugmsvc80:sfc_api.obj
 0001:000185f0       _sfc_api_close             100195f0 f   sfc_debugmsvc80:sfc_api.obj
 0001:00018600       _sfc_api_browse_data       10019600 f   sfc_debugmsvc80:sfc_api.obj
 0001:00018680       _sfc_api_watch_data        10019680 f   sfc_debugmsvc80:sfc_api.obj
 0001:00018700       _sfc_api_assign_data       10019700 f   sfc_debugmsvc80:sfc_api.obj
 0001:00018780       _sfc_api_whos              10019780 f   sfc_debugmsvc80:sfc_api.obj
 0001:00018810       _sfc_api_get_consistency_info 10019810 f   sfc_debugmsvc80:sfc_api.obj
 0001:00018830       _sfc_api_browse_trace      10019830 f   sfc_debugmsvc80:sfc_api.obj
 0001:00018850       _sfc_api_break_on_chart_entry 10019850 f   sfc_debugmsvc80:sfc_api.obj
 0001:00018890       _sfc_api_break_on_event_broadcast 10019890 f   sfc_debugmsvc80:sfc_api.obj
 0001:000188d0       _sfc_api_break_on_state_entry 100198d0 f   sfc_debugmsvc80:sfc_api.obj
 0001:00018910       _sfc_api_set_watch         10019910 f   sfc_debugmsvc80:sfc_api.obj
 0001:000189f0       _sfc_api_set_breakpoints   100199f0 f   sfc_debugmsvc80:sfc_api.obj
 0001:00018ad0       _sfc_api_set_eml_breakpoints 10019ad0 f   sfc_debugmsvc80:sfc_api.obj
 0001:00018b80       _sfc_api_set_script_breakpoints 10019b80 f   sfc_debugmsvc80:sfc_api.obj
 0001:00018be0       _sfc_api_add_script_breakpoints 10019be0 f   sfc_debugmsvc80:sfc_api.obj
 0001:00018c40       _sfc_api_clear_script_breakpoints 10019c40 f   sfc_debugmsvc80:sfc_api.obj
 0001:00018ca0       _sfc_api_query_script_breakpoints 10019ca0 f   sfc_debugmsvc80:sfc_api.obj
 0001:00018d10       _sfc_api_get_script_id     10019d10 f   sfc_debugmsvc80:sfc_api.obj
 0001:00018db0       _sfc_api_get_active_states 10019db0 f   sfc_debugmsvc80:sfc_api.obj
 0001:00018e20       _sfc_api_break_between_times 10019e20 f   sfc_debugmsvc80:sfc_api.obj
 0001:00018e80       _sfc_api_get_instance_handle 10019e80 f   sfc_debugmsvc80:sfc_api.obj
 0001:00018f60       _sfc_api_get_coverage      10019f60 f   sfc_debugmsvc80:sfc_api.obj
 0001:00018fd0       _sfc_api_set_animation     10019fd0 f   sfc_debugmsvc80:sfc_api.obj
 0001:00019030       _sfc_api_select_chart      1001a030 f   sfc_debugmsvc80:sfc_api.obj
 0001:000190c0       _sfc_api_select_charts     1001a0c0 f   sfc_debugmsvc80:sfc_api.obj
 0001:000190f0       _sfc_api_cycle_detection_check 1001a0f0 f   sfc_debugmsvc80:sfc_api.obj
 0001:00019150       _sfc_api_data_range_check  1001a150 f   sfc_debugmsvc80:sfc_api.obj
 0001:000191b0       _sfc_api_transition_conflict_check 1001a1b0 f   sfc_debugmsvc80:sfc_api.obj
 0001:00019210       _sfc_api_state_consistency_check 1001a210 f   sfc_debugmsvc80:sfc_api.obj
 0001:00019270       _sfc_api_set_instance_cv_ids 1001a270 f   sfc_debugmsvc80:sfc_api.obj
 0001:000193a0       _sfc_api_set_script_cv_ids 1001a3a0 f   sfc_debugmsvc80:sfc_api.obj
 0001:00019440       _sfc_api_get_current_machine_id 1001a440 f   sfc_debugmsvc80:sfc_api.obj
 0001:00019470       _sfc_api_get_current_machine_number 1001a470 f   sfc_debugmsvc80:sfc_api.obj
 0001:000194a0       _sfc_api_get_current_chart_number 1001a4a0 f   sfc_debugmsvc80:sfc_api.obj
 0001:000194d0       _sfc_api_get_current_instance_number 1001a4d0 f   sfc_debugmsvc80:sfc_api.obj
 0001:00019500       _sfc_api_get_current_instance_handle 1001a500 f   sfc_debugmsvc80:sfc_api.obj
 0001:00019520       _sfc_api_get_current_is_minor_time_step 1001a520 f   sfc_debugmsvc80:sfc_api.obj
 0001:00019550       _sfc_api_get_current_machine_name 1001a550 f   sfc_debugmsvc80:sfc_api.obj
 0001:00019570       _sfc_api_get_current_chart_id 1001a570 f   sfc_debugmsvc80:sfc_api.obj
 0001:000195a0       _sfc_api_get_current_object_type 1001a5a0 f   sfc_debugmsvc80:sfc_api.obj
 0001:000195d0       _sfc_api_get_current_event_type 1001a5d0 f   sfc_debugmsvc80:sfc_api.obj
 0001:00019600       _sfc_api_get_current_object_id 1001a600 f   sfc_debugmsvc80:sfc_api.obj
 0001:00019630       _sfc_get_current_active_event_type 1001a630 f   sfc_debugmsvc80:sfc_api.obj
 0001:00019660       _sfc_api_get_current_active_event_id 1001a660 f   sfc_debugmsvc80:sfc_api.obj
 0001:00019690       _sfc_api_get_current_simulation_time 1001a690 f   sfc_debugmsvc80:sfc_api.obj
 0001:000196b0       _sfc_get_current_tag_type  1001a6b0 f   sfc_debugmsvc80:sfc_api.obj
 0001:000196e0       _sfc_get_current_coverage_percentage 1001a6e0 f   sfc_debugmsvc80:sfc_api.obj
 0001:00019700       _sfc_get_current_statement_context 1001a700 f   sfc_debugmsvc80:sfc_api.obj
 0001:00019720       _sfc_get_current_optional_integer 1001a720 f   sfc_debugmsvc80:sfc_api.obj
 0001:00019750       _sfc_get_current_statement_info 1001a750 f   sfc_debugmsvc80:sfc_api.obj
 0001:000197f0       _sfc_api_get               1001a7f0 f   sfc_debugmsvc80:sfc_api.obj
 0001:000198f0       _sf_debug_sm_is_using_unified_editors 1001a8f0 f   sfc_debugmsvc80:sfdb_animation.obj
 0001:00019970       _sf_debug_sm_is_chart_visible_in_unified_editors 1001a970 f   sfc_debugmsvc80:sfdb_animation.obj
 0001:00019a10       _sf_debug_sm_check_if_chart_is_visible 1001aa10 f   sfc_debugmsvc80:sfdb_animation.obj
 0001:0001a330       _sf_debug_sm_fill_state_activity_data 1001b330 f   sfc_debugmsvc80:sfdb_animation.obj
 0001:0001c290       _sf_debug_hm_get_simulink_handle 1001d290 f   sfc_debugmsvc80:sfdb_handle_management.obj
 0001:0001cc50       _sf_debug_hm_initialize_globals 1001dc50 f   sfc_debugmsvc80:sfdb_handle_management.obj
 0001:0001cd40       _sf_debug_hm_get_machine_debug_flag 1001dd40 f   sfc_debugmsvc80:sfdb_handle_management.obj
 0001:0001ce90       _sf_debug_hm_get_machine_id 1001de90 f   sfc_debugmsvc80:sfdb_handle_management.obj
 0001:0001cfa0       _sf_debug_hm_get_chart_id  1001dfa0 f   sfc_debugmsvc80:sfdb_handle_management.obj
 0001:0001d110       _sf_debug_hm_register_executing_SFunction 1001e110 f   sfc_debugmsvc80:sfdb_handle_management.obj
 0001:0001d260       _sf_debug_hm_get_chart_active_instance 1001e260 f   sfc_debugmsvc80:sfdb_handle_management.obj
 0001:0001d390       _sf_debug_hm_get_chart_visibility 1001e390 f   sfc_debugmsvc80:sfdb_handle_management.obj
 0001:0001d4d0       _sf_debug_hm_form_object_boolean_properties 1001e4d0 f   sfc_debugmsvc80:sfdb_handle_management.obj
 0001:0001d740       _sf_debug_hm_form_object_properties 1001e740 f   sfc_debugmsvc80:sfdb_handle_management.obj
 0001:0001d940       _sf_debug_hm_terminate_charts 1001e940 f   sfc_debugmsvc80:sfdb_handle_management.obj
 0001:0001df50       _sf_debug_hm_terminate_machines 1001ef50 f   sfc_debugmsvc80:sfdb_handle_management.obj
 0001:0001f520       _void_ptr_stack_vector_free_total 10020520 f   sfc_debugmsvc80:sfdb_data_browse.obj
 0001:0001f580       _sf_debug_st_terminate_machine 10020580 f   sfc_debugmsvc80:sfdb_data_browse.obj
 0001:0001f5b0       _sf_debug_st_terminate_instance 100205b0 f   sfc_debugmsvc80:sfdb_data_browse.obj
 0001:0001f730       _push_on_to_void_ptr_stack 10020730 f   sfc_debugmsvc80:sfdb_data_browse.obj
 0001:0001f860       _pop_from_void_ptr_stack   10020860 f   sfc_debugmsvc80:sfdb_data_browse.obj
 0001:0001f960       _sf_debug_st_get_data_value 10020960 f   sfc_debugmsvc80:sfdb_data_browse.obj
 0001:0001fe00       _mx_value                  10020e00 f   sfc_debugmsvc80:sfdb_data_browse.obj
 0001:0001fe30       _sf_debug_st_fill_data_struct 10020e30 f   sfc_debugmsvc80:sfdb_data_browse.obj
 0001:00020100       _data_type_format_strings  10021100 f   sfc_debugmsvc80:sfdb_data_browse.obj
 0001:00020170       _sf_debug_st_fill_data     10021170 f   sfc_debugmsvc80:sfdb_data_browse.obj
 0001:00020f30       _sf_debug_ss_copy_dimension 10021f30 f   sfc_debugmsvc80:sfdb_symbol_scope.obj
 0001:00020fa0       _sf_debug_ss_get_number_elements 10021fa0 f   sfc_debugmsvc80:sfdb_symbol_scope.obj
 0001:00020fc0       _sf_debug_ss_fill_data_struct 10021fc0 f   sfc_debugmsvc80:sfdb_symbol_scope.obj
 0001:000211b0       _sf_debug_ss_reset_data_info 100221b0 f   sfc_debugmsvc80:sfdb_symbol_scope.obj
 0001:00021200       _sf_debug_fill_data_info_by_symbol_scope_entry 10022200 f   sfc_debugmsvc80:sfdb_symbol_scope.obj
 0001:000212b0       _sf_debug_fill_data_info_by_data_vector 100222b0 f   sfc_debugmsvc80:sfdb_symbol_scope.obj
 0001:00021470       _sf_debug_ss_get_data_info 10022470 f   sfc_debugmsvc80:sfdb_symbol_scope.obj
 0001:000216b0       _sf_debug_select_mex_function 100226b0 f   sfc_debugmsvc80:sfdb_symbol_scope.obj
 0001:000216e0       _sf_debug_is_dyn_matrix_initialized 100226e0 f   sfc_debugmsvc80:sfdb_symbol_scope.obj
 0001:00021700       _sf_debug_ss_set_data_value_try 10022700 f   sfc_debugmsvc80:sfdb_symbol_scope.obj
 0001:00021830       _sf_debug_ss_get_data_value 10022830 f   sfc_debugmsvc80:sfdb_symbol_scope.obj
 0001:00021c10       _sf_debug_ss_data_bytes_string 10022c10 f   sfc_debugmsvc80:sfdb_symbol_scope.obj
 0001:00021c80       _sf_debug_ss_data_class_string 10022c80 f   sfc_debugmsvc80:sfdb_symbol_scope.obj
 0001:00021fd0       _sf_debug_ss_data_size_string 10022fd0 f   sfc_debugmsvc80:sfdb_symbol_scope.obj
 0001:00022090       _sf_debug_ss_data_create_data_info_struct 10023090 f   sfc_debugmsvc80:sfdb_symbol_scope.obj
 0001:000222f0       _sf_debug_ss_data_create_name_value_pair 100232f0 f   sfc_debugmsvc80:sfdb_symbol_scope.obj
 0001:00022350       _sf_debug_ss_data_get_whos_info 10023350 f   sfc_debugmsvc80:sfdb_symbol_scope.obj
 0001:00022380       _same_named_data_in_data_array 10023380 f   sfc_debugmsvc80:sfdb_symbol_scope.obj
 0001:000238a0       _sf_debug_cc_terminate_chart 100248a0 f   sfc_debugmsvc80:sfdb_coverage.obj
 0001:00023b80       _sf_debug_cc_terminate_instance 10024b80 f   sfc_debugmsvc80:sfdb_coverage.obj
 0001:00024590       _sf_debug_cc_mark_object_if_needed 10025590 f   sfc_debugmsvc80:sfdb_coverage.obj
 0001:000248e0       _sf_debug_cc_fill_transition_coverage_data 100258e0 f   sfc_debugmsvc80:sfdb_coverage.obj
 0001:00024a10       _sf_debug_cc_fill_transition_coverage_map 10025a10 f   sfc_debugmsvc80:sfdb_coverage.obj
 0001:00024bf0       _sf_debug_cc_fill_state_coverage_map 10025bf0 f   sfc_debugmsvc80:sfdb_coverage.obj
 0001:00024d90       _sf_debug_cc_fill_state_coverage_data 10025d90 f   sfc_debugmsvc80:sfdb_coverage.obj
 0001:00025740       _sf_debug_bm_initialize_eml 10026740 f   sfc_debugmsvc80:sfdb_breakpoints.obj
 0001:00026720       _sf_debug_bm_map_debug_tag_to_breakpoint_tag 10027720 f   sfc_debugmsvc80:sfdb_breakpoints.obj
 0001:000267c0       _sf_debug_bm_is_a_eml_breakpoint_impl 100277c0 f   sfc_debugmsvc80:sfdb_breakpoints.obj
 0001:00027d60       _sf_debug_sc_push_on_error_stack 10028d60 f   sfc_debugmsvc80:sfdb_state_consistency.obj
 0001:00027e70       _sf_debug_sc_reset_error_stack 10028e70 f   sfc_debugmsvc80:sfdb_state_consistency.obj
 0001:00027fc0       _sf_debug_sc_is_state_inconsistent 10028fc0 f   sfc_debugmsvc80:sfdb_state_consistency.obj
 0001:000281e0       _sf_debug_sc_fill_consistency_info 100291e0 f   sfc_debugmsvc80:sfdb_state_consistency.obj
 0001:00028660       _void_assertion_fcn        10029660 f   sfc_debugmsvc80:sfdb_call_stack.obj
 0001:00028b50       _sf_debug_tm_fill_local_trace 10029b50 f   sfc_debugmsvc80:sfdb_call_stack.obj
 0001:00028fd0       _sf_debug_cd_terminate_instance 10029fd0 f   sfc_debugmsvc80:sfdb_cycle_detection.obj
 0001:00029030       _sf_debug_cd_free_checksum_stack 1002a030 f   sfc_debugmsvc80:sfdb_cycle_detection.obj
 0001:00029060       _sf_debug_cd_reset_pack_strings 1002a060 f   sfc_debugmsvc80:sfdb_cycle_detection.obj
 0001:000296b0       _md5file_clear             1002a6b0 f   sfc_debugmsvc80:ckmd5.obj
 0001:000296e0       _Encode                    1002a6e0 f   sfc_debugmsvc80:ckmd5.obj
 0001:00029720       _Decode                    1002a720 f   sfc_debugmsvc80:ckmd5.obj
 0001:000297a0       _MD5Transform              1002a7a0 f   sfc_debugmsvc80:ckmd5.obj
 0001:00029e60       _md5file_addn              1002ae60 f   sfc_debugmsvc80:ckmd5.obj
 0001:00029f10       _md5file_hash              1002af10 f   sfc_debugmsvc80:ckmd5.obj
 0001:0002a389       _pre_c_init                1002b389 f   MSVCRT:crtdll.obj
 0001:0002a5fe       ___DllMainCRTStartup       1002b5fe f   MSVCRT:crtdll.obj
 0001:0002a8a2       _has_osfxsr_set            1002b8a2 f   MSVCRT:cpu_disp.obj
