 HoppingLEG_sfun

 Timestamp is 50ec249b (Tue Jan 08 14:52:27 2013)

 Preferred load address is 10000000

 Start         Length     Name                   Class
 0001:00000000 0002f618H .text                   CODE
 0002:00000000 00000224H .idata$5                DATA
 0002:00000224 00000004H .CRT$XCA                DATA
 0002:00000228 00000004H .CRT$XCZ                DATA
 0002:0000022c 00000004H .CRT$XIA                DATA
 0002:00000230 00000004H .CRT$XIAA               DATA
 0002:00000234 00000004H .CRT$XIC                DATA
 0002:00000238 00000004H .CRT$XIZ                DATA
 0002:00000240 00004570H .rdata                  DATA
 0002:000047b0 00000004H .rdata$sxdata           DATA
 0002:000047b4 00000004H .rtc$IAA                DATA
 0002:000047b8 00000004H .rtc$IZZ                DATA
 0002:000047bc 00000004H .rtc$TAA                DATA
 0002:000047c0 00000004H .rtc$TZZ                DATA
 0002:000047c8 00000084H .xdata$x                DATA
 0002:0000484c 0000008cH .idata$2                DATA
 0002:000048d8 00000014H .idata$3                DATA
 0002:000048ec 00000224H .idata$4                DATA
 0002:00004b10 000009caH .idata$6                DATA
 0002:000054e0 00000055H .edata                  DATA
 0003:00000000 000020c8H .data                   DATA
 0003:000020e0 0000232cH .bss                    DATA

  Address         Publics by Value              Rva+Base       Lib:Object

 0000:00000000       __except_list              00000000     <absolute>
 0000:00000001       ___safe_se_handler_count   00000001     <absolute>
 0000:00009876       __ldused                   00009876     <absolute>
 0000:00009876       __fltused                  00009876     <absolute>
 0000:00000000       ___ImageBase               10000000     <linker-defined>
 0001:00000000       _sf_c1_HoppingLEG_get_eml_resolved_functions_info 10001000 f   c1_HoppingLEG.obj
 0001:00000050       _sf_c1_HoppingLEG_get_check_sum 10001050 f   c1_HoppingLEG.obj
 0001:000000b0       _sf_c1_HoppingLEG_get_autoinheritance_info 100010b0 f   c1_HoppingLEG.obj
 0001:00000940       _sf_internal_get_sim_state_c1_HoppingLEG 10001940 f   c1_HoppingLEG.obj
 0001:00000d60       _sf_internal_set_sim_state_c1_HoppingLEG 10001d60 f   c1_HoppingLEG.obj
 0001:00001450       _c1_HoppingLEG_method_dispatcher 10002450 f   c1_HoppingLEG.obj
 0001:00004360       _sf_c2_HoppingLEG_get_eml_resolved_functions_info 10005360 f   c2_HoppingLEG.obj
 0001:000047c0       _sf_c2_HoppingLEG_get_check_sum 100057c0 f   c2_HoppingLEG.obj
 0001:00004820       _sf_c2_HoppingLEG_get_autoinheritance_info 10005820 f   c2_HoppingLEG.obj
 0001:00004b70       _sf_internal_get_sim_state_c2_HoppingLEG 10005b70 f   c2_HoppingLEG.obj
 0001:00004fa0       _sf_internal_set_sim_state_c2_HoppingLEG 10005fa0 f   c2_HoppingLEG.obj
 0001:00005570       _c2_HoppingLEG_method_dispatcher 10006570 f   c2_HoppingLEG.obj
 0001:00007310       _sf_process_check_sum_call 10008310 f   HoppingLEG_sfun_registry.obj
 0001:00007340       _sf_process_autoinheritance_call 10008340 f   HoppingLEG_sfun_registry.obj
 0001:00007460       _sf_process_get_eml_resolved_functions_info_call 10008460 f   HoppingLEG_sfun_registry.obj
 0001:00007580       _sf_mex_unlock_call        10008580 f   HoppingLEG_sfun_registry.obj
 0001:00007610       _sf_machine_global_initializer_called 10008610 f   HoppingLEG_sfun_registry.obj
 0001:00007630       _sf_machine_global_method_dispatcher 10008630 f   HoppingLEG_sfun_registry.obj
 0001:00007670       _sf_machine_global_terminator 10008670 f   HoppingLEG_sfun_registry.obj
 0001:000076a0       _sf_register_machine_exported_symbols 100086a0 f   HoppingLEG_sfun_registry.obj
 0001:000076c0       _callCustomFcn             100086c0 f   HoppingLEG_sfun_registry.obj
 0001:000076d0       _sf_machine_global_initializer 100086d0 f   HoppingLEG_sfun_registry.obj
 0001:00007730       __ssSetStateAbsTol         10008730 f   HoppingLEG_sfun_registry.obj
 0001:000077d0       __ssGetAbsTol              100087d0 f   HoppingLEG_sfun_registry.obj
 0001:00007820       __ssSetInputPortMatrixDimensions 10008820 f   HoppingLEG_sfun_registry.obj
 0001:000078d0       __ssSetOutputPortMatrixDimensions 100088d0 f   HoppingLEG_sfun_registry.obj
 0001:00007980       __ssSetInputPortVectorDimension 10008980 f   HoppingLEG_sfun_registry.obj
 0001:00007a00       __ssSetOutputPortVectorDimension 10008a00 f   HoppingLEG_sfun_registry.obj
 0001:00007a80       _ssIsRunTimeParamTunable   10008a80 f   HoppingLEG_sfun_registry.obj
 0001:00007ae0       _ssGetSFuncBlockHandle     10008ae0 f   HoppingLEG_sfun_registry.obj
 0001:00007b30       __ssGetCurrentInputPortWidth 10008b30 f   HoppingLEG_sfun_registry.obj
 0001:00007c00       __ssGetCurrentOutputPortWidth 10008c00 f   HoppingLEG_sfun_registry.obj
 0001:00007cd0       __ssGetCallSystemNumFcnCallDestinations 10008cd0 f   HoppingLEG_sfun_registry.obj
 0001:00007d30       _ssWarning                 10008d30 f   HoppingLEG_sfun_registry.obj
 0001:00007e10       _ssGetIsZeroCrossControlDisabled 10008e10 f   HoppingLEG_sfun_registry.obj
 0001:00007e70       _ssSetIsInputPortUsedForContZcSignal 10008e70 f   HoppingLEG_sfun_registry.obj
 0001:00007ec0       _ssSetZcSignalIsZcElementDisc 10008ec0 f   HoppingLEG_sfun_registry.obj
 0001:00007f20       _ssSetZcSignalName         10008f20 f   HoppingLEG_sfun_registry.obj
 0001:00007f70       _ssSetZcSignalWidth        10008f70 f   HoppingLEG_sfun_registry.obj
 0001:00007fc0       _ssSetZcSignalZcEventType  10008fc0 f   HoppingLEG_sfun_registry.obj
 0001:00008010       _ssSetZcSignalType         10009010 f   HoppingLEG_sfun_registry.obj
 0001:00008060       _ssSetZcSignalZcTol        10009060 f   HoppingLEG_sfun_registry.obj
 0001:000080b0       _ssSetZcSignalNeedsEventNotification 100090b0 f   HoppingLEG_sfun_registry.obj
 0001:00008100       _ssCreateAndAddZcSignalInfo 10009100 f   HoppingLEG_sfun_registry.obj
 0001:00008160       _ssCloneAndAddZcSignalInfo 10009160 f   HoppingLEG_sfun_registry.obj
 0001:000081c0       _ssGetNumZcSignals         100091c0 f   HoppingLEG_sfun_registry.obj
 0001:00008220       _ssGetZcSignalVector       10009220 f   HoppingLEG_sfun_registry.obj
 0001:00008280       _ssGetZcSignalZcEvents     10009280 f   HoppingLEG_sfun_registry.obj
 0001:000082e0       _ssGetZcSignalName         100092e0 f   HoppingLEG_sfun_registry.obj
 0001:00008340       _ssGetZcSignalWidth        10009340 f   HoppingLEG_sfun_registry.obj
 0001:000083a0       _ssGetZcSignalZcEventType  100093a0 f   HoppingLEG_sfun_registry.obj
 0001:00008400       _ssGetZcSignalType         10009400 f   HoppingLEG_sfun_registry.obj
 0001:00008460       _ssGetZcSignalZcTol        10009460 f   HoppingLEG_sfun_registry.obj
 0001:000084c0       _ssGetZcSignalNeedsEventNotification 100094c0 f   HoppingLEG_sfun_registry.obj
 0001:00008520       _ssGetZcSignalIsZcElementDisc 10009520 f   HoppingLEG_sfun_registry.obj
 0001:00008580       _ssGetIsInputPortElementContinuous 10009580 f   HoppingLEG_sfun_registry.obj
 0001:000085e0       __ssGetInputPortSignalPtrsFcn 100095e0 f   HoppingLEG_sfun_registry.obj
 0001:000087e0       __ssGetInputPortSignalFcn  100097e0 f   HoppingLEG_sfun_registry.obj
 0001:00008970       __ssSetInputPortDirectFeedThroughFcn 10009970 f   HoppingLEG_sfun_registry.obj
 0001:00008aa0       __ssSetInputPortReusableFcn 10009aa0 f   HoppingLEG_sfun_registry.obj
 0001:00008b30       __ssSetOutputPortReusableFcn 10009b30 f   HoppingLEG_sfun_registry.obj
 0001:00008bc0       _ssGetDTypeIdFromMxArray   10009bc0 f   HoppingLEG_sfun_registry.obj
 0001:00008cb0       _ssWriteRTWStr             10009cb0 f   HoppingLEG_sfun_registry.obj
 0001:00008cf0       _ssWriteRTWMxVectParam     10009cf0 f   HoppingLEG_sfun_registry.obj
 0001:00008d30       _ssWriteRTWMx2dMatParam    10009d30 f   HoppingLEG_sfun_registry.obj
 0001:00008d70       _ssWriteRTWNameValuePair   10009d70 f   HoppingLEG_sfun_registry.obj
 0001:000090e0       _ssWriteRTWParameters      1000a0e0 f   HoppingLEG_sfun_registry.obj
 0001:00009480       _ssWriteRTWParamSettings   1000a480 f   HoppingLEG_sfun_registry.obj
 0001:00009930       _ssWriteRTWWorkVect        1000a930 f   HoppingLEG_sfun_registry.obj
 0001:00009cc0       _mexFunction               1000acc0 f   HoppingLEG_sfun_registry.obj
 0001:0000b390       _ProcessMexSfunctionEveryCall 1000c390 f   HoppingLEG_sfun_registry.obj
 0001:0000b4a0       _HoppingLEG_initializer    1000c4a0 f   HoppingLEG_sfun.obj
 0001:0000b4b0       _HoppingLEG_terminator     1000c4b0 f   HoppingLEG_sfun.obj
 0001:0000b4c0       _sf_HoppingLEG_method_dispatcher 1000c4c0 f   HoppingLEG_sfun.obj
 0001:0000b510       _sf_HoppingLEG_process_check_sum_call 1000c510 f   HoppingLEG_sfun.obj
 0001:0000b8d0       _sf_HoppingLEG_autoinheritance_info 1000c8d0 f   HoppingLEG_sfun.obj
 0001:0000b9c0       _sf_HoppingLEG_get_eml_resolved_functions_info 1000c9c0 f   HoppingLEG_sfun.obj
 0001:0000bae0       _HoppingLEG_debug_initialize 1000cae0 f   HoppingLEG_sfun.obj
 0001:0000bb30       _HoppingLEG_register_exported_symbols 1000cb30 f   HoppingLEG_sfun.obj
 0001:0000bba0       _sf_mex_mx_is_numeric      1000cba0 f   sfc_mexmsvc80:sfc_mex.obj
 0001:0000bbe0       _strcmp_ignore_ws          1000cbe0 f   sfc_mexmsvc80:sfc_mex.obj
 0001:0000bd00       _sf_mex_duplicatearraysafe 1000cd00 f   sfc_mexmsvc80:sfc_mex.obj
 0001:0000bee0       _sf_set_error_debugger_context_message_fcn 1000cee0 f   sfc_mexmsvc80:sfc_mex.obj
 0001:0000bef0       _sf_set_debugger_matlab_error_fcn 1000cef0 f   sfc_mexmsvc80:sfc_mex.obj
 0001:0000bf10       _sf_set_error_prefix_string 1000cf10 f   sfc_mexmsvc80:sfc_mex.obj
 0001:0000bf40       _sf_get_error_prefix_string 1000cf40 f   sfc_mexmsvc80:sfc_mex.obj
 0001:0000bf50       _sf_get_current_jmp_buf_ptr 1000cf50 f   sfc_mexmsvc80:sfc_mex.obj
 0001:0000bf60       _sf_set_current_jmp_buf_ptr 1000cf60 f   sfc_mexmsvc80:sfc_mex.obj
 0001:0000bf70       _sf_mex_set_halt_simulation 1000cf70 f   sfc_mexmsvc80:sfc_mex.obj
 0001:0000bf80       _sf_mex_get_halt_simulation 1000cf80 f   sfc_mexmsvc80:sfc_mex.obj
 0001:0000bf90       _sf_mex_clear_error_message 1000cf90 f   sfc_mexmsvc80:sfc_mex.obj
 0001:0000bfb0       _sf_mex_get_error_message_for_read 1000cfb0 f   sfc_mexmsvc80:sfc_mex.obj
 0001:0000bfc0       _sf_mex_get_error_message_buffer_length 1000cfc0 f   sfc_mexmsvc80:sfc_mex.obj
 0001:0000c090       _sf_mex_warning_message    1000d090 f   sfc_mexmsvc80:sfc_mex.obj
 0001:0000c0e0       _sf_mex_v_errbuf_createf   1000d0e0 f   sfc_mexmsvc80:sfc_mex.obj
 0001:0000c100       _sf_mex_errbuf_createf     1000d100 f   sfc_mexmsvc80:sfc_mex.obj
 0001:0000c120       _sf_mex_v_errbuf_catf      1000d120 f   sfc_mexmsvc80:sfc_mex.obj
 0001:0000c160       _sf_mex_errbuf_catf        1000d160 f   sfc_mexmsvc80:sfc_mex.obj
 0001:0000c1a0       _sf_mex_errbuf_copy        1000d1a0 f   sfc_mexmsvc80:sfc_mex.obj
 0001:0000c1c0       _sf_mex_errbuf_clear       1000d1c0 f   sfc_mexmsvc80:sfc_mex.obj
 0001:0000c1d0       _sf_mex_errbuf_isempty     1000d1d0 f   sfc_mexmsvc80:sfc_mex.obj
 0001:0000c260       _sf_mex_set_error_status   1000d260 f   sfc_mexmsvc80:sfc_mex.obj
 0001:0000c290       _sf_mex_error_direct_call  1000d290 f   sfc_mexmsvc80:sfc_mex.obj
 0001:0000c2b0       _sf_mex_error_message_no_long_jump 1000d2b0 f   sfc_mexmsvc80:sfc_mex.obj
 0001:0000c2e0       _sf_mex_long_jump_on_error 1000d2e0 f   sfc_mexmsvc80:sfc_mex.obj
 0001:0000c310       _sf_mex_call_matlab        1000d310 f   sfc_mexmsvc80:sfc_mex.obj
 0001:0000c3e0       _sf_mex_check_builtin      1000d3e0 f   sfc_mexmsvc80:sfc_mex.obj
 0001:0000c410       _sf_mex_check_builtin_vs   1000d410 f   sfc_mexmsvc80:sfc_mex.obj
 0001:0000c450       _sf_mex_check_enum         1000d450 f   sfc_mexmsvc80:sfc_mex.obj
 0001:0000c480       _sf_mex_create_enum        1000d480 f   sfc_mexmsvc80:sfc_mex.obj
 0001:0000c4a0       _sf_mex_get_enum_element   1000d4a0 f   sfc_mexmsvc80:sfc_mex.obj
 0001:0000c4b0       _sf_mex_createcellarray    1000d4b0 f   sfc_mexmsvc80:sfc_mex.obj
 0001:0000c4d0       _sf_mex_setcell            1000d4d0 f   sfc_mexmsvc80:sfc_mex.obj
 0001:0000c4e0       _sf_mex_getcell            1000d4e0 f   sfc_mexmsvc80:sfc_mex.obj
 0001:0000c4f0       _sf_mex_dup                1000d4f0 f   sfc_mexmsvc80:sfc_mex.obj
 0001:0000c520       _sf_mex_assign             1000d520 f   sfc_mexmsvc80:sfc_mex.obj
 0001:0000c570       _sf_mex_destroy            1000d570 f   sfc_mexmsvc80:sfc_mex.obj
 0001:0000c590       _mx_array_has_fi_type      1000d590 f   sfc_mexmsvc80:sfc_mex.obj
 0001:0000c5c0       _sf_mex_convert_from_fi    1000d5c0 f   sfc_mexmsvc80:sfc_mex.obj
 0001:0000c640       _sf_mex_convert_to_double  1000d640 f   sfc_mexmsvc80:sfc_mex.obj
 0001:0000c680       _sf_mex_import_fi_vs       1000d680 f   sfc_mexmsvc80:sfc_mex.obj
 0001:0000c7e0       _sf_matrix_matrix_index_ok 1000d7e0 f   sfc_mexmsvc80:sfc_mex.obj
 0001:0000c850       _sf_vector_vector_index_ok 1000d850 f   sfc_mexmsvc80:sfc_mex.obj
 0001:0000c880       _ssGetCurrentInputPortDimensions_wrapper 1000d880 f   sfc_mexmsvc80:sfc_mex.obj
 0001:0000c8a0       _ssGetCurrentOutputPortDimensions_wrapper 1000d8a0 f   sfc_mexmsvc80:sfc_mex.obj
 0001:0000c8c0       _sf_mex_emlrt_context_is_debug_mode 1000d8c0 f   sfc_mexmsvc80:sfc_mex.obj
 0001:0000c8d0       _sf_mex_emlrt_context_set_debug_mode 1000d8d0 f   sfc_mexmsvc80:sfc_mex.obj
 0001:0000c920       _sf_clear_error_manager_info 1000d920 f   sfc_mexmsvc80:sfc_mex.obj
 0001:0000c970       _sf_mex_stop_simulation_abruptly_wo_error 1000d970 f   sfc_mexmsvc80:sfc_mex.obj
 0001:0000c9a0       _sf_mex_error_message      1000d9a0 f   sfc_mexmsvc80:sfc_mex.obj
 0001:0000c9f0       _sf_react_to_error_in_matlab_call 1000d9f0 f   sfc_mexmsvc80:sfc_mex.obj
 0001:0000ca10       _sf_mex_addfield           1000da10 f   sfc_mexmsvc80:sfc_mex.obj
 0001:0000ca80       _sf_mex_getfield           1000da80 f   sfc_mexmsvc80:sfc_mex.obj
 0001:0000cd00       _sf_mex_check_class        1000dd00 f   sfc_mexmsvc80:sfc_mex.obj
 0001:0000cd70       _sf_mex_is_real            1000dd70 f   sfc_mexmsvc80:sfc_mex.obj
 0001:0000cf80       _sf_mex_decode_encoded_mx_struct_array 1000df80 f   sfc_mexmsvc80:sfc_mex.obj
 0001:0000d120       _sf_mex_lw_bounds_check    1000e120 f   sfc_mexmsvc80:sfc_mex.obj
 0001:0000d150       _sf_mex_lw_size_eq_check_1d 1000e150 f   sfc_mexmsvc80:sfc_mex.obj
 0001:0000d170       _sf_mex_lw_size_eq_check_nd 1000e170 f   sfc_mexmsvc80:sfc_mex.obj
 0001:0000d250       _sf_mex_lw_dim_size_eq_check 1000e250 f   sfc_mexmsvc80:sfc_mex.obj
 0001:0000d280       _sf_mex_lw_dim_size_geq_check 1000e280 f   sfc_mexmsvc80:sfc_mex.obj
 0001:0000d2b0       _sf_mex_lw_sub_assign_size_check_nd 1000e2b0 f   sfc_mexmsvc80:sfc_mex.obj
 0001:0000d3e0       _sf_mex_lw_runtime_error_msgid 1000e3e0 f   sfc_mexmsvc80:sfc_mex.obj
 0001:0000d490       _sf_mex_lw_matrix_matrix_index_check 1000e490 f   sfc_mexmsvc80:sfc_mex.obj
 0001:0000d4c0       _sf_mex_lw_vector_vector_index_check 1000e4c0 f   sfc_mexmsvc80:sfc_mex.obj
 0001:0000d500       _sf_mex_lw_non_negative_check 1000e500 f   sfc_mexmsvc80:sfc_mex.obj
 0001:0000d530       _sf_mex_overflow_error     1000e530 f   sfc_mexmsvc80:sfc_mex.obj
 0001:0000d540       _sf_mex_dividebyzero_error 1000e540 f   sfc_mexmsvc80:sfc_mex.obj
 0001:0000d550       _sf_mex_unsafe_enum_error  1000e550 f   sfc_mexmsvc80:sfc_mex.obj
 0001:0000d560       _sf_emlrtErrHandler        1000e560 f   sfc_mexmsvc80:sfc_mex.obj
 0001:0000d610       _sf_mex_printf             1000e610 f   sfc_mexmsvc80:sfc_mex.obj
 0001:0000d6f0       _sf_mex_check_size         1000e6f0 f   sfc_mexmsvc80:sfc_mex.obj
 0001:0000d970       _sf_mex_check_struct       1000e970 f   sfc_mexmsvc80:sfc_mex.obj
 0001:0000dbc0       _sf_mex_check_struct_vs    1000ebc0 f   sfc_mexmsvc80:sfc_mex.obj
 0001:0000dc00       _sf_mex_check_fi           1000ec00 f   sfc_mexmsvc80:sfc_mex.obj
 0001:0000dcd0       _sf_mex_check_fi_vs        1000ecd0 f   sfc_mexmsvc80:sfc_mex.obj
 0001:0000dd20       _sf_echo_expression        1000ed20 f   sfc_mexmsvc80:sfc_mex.obj
 0001:0000dd70       _sf_assertion_failed       1000ed70 f   sfc_mexmsvc80:sfc_mex.obj
 0001:0000e000       _sf_mex_evalin             1000f000 f   sfc_mexmsvc80:sfc_mex.obj
 0001:0000e260       _sf_mex_export             1000f260 f   sfc_mexmsvc80:sfc_mex.obj
 0001:0000e310       _sf_mex_get_ml_var_no_error 1000f310 f   sfc_mexmsvc80:sfc_mex.obj
 0001:0000e470       _sf_mex_get_ml_var         1000f470 f   sfc_mexmsvc80:sfc_mex.obj
 0001:0000e940       _ml_set_element_value_in_array 1000f940 f   sfc_mexmsvc80:sfc_mex.obj
 0001:0000fa70       _sf_mex_call_impl          10010a70 f   sfc_mexmsvc80:sfc_mex.obj
 0001:0000fe00       _sf_mex_call_debug         10010e00 f   sfc_mexmsvc80:sfc_mex.obj
 0001:0000fe20       _sf_mex_call               10010e20 f   sfc_mexmsvc80:sfc_mex.obj
 0001:00010530       _sf_mex_createstruct       10011530 f   sfc_mexmsvc80:sfc_mex.obj
 0001:000105d0       _sf_mex_createstructarray  100115d0 f   sfc_mexmsvc80:sfc_mex.obj
 0001:00010630       _sf_mex_get_mx_datatype_from_sf_datatype 10011630 f   sfc_mexmsvc80:sfc_mex.obj
 0001:000108b0       _sf_mex_ml_var_sub         100118b0 f   sfc_mexmsvc80:sfc_mex.obj
 0001:00010a20       _sf_mex_ml_var_subsasgn    10011a20 f   sfc_mexmsvc80:sfc_mex.obj
 0001:00010d30       _sf_mex_sub                10011d30 f   sfc_mexmsvc80:sfc_mex.obj
 0001:00010ed0       _sf_mex_subsasgn           10011ed0 f   sfc_mexmsvc80:sfc_mex.obj
 0001:000112b0       _sf_mex_create             100122b0 f   sfc_mexmsvc80:sfc_mex.obj
 0001:00011ba0       _sf_mex_import_named       10012ba0 f   sfc_mexmsvc80:sfc_mex.obj
 0001:00011bf0       _sf_mex_import             10012bf0 f   sfc_mexmsvc80:sfc_mex.obj
 0001:00011c30       _sf_mex_import_vs          10012c30 f   sfc_mexmsvc80:sfc_mex.obj
 0001:00011cc0       _sf_mex_lower_fixpt_mx_array 10012cc0 f   sfc_mexmsvc80:sfc_mex.obj
 0001:00012080       _sim_mode_is_rtw_gen       10013080 f   sfc_mexmsvc80:sfc_sf.obj
 0001:000120c0       _sim_mode_is_external      100130c0 f   sfc_mexmsvc80:sfc_sf.obj
 0001:000120e0       _sim_mode_is_modelref_sim  100130e0 f   sfc_mexmsvc80:sfc_sf.obj
 0001:00012110       _mdlInitializeSizes        10013110 f   sfc_mexmsvc80:sfc_sf.obj
 0001:00012130       _mdlInitializeSampleTimes  10013130 f   sfc_mexmsvc80:sfc_sf.obj
 0001:00012170       _mdlZeroCrossings          10013170 f   sfc_mexmsvc80:sfc_sf.obj
 0001:00012220       _mdlDerivatives            10013220 f   sfc_mexmsvc80:sfc_sf.obj
 0001:000122c0       _mdl_initialize_conditions_processing 100132c0 f   sfc_mexmsvc80:sfc_sf.obj
 0001:000122f0       _mdlInitializeConditions   100132f0 f   sfc_mexmsvc80:sfc_sf.obj
 0001:00012390       _mdlGetSimState            10013390 f   sfc_mexmsvc80:sfc_sf.obj
 0001:000123b0       _mdlSetSimState            100133b0 f   sfc_mexmsvc80:sfc_sf.obj
 0001:000123d0       _mdl_ext_mode_exec_processing 100133d0 f   sfc_mexmsvc80:sfc_sf.obj
 0001:000123f0       _mdlExtModeExec            100133f0 f   sfc_mexmsvc80:sfc_sf.obj
 0001:00012580       _mdlTerminate              10013580 f   sfc_mexmsvc80:sfc_sf.obj
 0001:000125e0       _mdlRTW                    100135e0 f   sfc_mexmsvc80:sfc_sf.obj
 0001:00012610       _mdlSetWorkWidths          10013610 f   sfc_mexmsvc80:sfc_sf.obj
 0001:00012630       _mdlProcessParameters      10013630 f   sfc_mexmsvc80:sfc_sf.obj
 0001:00012650       _mdl_start_processing      10013650 f   sfc_mexmsvc80:sfc_sf.obj
 0001:00012690       _mdlStart                  10013690 f   sfc_mexmsvc80:sfc_sf.obj
 0001:00012760       _mdlEnable                 10013760 f   sfc_mexmsvc80:sfc_sf.obj
 0001:00012810       _mdlDisable                10013810 f   sfc_mexmsvc80:sfc_sf.obj
 0001:000128a0       _sf_get_chart_instance_ptr 100138a0 f   sfc_mexmsvc80:sfc_sf.obj
 0001:000128c0       _sf_rtw_info_uint_prop     100138c0 f   sfc_mexmsvc80:sfc_sf.obj
 0001:00012a00       _sf_is_chart_inlinable     10013a00 f   sfc_mexmsvc80:sfc_sf.obj
 0001:00012a30       _sf_mark_output_events_with_multiple_callers 10013a30 f   sfc_mexmsvc80:sfc_sf.obj
 0001:00012bb0       _sf_mark_chart_reusable_outputs 10013bb0 f   sfc_mexmsvc80:sfc_sf.obj
 0001:00012d40       _sf_mark_chart_expressionable_inputs 10013d40 f   sfc_mexmsvc80:sfc_sf.obj
 0001:00012f40       _sf_get_subchart_simstruct 10013f40 f   sfc_mexmsvc80:sfc_sf.obj
 0001:00012f80       _sf_write_symbol_mapping   10013f80 f   sfc_mexmsvc80:sfc_sf.obj
 0001:00013160       _sf_get_fixpt_data_type_id 10014160 f   sfc_mexmsvc80:sfc_sf.obj
 0001:000131a0       _sf_get_enum_data_type_id  100141a0 f   sfc_mexmsvc80:sfc_sf.obj
 0001:000131e0       _sf_get_param_data_type_id 100141e0 f   sfc_mexmsvc80:sfc_sf.obj
 0001:00013210       _sf_mex_listen_for_ctrl_c_force 10014210 f   sfc_mexmsvc80:sfc_sf.obj
 0001:00013310       _sf_mex_draw_now           10014310 f   sfc_mexmsvc80:sfc_sf.obj
 0001:00013350       _sf_mex_set_debugger_sim_status_listener_fcn 10014350 f   sfc_mexmsvc80:sfc_sf.obj
 0001:00013360       _sf_mex_listen_for_ctrl_c  10014360 f   sfc_mexmsvc80:sfc_sf.obj
 0001:000133f0       _sf_mex_get_sfun_param     100143f0 f   sfc_mexmsvc80:sfc_sf.obj
 0001:00013440       _sf_get_runtime_param_data 10014440 f   sfc_mexmsvc80:sfc_sf.obj
 0001:00013480       _sf_call_output_fcn_call   10014480 f   sfc_mexmsvc80:sfc_sf.obj
 0001:000135a0       _sf_call_output_fcn_enable 100145a0 f   sfc_mexmsvc80:sfc_sf.obj
 0001:00013620       _sf_call_output_fcn_disable 10014620 f   sfc_mexmsvc80:sfc_sf.obj
 0001:000136a0       _sf_clear_rtw_identifier   100146a0 f   sfc_mexmsvc80:sfc_sf.obj
 0001:00013ed0       _sf_set_encoded_dwork_info 10014ed0 f   sfc_mexmsvc80:sfc_sf.obj
 0001:00013f10       _sf_get_dwork_info_from_mat_file 10014f10 f   sfc_mexmsvc80:sfc_sf.obj
 0001:00014080       _sf_set_rtw_dwork_info     10015080 f   sfc_mexmsvc80:sfc_sf.obj
 0001:000141b0       _mdlOutputs                100151b0 f   sfc_mexmsvc80:sfc_sf.obj
 0001:000142c0       _sf_debug_disp             100152c0 f   sfc_debugmsvc80:sfcdebug.obj
 0001:000144c0       _sf_debug_data_runtime_size_mismatch_error_check 100154c0 f   sfc_debugmsvc80:sfcdebug.obj
 0001:00014500       _sf_debug_try_loading_machine 10015500 f   sfc_debugmsvc80:sfcdebug.obj
 0001:000145d0       _sf_debug_reset_current_state_configuration 100155d0 f   sfc_debugmsvc80:sfcdebug.obj
 0001:00014610       _sf_debug_store_current_state_configuration 10015610 f   sfc_debugmsvc80:sfcdebug.obj
 0001:00014650       _sf_debug_restore_previous_state_configuration 10015650 f   sfc_debugmsvc80:sfcdebug.obj
 0001:00014690       _sf_debug_restore_previous_state_configuration2 10015690 f   sfc_debugmsvc80:sfcdebug.obj
 0001:000146d0       _sf_debug_get_event_scope  100156d0 f   sfc_debugmsvc80:sfcdebug.obj
 0001:000147f0       _use_debugger_step_animation 100157f0 f   sfc_debugmsvc80:sfcdebug.obj
 0001:00014810       _sf_debug_get_script_id    10015810 f   sfc_debugmsvc80:sfcdebug.obj
 0001:000148a0       _sf_debug_set_script_translation 100158a0 f   sfc_debugmsvc80:sfcdebug.obj
 0001:00014930       _sf_debug_get_current_machine_id 10015930 f   sfc_debugmsvc80:sfcdebug.obj
 0001:00014950       _sf_debug_get_current_optional_integer 10015950 f   sfc_debugmsvc80:sfcdebug.obj
 0001:00014960       _sf_debug_get_current_machine_number 10015960 f   sfc_debugmsvc80:sfcdebug.obj
 0001:00014980       _sf_debug_get_current_machine_name 10015980 f   sfc_debugmsvc80:sfcdebug.obj
 0001:000149a0       _sf_debug_get_current_chart_id 100159a0 f   sfc_debugmsvc80:sfcdebug.obj
 0001:000149d0       _sf_debug_get_current_chart_number 100159d0 f   sfc_debugmsvc80:sfcdebug.obj
 0001:000149e0       _sf_debug_get_current_instance_number 100159e0 f   sfc_debugmsvc80:sfcdebug.obj
 0001:000149f0       _sf_debug_get_current_is_minor_time_step 100159f0 f   sfc_debugmsvc80:sfcdebug.obj
 0001:00014a60       _sf_debug_get_current_object_type 10015a60 f   sfc_debugmsvc80:sfcdebug.obj
 0001:00014a70       _sf_debug_get_current_instance_handle 10015a70 f   sfc_debugmsvc80:sfcdebug.obj
 0001:00014ac0       _sf_debug_get_current_event_type 10015ac0 f   sfc_debugmsvc80:sfcdebug.obj
 0001:00014ad0       _sf_debug_get_current_object_id 10015ad0 f   sfc_debugmsvc80:sfcdebug.obj
 0001:00014b00       _sf_debug_get_current_active_event_type 10015b00 f   sfc_debugmsvc80:sfcdebug.obj
 0001:00014b10       _sf_debug_get_current_active_event_id 10015b10 f   sfc_debugmsvc80:sfcdebug.obj
 0001:00014b40       _sf_debug_get_current_tag_type 10015b40 f   sfc_debugmsvc80:sfcdebug.obj
 0001:00014b50       _sf_debug_get_current_simulation_time 10015b50 f   sfc_debugmsvc80:sfcdebug.obj
 0001:00014b60       _sf_debug_get_current_coverage_percentage 10015b60 f   sfc_debugmsvc80:sfcdebug.obj
 0001:00014b70       _sf_debug_current_statement_context 10015b70 f   sfc_debugmsvc80:sfcdebug.obj
 0001:00014bf0       _sf_debug_get_current_statement_info 10015bf0 f   sfc_debugmsvc80:sfcdebug.obj
 0001:00014d30       _sf_debug_terminate_instance 10015d30 f   sfc_debugmsvc80:sfcdebug.obj
 0001:00014fb0       _sf_debug_assertion_failed 10015fb0 f   sfc_debugmsvc80:sfcdebug.obj
 0001:00015180       _sf_debug_set_number_of_data_with_change_event_for_machine 10016180 f   sfc_debugmsvc80:sfcdebug.obj
 0001:000151c0       _sf_debug_set_machine_event_thresholds 100161c0 f   sfc_debugmsvc80:sfcdebug.obj
 0001:000151f0       _sf_debug_set_machine_event_scope 100161f0 f   sfc_debugmsvc80:sfcdebug.obj
 0001:00015230       _sf_debug_set_machine_data_thresholds 10016230 f   sfc_debugmsvc80:sfcdebug.obj
 0001:00015270       _sf_debug_set_machine_data_scope 10016270 f   sfc_debugmsvc80:sfcdebug.obj
 0001:000152f0       _sf_debug_set_machine_data_name 100162f0 f   sfc_debugmsvc80:sfcdebug.obj
 0001:00015340       _sf_debug_set_machine_data_size 10016340 f   sfc_debugmsvc80:sfcdebug.obj
 0001:00015430       _sf_debug_set_machine_data_type 10016430 f   sfc_debugmsvc80:sfcdebug.obj
 0001:00015550       _sf_debug_get_chart_data_number 10016550 f   sfc_debugmsvc80:sfcdebug.obj
 0001:00015580       _sf_debug_get_chart_event_number 10016580 f   sfc_debugmsvc80:sfcdebug.obj
 0001:000155b0       _sf_debug_set_chart_state_info 100165b0 f   sfc_debugmsvc80:sfcdebug.obj
 0001:00015630       _sf_debug_set_chart_decomposition 10016630 f   sfc_debugmsvc80:sfcdebug.obj
 0001:000156a0       _sf_debug_set_chart_substate_count 100166a0 f   sfc_debugmsvc80:sfcdebug.obj
 0001:00015760       _sf_debug_set_chart_substate_index 10016760 f   sfc_debugmsvc80:sfcdebug.obj
 0001:000157d0       _sf_debug_set_chart_state_substate_count 100167d0 f   sfc_debugmsvc80:sfcdebug.obj
 0001:000158b0       _sf_debug_set_chart_state_substate_index 100168b0 f   sfc_debugmsvc80:sfcdebug.obj
 0001:00015930       _sf_debug_set_number_of_data_with_change_event_for_chart 10016930 f   sfc_debugmsvc80:sfcdebug.obj
 0001:000159b0       _sf_debug_set_number_of_states_with_entry_event_for_chart 100169b0 f   sfc_debugmsvc80:sfcdebug.obj
 0001:00015a20       _sf_debug_set_number_of_states_with_exit_event_for_chart 10016a20 f   sfc_debugmsvc80:sfcdebug.obj
 0001:00015a90       _sf_debug_set_chart_disable_implicit_casting 10016a90 f   sfc_debugmsvc80:sfcdebug.obj
 0001:00015b00       _sf_debug_set_chart_event_thresholds 10016b00 f   sfc_debugmsvc80:sfcdebug.obj
 0001:00015b70       _sf_debug_set_chart_data_compiled_props 10016b70 f   sfc_debugmsvc80:sfcdebug.obj
 0001:00015de0       _sf_debug_set_chart_data_props 10016de0 f   sfc_debugmsvc80:sfcdebug.obj
 0001:00016050       _sf_debug_check_fi_license 10017050 f   sfc_debugmsvc80:sfcdebug.obj
 0001:000161e0       _sf_debug_symbol_scope_push 100171e0 f   sfc_debugmsvc80:sfcdebug.obj
 0001:00016220       _sf_debug_symbol_scope_push_eml 10017220 f   sfc_debugmsvc80:sfcdebug.obj
 0001:00016260       _sf_debug_symbol_scope_pop 10017260 f   sfc_debugmsvc80:sfcdebug.obj
 0001:00016290       _sf_debug_symbol_scope_add_importable 10017290 f   sfc_debugmsvc80:sfcdebug.obj
 0001:000162f0       _sf_debug_symbol_scope_add 100172f0 f   sfc_debugmsvc80:sfcdebug.obj
 0001:00016350       _sf_debug_symbol_scope_add_dyn_importable 10017350 f   sfc_debugmsvc80:sfcdebug.obj
 0001:000163c0       _sf_debug_symbol_scope_add_dyn 100173c0 f   sfc_debugmsvc80:sfcdebug.obj
 0001:000163f0       _sf_debug_symbol_scope_add_eml_importable 100173f0 f   sfc_debugmsvc80:sfcdebug.obj
 0001:00016420       _sf_debug_symbol_scope_add_eml 10017420 f   sfc_debugmsvc80:sfcdebug.obj
 0001:00016450       _sf_debug_symbol_scope_add_eml_dyn_importable 10017450 f   sfc_debugmsvc80:sfcdebug.obj
 0001:000164a0       _sf_debug_symbol_scope_add_eml_dyn 100174a0 f   sfc_debugmsvc80:sfcdebug.obj
 0001:000164f0       _sf_debug_symbol_switch    100174f0 f   sfc_debugmsvc80:sfcdebug.obj
 0001:00016510       _sf_debug_symbol_scope_add_verbose 10017510 f   sfc_debugmsvc80:sfcdebug.obj
 0001:00016580       _sf_debug_set_machine_data_value_ptr 10017580 f   sfc_debugmsvc80:sfcdebug.obj
 0001:000165c0       _sf_debug_set_instance_data_value_ptr 100175c0 f   sfc_debugmsvc80:sfcdebug.obj
 0001:00016620       _sf_debug_unset_instance_data_value_ptr 10017620 f   sfc_debugmsvc80:sfcdebug.obj
 0001:00016670       _sf_debug_set_chart_event_scope 10017670 f   sfc_debugmsvc80:sfcdebug.obj
 0001:000166f0       _sf_debug_set_chart_transition_coverage_maps 100176f0 f   sfc_debugmsvc80:sfcdebug.obj
 0001:00016780       _sf_debug_set_chart_state_coverage_maps 10017780 f   sfc_debugmsvc80:sfcdebug.obj
 0001:00016800       _sf_debug_set_instance_transition_coverage_weights 10017800 f   sfc_debugmsvc80:sfcdebug.obj
 0001:00016870       _sf_debug_set_instance_state_coverage_weights 10017870 f   sfc_debugmsvc80:sfcdebug.obj
 0001:00016a70       _sf_debug_unload_machine   10017a70 f   sfc_debugmsvc80:sfcdebug.obj
 0001:00016ac0       _sf_debug_load_machine     10017ac0 f   sfc_debugmsvc80:sfcdebug.obj
 0001:00016b70       _sf_debug_set_active_instance_in_data_dictionary 10017b70 f   sfc_debugmsvc80:sfcdebug.obj
 0001:00016cf0       _sf_debug_set_active_instance 10017cf0 f   sfc_debugmsvc80:sfcdebug.obj
 0001:00016de0       _sf_debug_chart_visiblity_change 10017de0 f   sfc_debugmsvc80:sfcdebug.obj
 0001:00016e80       _sf_debug_select_chart     10017e80 f   sfc_debugmsvc80:sfcdebug.obj
 0001:00016f20       _sf_debug_set_instance_cv_ids 10017f20 f   sfc_debugmsvc80:sfcdebug.obj
 0001:000170e0       _sf_debug_select_charts    100180e0 f   sfc_debugmsvc80:sfcdebug.obj
 0001:000171c0       _sf_debug_initialized      100181c0 f   sfc_debugmsvc80:sfcdebug.obj
 0001:000171d0       _sf_debug_is_uninterruptible 100181d0 f   sfc_debugmsvc80:sfcdebug.obj
 0001:00017200       _sf_debug_initialize_debugger_gui 10018200 f   sfc_debugmsvc80:sfcdebug.obj
 0001:00017580       _sf_debug_resume           10018580 f   sfc_debugmsvc80:sfcdebug.obj
 0001:000175a0       _sf_debug_go               100185a0 f   sfc_debugmsvc80:sfcdebug.obj
 0001:000175b0       _sf_debug_break            100185b0 f   sfc_debugmsvc80:sfcdebug.obj
 0001:000175c0       _sf_debug_step_over        100185c0 f   sfc_debugmsvc80:sfcdebug.obj
 0001:000175d0       _sf_debug_step_out         100185d0 f   sfc_debugmsvc80:sfcdebug.obj
 0001:000175e0       _sf_debug_set_disable_all_breakpoints 100185e0 f   sfc_debugmsvc80:sfcdebug.obj
 0001:000175f0       _sf_debug_disable_all_breakpoints_and_go 100185f0 f   sfc_debugmsvc80:sfcdebug.obj
 0001:00017600       _sf_debug_break_on_chart_entry 10018600 f   sfc_debugmsvc80:sfcdebug.obj
 0001:00017610       _sf_debug_break_on_event_broadcast 10018610 f   sfc_debugmsvc80:sfcdebug.obj
 0001:00017620       _sf_debug_break_on_state_entry 10018620 f   sfc_debugmsvc80:sfcdebug.obj
 0001:00017630       _sf_debug_break_between_times 10018630 f   sfc_debugmsvc80:sfcdebug.obj
 0001:00017660       _sf_debug_browse_data      10018660 f   sfc_debugmsvc80:sfcdebug.obj
 0001:00017680       _sf_debug_watch_data       10018680 f   sfc_debugmsvc80:sfcdebug.obj
 0001:000176a0       _sf_debug_assign_data      100186a0 f   sfc_debugmsvc80:sfcdebug.obj
 0001:000176c0       _sf_debug_whos             100186c0 f   sfc_debugmsvc80:sfcdebug.obj
 0001:000176e0       _sf_debug_get_consistency_info 100186e0 f   sfc_debugmsvc80:sfcdebug.obj
 0001:00017700       _sf_debug_browse_trace     10018700 f   sfc_debugmsvc80:sfcdebug.obj
 0001:00017720       _sf_debug_set_breakpoints  10018720 f   sfc_debugmsvc80:sfcdebug.obj
 0001:000177e0       _sf_debug_set_eml_breakpoints 100187e0 f   sfc_debugmsvc80:sfcdebug.obj
 0001:000178f0       _sf_debug_set_script_breakpoints 100188f0 f   sfc_debugmsvc80:sfcdebug.obj
 0001:00017970       _sf_debug_add_script_breakpoints 10018970 f   sfc_debugmsvc80:sfcdebug.obj
 0001:000179e0       _sf_debug_clear_script_breakpoints 100189e0 f   sfc_debugmsvc80:sfcdebug.obj
 0001:00017a50       _sf_debug_query_script_breakpoints 10018a50 f   sfc_debugmsvc80:sfcdebug.obj
 0001:00017af0       _sf_debug_get_eml_script_id 10018af0 f   sfc_debugmsvc80:sfcdebug.obj
 0001:00017b40       _sf_debug_set_watch        10018b40 f   sfc_debugmsvc80:sfcdebug.obj
 0001:00017cd0       _sf_debug_get_coverage     10018cd0 f   sfc_debugmsvc80:sfcdebug.obj
 0001:00017cf0       _sf_debug_get_instance_handle 10018cf0 f   sfc_debugmsvc80:sfcdebug.obj
 0001:00017d70       _sf_debug_get_active_states 10018d70 f   sfc_debugmsvc80:sfcdebug.obj
 0001:00017d90       _sf_debug_get_animation    10018d90 f   sfc_debugmsvc80:sfcdebug.obj
 0001:00017da0       _sf_debug_set_animation    10018da0 f   sfc_debugmsvc80:sfcdebug.obj
 0001:00017db0       _sf_debug_animate          10018db0 f   sfc_debugmsvc80:sfcdebug.obj
 0001:00017de0       _sf_debug_cycle_detection_check 10018de0 f   sfc_debugmsvc80:sfcdebug.obj
 0001:00017df0       _sf_debug_data_range_check 10018df0 f   sfc_debugmsvc80:sfcdebug.obj
 0001:00017e00       _sf_debug_transition_conflict_check 10018e00 f   sfc_debugmsvc80:sfcdebug.obj
 0001:00017e10       _sf_debug_state_consistency_check 10018e10 f   sfc_debugmsvc80:sfcdebug.obj
 0001:00017e20       _sf_debug_data_range_check_enabled 10018e20 f   sfc_debugmsvc80:sfcdebug.obj
 0001:00017e30       _sf_debug_transition_conflict_check_enabled 10018e30 f   sfc_debugmsvc80:sfcdebug.obj
 0001:00017e40       _sf_debug_transition_conflict_check_begin 10018e40 f   sfc_debugmsvc80:sfcdebug.obj
 0001:00017e60       _sf_debug_transition_conflict_check_end 10018e60 f   sfc_debugmsvc80:sfcdebug.obj
 0001:00017e80       _sf_debug_stop_debugging   10018e80 f   sfc_debugmsvc80:sfcdebug.obj
 0001:00017eb0       _sf_debug_is_cycle_detected 10018eb0 f   sfc_debugmsvc80:sfcdebug.obj
 0001:00017ec0       _sf_debug_is_array_bounds_detected 10018ec0 f   sfc_debugmsvc80:sfcdebug.obj
 0001:00017ed0       _sf_debug_get_state_vectors_data_size 10018ed0 f   sfc_debugmsvc80:sfcdebug.obj
 0001:00017f10       _sf_debug_get_state_vectors_data 10018f10 f   sfc_debugmsvc80:sfcdebug.obj
 0001:00017fe0       _sf_debug_set_state_vectors_data 10018fe0 f   sfc_debugmsvc80:sfcdebug.obj
 0001:00018210       _sf_debug_get_script_index 10019210 f   sfc_debugmsvc80:sfcdebug.obj
 0001:00018340       _sf_debug_add_script       10019340 f   sfc_debugmsvc80:sfcdebug.obj
 0001:00018490       _cv_eval_point             10019490 f   sfc_debugmsvc80:sfcdebug.obj
 0001:00018560       _sf_debug_cv_init_state    10019560 f   sfc_debugmsvc80:sfcdebug.obj
 0001:000185f0       _sf_debug_cv_init_chart    100195f0 f   sfc_debugmsvc80:sfcdebug.obj
 0001:00018670       _sf_debug_cv_init_trans    10019670 f   sfc_debugmsvc80:sfcdebug.obj
 0001:00018750       _cv_eml_init_script        10019750 f   sfc_debugmsvc80:sfcdebug.obj
 0001:000187c0       _cv_eml_init_fcn           100197c0 f   sfc_debugmsvc80:sfcdebug.obj
 0001:00018820       _cv_eml_init_testobjective 10019820 f   sfc_debugmsvc80:sfcdebug.obj
 0001:00018880       _cv_eml_init_if            10019880 f   sfc_debugmsvc80:sfcdebug.obj
 0001:000188e0       _cv_eml_init_for           100198e0 f   sfc_debugmsvc80:sfcdebug.obj
 0001:00018940       _cv_eml_init_while         10019940 f   sfc_debugmsvc80:sfcdebug.obj
 0001:000189a0       _cv_eml_init_mcdc          100199a0 f   sfc_debugmsvc80:sfcdebug.obj
 0001:00018a10       _cv_eml_init_switch        10019a10 f   sfc_debugmsvc80:sfcdebug.obj
 0001:00018a70       _cv_eml_eval               10019a70 f   sfc_debugmsvc80:sfcdebug.obj
 0001:00018ae0       _sf_debug_bm_is_a_eml_breakpoint 10019ae0 f   sfc_debugmsvc80:sfcdebug.obj
 0001:00018c10       _sf_debug_temporal_threshold 10019c10 f   sfc_debugmsvc80:sfcdebug.obj
 0001:00018f00       _sf_debug_transition_conflict_error 10019f00 f   sfc_debugmsvc80:sfcdebug.obj
 0001:000191a0       _sf_debug_state_inconsistency_error 1001a1a0 f   sfc_debugmsvc80:sfcdebug.obj
 0001:00019290       _sf_debug_check_for_state_inconsistency 1001a290 f   sfc_debugmsvc80:sfcdebug.obj
 0001:000192d0       _sf_debug_cycle_detecton_error 1001a2d0 f   sfc_debugmsvc80:sfcdebug.obj
 0001:00019900       _sf_debug_size_eq_check_1d 1001a900 f   sfc_debugmsvc80:sfcdebug.obj
 0001:00019920       _sf_debug_size_eq_check_nd 1001a920 f   sfc_debugmsvc80:sfcdebug.obj
 0001:00019a00       _sf_debug_dim_size_eq_check 1001aa00 f   sfc_debugmsvc80:sfcdebug.obj
 0001:00019a30       _sf_debug_dim_size_geq_check 1001aa30 f   sfc_debugmsvc80:sfcdebug.obj
 0001:00019a60       _sf_debug_sub_assign_size_check_nd 1001aa60 f   sfc_debugmsvc80:sfcdebug.obj
 0001:00019b80       _sf_debug_matrix_matrix_index_check 1001ab80 f   sfc_debugmsvc80:sfcdebug.obj
 0001:00019bc0       _sf_debug_vector_vector_index_check 1001abc0 f   sfc_debugmsvc80:sfcdebug.obj
 0001:00019c00       _sf_debug_runtime_error_msgid 1001ac00 f   sfc_debugmsvc80:sfcdebug.obj
 0001:00019c90       _sf_debug_data_array_bounds_error_check 1001ac90 f   sfc_debugmsvc80:sfcdebug.obj
 0001:00019cf0       _sf_debug_eml_data_array_bounds_error_check 1001acf0 f   sfc_debugmsvc80:sfcdebug.obj
 0001:00019fe0       _sf_debug_integer_check    1001afe0 f   sfc_debugmsvc80:sfcdebug.obj
 0001:0001a060       _sf_debug_not_nan_check    1001b060 f   sfc_debugmsvc80:sfcdebug.obj
 0001:0001a0b0       _sf_debug_non_negative_check 1001b0b0 f   sfc_debugmsvc80:sfcdebug.obj
 0001:0001a110       _sf_debug_overflow_detection 1001b110 f   sfc_debugmsvc80:sfcdebug.obj
 0001:0001a630       _sf_debug_cast_to_real32_T 1001b630 f   sfc_debugmsvc80:sfcdebug.obj
 0001:0001a690       _sf_debug_cast_to_int8_T   1001b690 f   sfc_debugmsvc80:sfcdebug.obj
 0001:0001a710       _sf_debug_cast_to_uint8_T  1001b710 f   sfc_debugmsvc80:sfcdebug.obj
 0001:0001a7a0       _sf_debug_cast_to_int16_T  1001b7a0 f   sfc_debugmsvc80:sfcdebug.obj
 0001:0001a820       _sf_debug_cast_to_uint16_T 1001b820 f   sfc_debugmsvc80:sfcdebug.obj
 0001:0001a8b0       _sf_debug_cast_to_int32_T  1001b8b0 f   sfc_debugmsvc80:sfcdebug.obj
 0001:0001a920       _sf_debug_cast_to_uint32_T 1001b920 f   sfc_debugmsvc80:sfcdebug.obj
 0001:0001a9b0       _sf_debug_data_range_error 1001b9b0 f   sfc_debugmsvc80:sfcdebug.obj
 0001:0001ad20       _sf_debug_data_range_error_wrapper_min_max 1001bd20 f   sfc_debugmsvc80:sfcdebug.obj
 0001:0001ad90       _sf_debug_data_range_error_wrapper_min 1001bd90 f   sfc_debugmsvc80:sfcdebug.obj
 0001:0001adf0       _sf_debug_data_range_error_wrapper_max 1001bdf0 f   sfc_debugmsvc80:sfcdebug.obj
 0001:0001ae50       _sf_debug_data_range_wrapper 1001be50 f   sfc_debugmsvc80:sfcdebug.obj
 0001:0001aea0       _sf_debug_set_current_status_info 1001bea0 f   sfc_debugmsvc80:sfcdebug.obj
 0001:0001b200       _sf_debug_call             1001c200 f   sfc_debugmsvc80:sfcdebug.obj
 0001:0001bbf0       _sf_debug_initialize_machine 1001cbf0 f   sfc_debugmsvc80:sfcdebug.obj
 0001:0001be90       _sf_debug_initialize_chart 1001ce90 f   sfc_debugmsvc80:sfcdebug.obj
 0001:0001c1f0       _sf_debug_ensure_script    1001d1f0 f   sfc_debugmsvc80:sfcdebug.obj
 0001:0001c2a0       _cv_script_init_script     1001d2a0 f   sfc_debugmsvc80:sfcdebug.obj
 0001:0001c300       _cv_script_init_fcn        1001d300 f   sfc_debugmsvc80:sfcdebug.obj
 0001:0001c350       _cv_script_init_testobjective 1001d350 f   sfc_debugmsvc80:sfcdebug.obj
 0001:0001c3a0       _cv_script_init_if         1001d3a0 f   sfc_debugmsvc80:sfcdebug.obj
 0001:0001c3f0       _cv_script_init_for        1001d3f0 f   sfc_debugmsvc80:sfcdebug.obj
 0001:0001c440       _cv_script_init_while      1001d440 f   sfc_debugmsvc80:sfcdebug.obj
 0001:0001c490       _cv_script_init_mcdc       1001d490 f   sfc_debugmsvc80:sfcdebug.obj
 0001:0001c4f0       _cv_script_init_switch     1001d4f0 f   sfc_debugmsvc80:sfcdebug.obj
 0001:0001c550       _cv_script_eval            1001d550 f   sfc_debugmsvc80:sfcdebug.obj
 0001:0001c5b0       _eml_debug_line_call       1001d5b0 f   sfc_debugmsvc80:sfcdebug.obj
 0001:0001c6b0       _sf_debug_terminate        1001d6b0 f   sfc_debugmsvc80:sfcdebug.obj
 0001:0001c7e0       _sf_debug_set_script_cv_ids 1001d7e0 f   sfc_debugmsvc80:sfcdebug.obj
 0001:0001c8f0       _sf_debug_api              1001d8f0 f   sfc_debugmsvc80:sfc_api.obj
 0001:0001e2a0       _sf_debug_sm_terminate     1001f2a0 f   sfc_debugmsvc80:sfdb_animation.obj
 0001:0001e410       _sf_debug_reset_path_objects 1001f410 f   sfc_debugmsvc80:sfdb_animation.obj
 0001:0001e480       _sf_debug_sm_reset_object_selection_status 1001f480 f   sfc_debugmsvc80:sfdb_animation.obj
 0001:0001e520       _sf_debug_sm_reset_state_buffer 1001f520 f   sfc_debugmsvc80:sfdb_animation.obj
 0001:0001e5e0       _sf_debug_sm_store_state_buffer 1001f5e0 f   sfc_debugmsvc80:sfdb_animation.obj
 0001:0001e660       _sf_debug_sm_restore_state_buffer1 1001f660 f   sfc_debugmsvc80:sfdb_animation.obj
 0001:0001e6c0       _sf_debug_sm_restore_state_buffer2 1001f6c0 f   sfc_debugmsvc80:sfdb_animation.obj
 0001:0001e720       _sf_debug_sm_chart_active  1001f720 f   sfc_debugmsvc80:sfdb_animation.obj
 0001:0001e770       _sf_debug_sm_select_active_objects 1001f770 f   sfc_debugmsvc80:sfdb_animation.obj
 0001:0001eaf0       _sf_debug_sm_is_chart_active 1001faf0 f   sfc_debugmsvc80:sfdb_animation.obj
 0001:0001eb30       _sf_debug_sm_is_state_active 1001fb30 f   sfc_debugmsvc80:sfdb_animation.obj
 0001:0001ece0       _sf_debug_sm_get_active_states 1001fce0 f   sfc_debugmsvc80:sfdb_animation.obj
 0001:0001f110       _sf_debug_sm_initialize_instance 10020110 f   sfc_debugmsvc80:sfdb_animation.obj
 0001:0001f330       _sf_debug_sm_change_object_selection_status 10020330 f   sfc_debugmsvc80:sfdb_animation.obj
 0001:0001f520       _cv_create_interface       10020520 f   sfc_debugmsvc80:cv_sfinterface.obj
 0001:0001f830       _cv_init_trans             10020830 f   sfc_debugmsvc80:cv_sfinterface.obj
 0001:0001f880       _cv_init_state             10020880 f   sfc_debugmsvc80:cv_sfinterface.obj
 0001:0001f8e0       _cv_init_chart             100208e0 f   sfc_debugmsvc80:cv_sfinterface.obj
 0001:0001f930       _cv_dec_update_call        10020930 f   sfc_debugmsvc80:cv_sfinterface.obj
 0001:0001f970       _cv_cond_update_call       10020970 f   sfc_debugmsvc80:cv_sfinterface.obj
 0001:0001f9b0       _cv_sigrange_update        100209b0 f   sfc_debugmsvc80:cv_sfinterface.obj
 0001:0001fa00       _cvsf_eml_eval             10020a00 f   sfc_debugmsvc80:cv_sfinterface.obj
 0001:0001fae0       _cvsf_eml_init_script      10020ae0 f   sfc_debugmsvc80:cv_sfinterface.obj
 0001:0001fb40       _cvsf_eml_init_fcn         10020b40 f   sfc_debugmsvc80:cv_sfinterface.obj
 0001:0001fba0       _cvsf_eml_init_testobjective 10020ba0 f   sfc_debugmsvc80:cv_sfinterface.obj
 0001:0001fc00       _cvsf_eml_init_if          10020c00 f   sfc_debugmsvc80:cv_sfinterface.obj
 0001:0001fc60       _cvsf_eml_init_for         10020c60 f   sfc_debugmsvc80:cv_sfinterface.obj
 0001:0001fcc0       _cvsf_eml_init_while       10020cc0 f   sfc_debugmsvc80:cv_sfinterface.obj
 0001:0001fd20       _cvsf_eml_init_mcdc        10020d20 f   sfc_debugmsvc80:cv_sfinterface.obj
 0001:0001fd90       _cvsf_eml_init_switch      10020d90 f   sfc_debugmsvc80:cv_sfinterface.obj
 0001:0001fdf0       _cvsf_script_eval          10020df0 f   sfc_debugmsvc80:cv_sfinterface.obj
 0001:0001fed0       _cvsf_script_init_script   10020ed0 f   sfc_debugmsvc80:cv_sfinterface.obj
 0001:0001ff30       _cvsf_script_init_fcn      10020f30 f   sfc_debugmsvc80:cv_sfinterface.obj
 0001:0001ff90       _cvsf_script_init_testobjective 10020f90 f   sfc_debugmsvc80:cv_sfinterface.obj
 0001:0001fff0       _cvsf_script_init_if       10020ff0 f   sfc_debugmsvc80:cv_sfinterface.obj
 0001:00020050       _cvsf_script_init_for      10021050 f   sfc_debugmsvc80:cv_sfinterface.obj
 0001:000200a0       _cvsf_script_init_while    100210a0 f   sfc_debugmsvc80:cv_sfinterface.obj
 0001:000200f0       _cvsf_script_init_mcdc     100210f0 f   sfc_debugmsvc80:cv_sfinterface.obj
 0001:00020160       _cvsf_script_init_switch   10021160 f   sfc_debugmsvc80:cv_sfinterface.obj
 0001:000201c0       _cv_destroy_interface      100211c0 f   sfc_debugmsvc80:cv_sfinterface.obj
 0001:000201e0       _cv_create_instance_objects 100211e0 f   sfc_debugmsvc80:cv_sfinterface.obj
 0001:00020520       _cv_is_enabled             10021520 f   sfc_debugmsvc80:cv_sfinterface.obj
 0001:00020530       _sf_debug_cv_initialize_script 10021530 f   sfc_debugmsvc80:cv_sfinterface.obj
 0001:000206c0       _sf_debug_cv_initialize_instance 100216c0 f   sfc_debugmsvc80:cv_sfinterface.obj
 0001:000209c0       _sf_debug_cv_terminate_chart 100219c0 f   sfc_debugmsvc80:cv_sfinterface.obj
 0001:00020ab0       _cv_call_trans_test        10021ab0 f   sfc_debugmsvc80:cv_sfinterface.obj
 0001:00020ac0       _cv_call_sub_cond_test     10021ac0 f   sfc_debugmsvc80:cv_sfinterface.obj
 0001:00020bd0       _sf_debug_hm_initialize_instance 10021bd0 f   sfc_debugmsvc80:sfdb_handle_management.obj
 0001:000210b0       _sf_debug_hm_get_object_id 100220b0 f   sfc_debugmsvc80:sfdb_handle_management.obj
 0001:00022b60       _sf_debug_object_is_eml_function 10023b60 f   sfc_debugmsvc80:sfdb_handle_management.obj
 0001:00022bc0       _sf_debug_hm_initialize_ids_in_machine 10023bc0 f   sfc_debugmsvc80:sfdb_handle_management.obj
 0001:00022d10       _sf_debug_hm_initialize_ids_in_chart 10023d10 f   sfc_debugmsvc80:sfdb_handle_management.obj
 0001:00022e30       _sf_debug_hm_initialize_chart 10023e30 f   sfc_debugmsvc80:sfdb_handle_management.obj
 0001:000234e0       _sf_debug_hm_terminate     100244e0 f   sfc_debugmsvc80:sfdb_handle_management.obj
 0001:00023540       _sf_debug_hm_initialize_machine 10024540 f   sfc_debugmsvc80:sfdb_handle_management.obj
 0001:00023c00       _sf_debug_st_initialize_machine 10024c00 f   sfc_debugmsvc80:sfdb_data_browse.obj
 0001:00023cb0       _sf_debug_st_initialize_instance 10024cb0 f   sfc_debugmsvc80:sfdb_data_browse.obj
 0001:00023e70       _sf_debug_st_terminate     10024e70 f   sfc_debugmsvc80:sfdb_data_browse.obj
 0001:00023fd0       _sf_debug_st_set_data_value_ptr_in_machine 10024fd0 f   sfc_debugmsvc80:sfdb_data_browse.obj
 0001:00024040       _sf_debug_st_set_data_value_ptr_in_instance 10025040 f   sfc_debugmsvc80:sfdb_data_browse.obj
 0001:000240f0       _sf_debug_st_unset_data_value_ptr_in_machine 100250f0 f   sfc_debugmsvc80:sfdb_data_browse.obj
 0001:00024150       _sf_debug_st_unset_data_value_ptr_in_instance 10025150 f   sfc_debugmsvc80:sfdb_data_browse.obj
 0001:00024460       _sf_debug_mx_value         10025460 f   sfc_debugmsvc80:sfdb_data_browse.obj
 0001:000244b0       _sf_debug_mx_packed_vector 100254b0 f   sfc_debugmsvc80:sfdb_data_browse.obj
 0001:00024550       _sf_debug_mx_uint_vector   10025550 f   sfc_debugmsvc80:sfdb_data_browse.obj
 0001:000245d0       _sf_debug_st_get_double_value_from_void_ptr_vector 100255d0 f   sfc_debugmsvc80:sfdb_data_browse.obj
 0001:00024dd0       _sf_debug_st_browse_data   10025dd0 f   sfc_debugmsvc80:sfdb_data_browse.obj
 0001:000253d0       _sf_debug_ss_initialize    100263d0 f   sfc_debugmsvc80:sfdb_symbol_scope.obj
 0001:000253f0       _sf_debug_ss_terminate     100263f0 f   sfc_debugmsvc80:sfdb_symbol_scope.obj
 0001:00025470       _sf_debug_ss_push_symbol_scope 10026470 f   sfc_debugmsvc80:sfdb_symbol_scope.obj
 0001:00025530       _sf_debug_ss_push_symbol_scope_eml 10026530 f   sfc_debugmsvc80:sfdb_symbol_scope.obj
 0001:00025580       _sf_debug_ss_pop_symbol_scope 10026580 f   sfc_debugmsvc80:sfdb_symbol_scope.obj
 0001:00025620       _sf_debug_ss_add_symbol    10026620 f   sfc_debugmsvc80:sfdb_symbol_scope.obj
 0001:00025710       _sf_debug_ss_add_symbol_eml 10026710 f   sfc_debugmsvc80:sfdb_symbol_scope.obj
 0001:00026030       _sf_debug_ss_set_data_value 10027030 f   sfc_debugmsvc80:sfdb_symbol_scope.obj
 0001:00026370       _sf_debug_ss_watch_data    10027370 f   sfc_debugmsvc80:sfdb_symbol_scope.obj
 0001:000263f0       _sf_debug_ss_assign_data   100273f0 f   sfc_debugmsvc80:sfdb_symbol_scope.obj
 0001:00026c90       _get_data_entry_name       10027c90 f   sfc_debugmsvc80:sfdb_symbol_scope.obj
 0001:00026ce0       _sf_debug_ss_whos          10027ce0 f   sfc_debugmsvc80:sfdb_symbol_scope.obj
 0001:00027180       _sf_debug_cc_initialize_chart 10028180 f   sfc_debugmsvc80:sfdb_coverage.obj
 0001:00027b50       _sf_debug_cc_initialize_instance 10028b50 f   sfc_debugmsvc80:sfdb_coverage.obj
 0001:00028760       _sf_debug_cc_terminate     10029760 f   sfc_debugmsvc80:sfdb_coverage.obj
 0001:00028830       _sf_debug_cc_set_transition_maps 10029830 f   sfc_debugmsvc80:sfdb_coverage.obj
 0001:00028930       _sf_debug_cc_set_state_maps 10029930 f   sfc_debugmsvc80:sfdb_coverage.obj
 0001:00028a00       _sf_debug_cc_set_transition_weights 10029a00 f   sfc_debugmsvc80:sfdb_coverage.obj
 0001:00028c20       _sf_debug_cc_set_state_weights 10029c20 f   sfc_debugmsvc80:sfdb_coverage.obj
 0001:00028e60       _sf_debug_cc_mark_transition_guard 10029e60 f   sfc_debugmsvc80:sfdb_coverage.obj
 0001:00028ee0       _sf_debug_cc_mark_transition_trigger 10029ee0 f   sfc_debugmsvc80:sfdb_coverage.obj
 0001:00028f60       _sf_debug_cc_mark_transition_decision 10029f60 f   sfc_debugmsvc80:sfdb_coverage.obj
 0001:00028fc0       _sf_debug_cc_mark_transition_condition_action 10029fc0 f   sfc_debugmsvc80:sfdb_coverage.obj
 0001:00029010       _sf_debug_cc_mark_transition_transition_action 1002a010 f   sfc_debugmsvc80:sfdb_coverage.obj
 0001:00029060       _sf_debug_cc_mark_state_entry 1002a060 f   sfc_debugmsvc80:sfdb_coverage.obj
 0001:000290b0       _sf_debug_cc_mark_state_during 1002a0b0 f   sfc_debugmsvc80:sfdb_coverage.obj
 0001:00029100       _sf_debug_cc_mark_state_exit 1002a100 f   sfc_debugmsvc80:sfdb_coverage.obj
 0001:00029710       _sf_debug_cc_get_coverage  1002a710 f   sfc_debugmsvc80:sfdb_coverage.obj
 0001:00029b80       _sf_debug_bm_clear_script_breakpoints 1002ab80 f   sfc_debugmsvc80:sfdb_breakpoints.obj
 0001:00029bc0       _sf_debug_bm_set_script_breakpoint 1002abc0 f   sfc_debugmsvc80:sfdb_breakpoints.obj
 0001:00029c30       _sf_debug_bm_clear_single_script_breakpoint 1002ac30 f   sfc_debugmsvc80:sfdb_breakpoints.obj
 0001:00029ca0       _sf_debug_bm_query_script_breakpoint 1002aca0 f   sfc_debugmsvc80:sfdb_breakpoints.obj
 0001:00029cf0       _sf_debug_bm_initialize_scripts 1002acf0 f   sfc_debugmsvc80:sfdb_breakpoints.obj
 0001:0002a290       _sf_debug_bm_terminate     1002b290 f   sfc_debugmsvc80:sfdb_breakpoints.obj
 0001:0002a550       _sf_debug_bm_remove_all_breakpoints_in_machine 1002b550 f   sfc_debugmsvc80:sfdb_breakpoints.obj
 0001:0002a5a0       _sf_debug_bm_remove_all_breakpoints_in_chart 1002b5a0 f   sfc_debugmsvc80:sfdb_breakpoints.obj
 0001:0002a6d0       _sf_debug_bm_initialize_global_breakpoints 1002b6d0 f   sfc_debugmsvc80:sfdb_breakpoints.obj
 0001:0002a880       _sf_debug_bm_set_breakpoint 1002b880 f   sfc_debugmsvc80:sfdb_breakpoints.obj
 0001:0002ade0       _sf_debug_bm_set_eml_breakpoint 1002bde0 f   sfc_debugmsvc80:sfdb_breakpoints.obj
 0001:0002ae60       _sf_debug_bm_initialize_machine_breakpoint_map 1002be60 f   sfc_debugmsvc80:sfdb_breakpoints.obj
 0001:0002b200       _sf_debug_bm_is_a_breakpoint 1002c200 f   sfc_debugmsvc80:sfdb_breakpoints.obj
 0001:0002b620       _sf_debug_bm_get_all_breakpoints_in_machine 1002c620 f   sfc_debugmsvc80:sfdb_breakpoints.obj
 0001:0002b8c0       _sf_debug_bm_get_all_breakpoints_in_chart 1002c8c0 f   sfc_debugmsvc80:sfdb_breakpoints.obj
 0001:0002c2f0       _sf_debug_bm_initialize_machine 1002d2f0 f   sfc_debugmsvc80:sfdb_breakpoints.obj
 0001:0002c390       _sf_debug_bm_initialize_chart 1002d390 f   sfc_debugmsvc80:sfdb_breakpoints.obj
 0001:0002c720       _sf_debug_sc_terminate     1002d720 f   sfc_debugmsvc80:sfdb_state_consistency.obj
 0001:0002c9a0       _sf_debug_sc_is_chart_consistent 1002d9a0 f   sfc_debugmsvc80:sfdb_state_consistency.obj
 0001:0002cb80       _sf_debug_sc_get_consistency_error_info 1002db80 f   sfc_debugmsvc80:sfdb_state_consistency.obj
 0001:0002cee0       _sf_debug_tm_terminate     1002dee0 f   sfc_debugmsvc80:sfdb_call_stack.obj
 0001:0002cf80       _sf_debug_tm_push_chart_instance 1002df80 f   sfc_debugmsvc80:sfdb_call_stack.obj
 0001:0002d0b0       _sf_debug_tm_pop_chart_instance 1002e0b0 f   sfc_debugmsvc80:sfdb_call_stack.obj
 0001:0002d110       _sf_debug_tm_push_trace_node 1002e110 f   sfc_debugmsvc80:sfdb_call_stack.obj
 0001:0002d220       _sf_debug_tm_pop_trace_node 1002e220 f   sfc_debugmsvc80:sfdb_call_stack.obj
 0001:0002d2a0       _sf_debug_tm_get_current_global_trace_index 1002e2a0 f   sfc_debugmsvc80:sfdb_call_stack.obj
 0001:0002d2c0       _sf_debug_tm_get_current_local_trace_index 1002e2c0 f   sfc_debugmsvc80:sfdb_call_stack.obj
 0001:0002d2f0       _sf_debug_tm_set_cycle_detected_flag 1002e2f0 f   sfc_debugmsvc80:sfdb_call_stack.obj
 0001:0002d340       _sf_debug_tm_set_cycle_started_flag 1002e340 f   sfc_debugmsvc80:sfdb_call_stack.obj
 0001:0002d390       _sf_debug_tm_get_chart_number_from_stack 1002e390 f   sfc_debugmsvc80:sfdb_call_stack.obj
 0001:0002d530       _sf_debug_tm_browse_trace  1002e530 f   sfc_debugmsvc80:sfdb_call_stack.obj
 0001:0002d7a0       _sf_debug_cd_initialize_instance 1002e7a0 f   sfc_debugmsvc80:sfdb_cycle_detection.obj
 0001:0002d9d0       _sf_debug_cd_mark_processed_transition_in_instance 1002e9d0 f   sfc_debugmsvc80:sfdb_cycle_detection.obj
 0001:0002da50       _sf_debug_cd_checksum_push 1002ea50 f   sfc_debugmsvc80:sfdb_cycle_detection.obj
 0001:0002dd50       _sf_debug_cd_checksum_pop  1002ed50 f   sfc_debugmsvc80:sfdb_cycle_detection.obj
 0001:0002ddb0       _sf_debug_cd_turn_off_cycle_detection 1002edb0 f   sfc_debugmsvc80:sfdb_cycle_detection.obj
 0001:0002de00       _sf_debug_cd_terminate     1002ee00 f   sfc_debugmsvc80:sfdb_cycle_detection.obj
 0001:0002dfd0       _md5_initialize_state      1002efd0 f   sfc_debugmsvc80:ckmd5.obj
 0001:0002e860       _md5_update_state          1002f860 f   sfc_debugmsvc80:ckmd5.obj
 0001:0002e880       _md5_get_hash              1002f880 f   sfc_debugmsvc80:ckmd5.obj
 0001:0002e8a0       _md5_get_hash_for_a_single_string 1002f8a0 f   sfc_debugmsvc80:ckmd5.obj
 0001:0002e90a       _mxGetPr                   1002f90a f   libmx:libmx.dll
 0001:0002e910       _mxCreateDoubleScalar      1002f910 f   libmx:libmx.dll
 0001:0002e916       _mxSetField_730            1002f916 f   libmx:libmx.dll
 0001:0002e91c       _mxCreateDoubleMatrix_730  1002f91c f   libmx:libmx.dll
 0001:0002e922       _mxCreateStructMatrix_730  1002f922 f   libmx:libmx.dll
 0001:0002e928       _mxDestroyArray            1002f928 f   libmx:libmx.dll
 0001:0002e92e       _mxCreateString            1002f92e f   libmx:libmx.dll
 0001:0002e934       _mxDuplicateArray          1002f934 f   libmx:libmx.dll
 0001:0002e93a       _mxIsEmpty                 1002f93a f   libmx:libmx.dll
 0001:0002e940       _mxGetString_730           1002f940 f   libmx:libmx.dll
 0001:0002e946       _mxIsChar                  1002f946 f   libmx:libmx.dll
 0001:0002e94c       _mxGetClassID              1002f94c f   libmx:libmx.dll
 0001:0002e952       _mxIsNumeric               1002f952 f   libmx:libmx.dll
 0001:0002e958       _mxIsComplex               1002f958 f   libmx:libmx.dll
 0001:0002e95e       _mxGetN                    1002f95e f   libmx:libmx.dll
 0001:0002e964       _mxGetM                    1002f964 f   libmx:libmx.dll
 0001:0002e96a       _mxCalloc                  1002f96a f   libmx:libmx.dll
 0001:0002e970       _mxGetScalar               1002f970 f   libmx:libmx.dll
 0001:0002e976       _mxIsLogical               1002f976 f   libmx:libmx.dll
 0001:0002e97c       _mxCreateDoubleMatrix_700  1002f97c f   libmx:libmx.dll
 0001:0002e982       _mxFree                    1002f982 f   libmx:libmx.dll
 0001:0002e988       _mxArrayToString           1002f988 f   libmx:libmx.dll
 0001:0002e98e       _mxCreateCellMatrix_700    1002f98e f   libmx:libmx.dll
 0001:0002e994       _mxSetCell_700             1002f994 f   libmx:libmx.dll
 0001:0002e99a       _mxGetCell_700             1002f99a f   libmx:libmx.dll
 0001:0002e9a0       _mxGetClassName            1002f9a0 f   libmx:libmx.dll
 0001:0002e9a6       _mxSetField_700            1002f9a6 f   libmx:libmx.dll
 0001:0002e9ac       _mxAddField                1002f9ac f   libmx:libmx.dll
 0001:0002e9b2       _mxGetField_700            1002f9b2 f   libmx:libmx.dll
 0001:0002e9b8       _mxGetNumberOfElements     1002f9b8 f   libmx:libmx.dll
 0001:0002e9be       _mxIsStruct                1002f9be f   libmx:libmx.dll
 0001:0002e9c4       _mxIsClass                 1002f9c4 f   libmx:libmx.dll
 0001:0002e9ca       _mxGetLogicals             1002f9ca f   libmx:libmx.dll
 0001:0002e9d0       _mxIsSparse                1002f9d0 f   libmx:libmx.dll
 0001:0002e9d6       _mxSetFieldByNumber_700    1002f9d6 f   libmx:libmx.dll
 0001:0002e9dc       _mxGetFieldByNumber_700    1002f9dc f   libmx:libmx.dll
 0001:0002e9e2       _mxGetFieldNameByNumber    1002f9e2 f   libmx:libmx.dll
 0001:0002e9e8       _mxGetNumberOfFields       1002f9e8 f   libmx:libmx.dll
 0001:0002e9ee       _mxCreateStructMatrix_700  1002f9ee f   libmx:libmx.dll
 0001:0002e9f4       _mxGetFieldNumber          1002f9f4 f   libmx:libmx.dll
 0001:0002e9fa       _mxIsNaN                   1002f9fa f   libmx:libmx.dll
 0001:0002ea00       _mxGetData                 1002fa00 f   libmx:libmx.dll
 0001:0002ea06       _mxGetImagData             1002fa06 f   libmx:libmx.dll
 0001:0002ea0c       _mxArrayClassIDName        1002fa0c f   libmx:libmx.dll
 0001:0002ea12       _mxCreateNumericMatrix_700 1002fa12 f   libmx:libmx.dll
 0001:0002ea18       _mxCreateStructArray_700   1002fa18 f   libmx:libmx.dll
 0001:0002ea1e       _mxCalcSingleSubscript_700 1002fa1e f   libmx:libmx.dll
 0001:0002ea24       _mxGetDimensions_700       1002fa24 f   libmx:libmx.dll
 0001:0002ea2a       _mxGetNumberOfDimensions_700 1002fa2a f   libmx:libmx.dll
 0001:0002ea30       _mxCreateNumericArray_700  1002fa30 f   libmx:libmx.dll
 0001:0002ea36       _mxGetElementSize          1002fa36 f   libmx:libmx.dll
 0001:0002ea3c       _mxCreateStringFromNChars_700 1002fa3c f   libmx:libmx.dll
 0001:0002ea42       _mxGetString_700           1002fa42 f   libmx:libmx.dll
 0001:0002ea48       _mxIsLogicalScalarTrue     1002fa48 f   libmx:libmx.dll
 0001:0002ea4e       _mxCreateLogicalScalar     1002fa4e f   libmx:libmx.dll
 0001:0002ea54       _mexUnlock                 1002fa54 f   libmex:libmex.dll
 0001:0002ea5a       _mexIsLocked               1002fa5a f   libmex:libmex.dll
 0001:0002ea60       _mexWarnMsgTxt             1002fa60 f   libmex:libmex.dll
 0001:0002ea66       _mexCallMATLAB             1002fa66 f   libmex:libmex.dll
 0001:0002ea6c       _mexErrMsgTxt              1002fa6c f   libmex:libmex.dll
 0001:0002ea72       _mexSetTrapFlag            1002fa72 f   libmex:libmex.dll
 0001:0002ea78       _mexMakeArrayPersistent    1002fa78 f   libmex:libmex.dll
 0001:0002ea7e       _mexPutVariable            1002fa7e f   libmex:libmex.dll
 0001:0002ea84       _mexGetVariable            1002fa84 f   libmex:libmex.dll
 0001:0002ea8a       _mexLock                   1002fa8a f   libmex:libmex.dll
 0001:0002ea90       _mexMakeMemoryPersistent   1002fa90 f   libmex:libmex.dll
 0001:0002ea96       _mexFunctionName           1002fa96 f   libmex:libmex.dll
 0001:0002ea9c       _ssRegisterDataTypeFxpFSlopeFixExpBias 1002fa9c f   libfixedpoint:libfixedpoint.dll
 0001:0002eaa2       _utVSNprintf               1002faa2 f   libut:libut.dll
 0001:0002eaa8       _utCPUtime                 1002faa8 f   libut:libut.dll
 0001:0002eaae       _utFree                    1002faae f   libut:libut.dll
 0001:0002eab4       _utMalloc                  1002fab4 f   libut:libut.dll
 0001:0002eaba       _emlrtCheckBuiltInCtxR2011a 1002faba f   libemlrt:libemlrt.dll
 0001:0002eac0       _emlrtCheckVsBuiltInCtxR2011a 1002fac0 f   libemlrt:libemlrt.dll
 0001:0002eac6       _emlrtCheckEnumR2009a      1002fac6 f   libemlrt:libemlrt.dll
 0001:0002eacc       _emlrtCreateEnumR2010a     1002facc f   libemlrt:libemlrt.dll
 0001:0002ead2       _emlrtGetEnumElementR2009a 1002fad2 f   libemlrt:libemlrt.dll
 0001:0002ead8       _emlrtCreateReference      1002fad8 f   libemlrt:libemlrt.dll
 0001:0002eade       _emlrtImportVsFiArrayR2009b 1002fade f   libemlrt:libemlrt.dll
 0001:0002eae4       _emlrtExtractMessageId     1002fae4 f   libemlrt:libemlrt.dll
 0001:0002eaea       _emlrtTranslateMessageIDtoLCPstring 1002faea f   libemlrt:libemlrt.dll
 0001:0002eaf0       _emlrtGetEnumUnderlyingArrayR2009a 1002faf0 f   libemlrt:libemlrt.dll
 0001:0002eaf6       _emlrtIsEnumR2009a         1002faf6 f   libemlrt:libemlrt.dll
 0001:0002eb00       _memset                    1002fb00 f   MSVCRT:MSVCR90.dll
 0001:0002eb06       _malloc                    1002fb06 f   MSVCRT:MSVCR90.dll
 0001:0002eb0c       _free                      1002fb0c f   MSVCRT:MSVCR90.dll
 0001:0002eb12       _strlen                    1002fb12 f   MSVCRT:MSVCR90.dll
 0001:0002eb18       _strcmp                    1002fb18 f   MSVCRT:MSVCR90.dll
 0001:0002eb1e       @__security_check_cookie@4 1002fb1e f   MSVCRT:secchk.obj
 0001:0002eb2e       _sprintf                   1002fb2e f   MSVCRT:MSVCR90.dll
 0001:0002eb34       _strcat                    1002fb34 f   MSVCRT:MSVCR90.dll
 0001:0002eb40       __ftol2_sse                1002fb40 f   MSVCRT:ftol2.obj
 0001:0002eb49       __ftol2_pentium4           1002fb49 f   MSVCRT:ftol2.obj
 0001:0002eb5c       __ftol2_sse_excpt          1002fb5c f   MSVCRT:ftol2.obj
 0001:0002eb76       __ftol2                    1002fb76 f   MSVCRT:ftol2.obj
 0001:0002ebec       _memcpy                    1002fbec f   MSVCRT:MSVCR90.dll
 0001:0002ebf2       _NtCurrentTeb              1002fbf2 f i MSVCRT:crtdll.obj
 0001:0002ec48       __CRT_INIT@12              1002fc48 f   MSVCRT:crtdll.obj
 0001:0002ef84       __DllMainCRTStartup@12     1002ff84 f   MSVCRT:crtdll.obj
 0001:0002efa8       _strncpy                   1002ffa8 f   MSVCRT:MSVCR90.dll
 0001:0002efb0       __alloca_probe             1002ffb0     MSVCRT:chkstk.obj
 0001:0002efb0       __chkstk                   1002ffb0 f   MSVCRT:chkstk.obj
 0001:0002efdc       _longjmp                   1002ffdc f   MSVCRT:MSVCR90.dll
 0001:0002efe2       _strncmp                   1002ffe2 f   MSVCRT:MSVCR90.dll
 0001:0002efe8       _ceil                      1002ffe8 f   MSVCRT:MSVCR90.dll
 0001:0002efee       _strrchr                   1002ffee f   MSVCRT:MSVCR90.dll
 0001:0002eff4       __setjmp3                  1002fff4 f   MSVCRT:MSVCR90.dll
 0001:0002effa       _calloc                    1002fffa f   MSVCRT:MSVCR90.dll
 0001:0002f000       _realloc                   10030000 f   MSVCRT:MSVCR90.dll
 0001:0002f006       _ldexp                     10030006 f   MSVCRT:MSVCR90.dll
 0001:0002f00c       ___report_gsfailure        1003000c f   MSVCRT:gs_report.obj
 0001:0002f162       __get_sse2_info            10030162 f   MSVCRT:cpu_disp.obj
 0001:0002f1c4       ___sse2_available_init     100301c4 f   MSVCRT:cpu_disp.obj
 0001:0002f1d1       ___clean_type_info_names   100301d1 f   MSVCRT:tncleanup.obj
 0001:0002f1dd       __onexit                   100301dd f   MSVCRT:atonexit.obj
 0001:0002f282       _atexit                    10030282 f   MSVCRT:atonexit.obj
 0001:0002f299       __RTC_Initialize           10030299 f   MSVCRT:_initsect_.obj
 0001:0002f2bf       __RTC_Terminate            100302bf f   MSVCRT:_initsect_.obj
 0001:0002f2e6       __encode_pointer           100302e6 f   MSVCRT:MSVCR90.dll
 0001:0002f2ec       __malloc_crt               100302ec f   MSVCRT:MSVCR90.dll
 0001:0002f2f2       __encoded_null             100302f2 f   MSVCRT:MSVCR90.dll
 0001:0002f2f8       __decode_pointer           100302f8 f   MSVCRT:MSVCR90.dll
 0001:0002f300       __ValidateImageBase        10030300 f   MSVCRT:pesect.obj
 0001:0002f340       __FindPESection            10030340 f   MSVCRT:pesect.obj
 0001:0002f390       __IsNonwritableInCurrentImage 10030390 f   MSVCRT:pesect.obj
 0001:0002f44e       __initterm                 1003044e f   MSVCRT:MSVCR90.dll
 0001:0002f454       __initterm_e               10030454 f   MSVCRT:MSVCR90.dll
 0001:0002f45a       __amsg_exit                1003045a f   MSVCRT:MSVCR90.dll
 0001:0002f460       ___CppXcptFilter           10030460 f   MSVCRT:MSVCR90.dll
 0001:0002f466       _DllMain@12                10030466 f   MSVCRT:dllmain.obj
 0001:0002f48c       __SEH_prolog4              1003048c f   MSVCRT:sehprolg4.obj
 0001:0002f4d1       __SEH_epilog4              100304d1 f   MSVCRT:sehprolg4.obj
 0001:0002f4e5       __except_handler4          100304e5 f   MSVCRT:chandler4gs.obj
 0001:0002f50a       ___security_init_cookie    1003050a f   MSVCRT:gs_support.obj
 0001:0002f5a0       __crt_debugger_hook        100305a0 f   MSVCRT:MSVCR90.dll
 0001:0002f5a6       ___clean_type_info_names_internal 100305a6 f   MSVCRT:MSVCR90.dll
 0001:0002f5ac       __unlock                   100305ac f   MSVCRT:MSVCR90.dll
 0001:0002f5b2       ___dllonexit               100305b2 f   MSVCRT:MSVCR90.dll
 0001:0002f5b8       __lock                     100305b8 f   MSVCRT:MSVCR90.dll
 0001:0002f5be       __except_handler4_common   100305be f   MSVCRT:MSVCR90.dll
 0001:0002f5c4       _InterlockedExchange@8     100305c4 f   kernel32:KERNEL32.dll
 0001:0002f5ca       _Sleep@4                   100305ca f   kernel32:KERNEL32.dll
 0001:0002f5d0       _InterlockedCompareExchange@12 100305d0 f   kernel32:KERNEL32.dll
 0001:0002f5d6       _TerminateProcess@8        100305d6 f   kernel32:KERNEL32.dll
 0001:0002f5dc       _GetCurrentProcess@0       100305dc f   kernel32:KERNEL32.dll
 0001:0002f5e2       _UnhandledExceptionFilter@4 100305e2 f   kernel32:KERNEL32.dll
 0001:0002f5e8       _SetUnhandledExceptionFilter@4 100305e8 f   kernel32:KERNEL32.dll
 0001:0002f5ee       _IsDebuggerPresent@0       100305ee f   kernel32:KERNEL32.dll
 0001:0002f5f4       _DisableThreadLibraryCalls@4 100305f4 f   kernel32:KERNEL32.dll
 0001:0002f5fa       _QueryPerformanceCounter@4 100305fa f   kernel32:KERNEL32.dll
 0001:0002f600       _GetTickCount@0            10030600 f   kernel32:KERNEL32.dll
 0001:0002f606       _GetCurrentThreadId@0      10030606 f   kernel32:KERNEL32.dll
 0001:0002f60c       _GetCurrentProcessId@0     1003060c f   kernel32:KERNEL32.dll
 0001:0002f612       _GetSystemTimeAsFileTime@4 10030612 f   kernel32:KERNEL32.dll
 0002:00000000       __imp__GetSystemTimeAsFileTime@4 10031000     kernel32:KERNEL32.dll
 0002:00000004       __imp__GetCurrentProcessId@0 10031004     kernel32:KERNEL32.dll
 0002:00000008       __imp__GetCurrentThreadId@0 10031008     kernel32:KERNEL32.dll
 0002:0000000c       __imp__GetTickCount@0      1003100c     kernel32:KERNEL32.dll
 0002:00000010       __imp__QueryPerformanceCounter@4 10031010     kernel32:KERNEL32.dll
 0002:00000014       __imp__DisableThreadLibraryCalls@4 10031014     kernel32:KERNEL32.dll
 0002:00000018       __imp__IsDebuggerPresent@0 10031018     kernel32:KERNEL32.dll
 0002:0000001c       __imp__SetUnhandledExceptionFilter@4 1003101c     kernel32:KERNEL32.dll
 0002:00000020       __imp__UnhandledExceptionFilter@4 10031020     kernel32:KERNEL32.dll
 0002:00000024       __imp__GetCurrentProcess@0 10031024     kernel32:KERNEL32.dll
 0002:00000028       __imp__TerminateProcess@8  10031028     kernel32:KERNEL32.dll
 0002:0000002c       __imp__InterlockedCompareExchange@12 1003102c     kernel32:KERNEL32.dll
 0002:00000030       __imp__Sleep@4             10031030     kernel32:KERNEL32.dll
 0002:00000034       __imp__InterlockedExchange@8 10031034     kernel32:KERNEL32.dll
 0002:00000038       \177KERNEL32_NULL_THUNK_DATA 10031038     kernel32:KERNEL32.dll
 0002:0000003c       __imp___except_handler4_common 1003103c     MSVCRT:MSVCR90.dll
 0002:00000040       __imp___onexit             10031040     MSVCRT:MSVCR90.dll
 0002:00000044       __imp___lock               10031044     MSVCRT:MSVCR90.dll
 0002:00000048       __imp____dllonexit         10031048     MSVCRT:MSVCR90.dll
 0002:0000004c       __imp___unlock             1003104c     MSVCRT:MSVCR90.dll
 0002:00000050       __imp____clean_type_info_names_internal 10031050     MSVCRT:MSVCR90.dll
 0002:00000054       __imp___crt_debugger_hook  10031054     MSVCRT:MSVCR90.dll
 0002:00000058       __imp____CppXcptFilter     10031058     MSVCRT:MSVCR90.dll
 0002:0000005c       __imp___adjust_fdiv        1003105c     MSVCRT:MSVCR90.dll
 0002:00000060       __imp___amsg_exit          10031060     MSVCRT:MSVCR90.dll
 0002:00000064       __imp___initterm_e         10031064     MSVCRT:MSVCR90.dll
 0002:00000068       __imp___initterm           10031068     MSVCRT:MSVCR90.dll
 0002:0000006c       __imp___decode_pointer     1003106c     MSVCRT:MSVCR90.dll
 0002:00000070       __imp___encoded_null       10031070     MSVCRT:MSVCR90.dll
 0002:00000074       __imp___malloc_crt         10031074     MSVCRT:MSVCR90.dll
 0002:00000078       __imp___encode_pointer     10031078     MSVCRT:MSVCR90.dll
 0002:0000007c       __imp__ldexp               1003107c     MSVCRT:MSVCR90.dll
 0002:00000080       __imp__realloc             10031080     MSVCRT:MSVCR90.dll
 0002:00000084       __imp__calloc              10031084     MSVCRT:MSVCR90.dll
 0002:00000088       __imp___setjmp3            10031088     MSVCRT:MSVCR90.dll
 0002:0000008c       __imp__strrchr             1003108c     MSVCRT:MSVCR90.dll
 0002:00000090       __imp__ceil                10031090     MSVCRT:MSVCR90.dll
 0002:00000094       __imp__strncmp             10031094     MSVCRT:MSVCR90.dll
 0002:00000098       __imp__longjmp             10031098     MSVCRT:MSVCR90.dll
 0002:0000009c       __imp__strncpy             1003109c     MSVCRT:MSVCR90.dll
 0002:000000a0       __imp__memcpy              100310a0     MSVCRT:MSVCR90.dll
 0002:000000a4       __imp__strcat              100310a4     MSVCRT:MSVCR90.dll
 0002:000000a8       __imp__sprintf             100310a8     MSVCRT:MSVCR90.dll
 0002:000000ac       __imp__strcmp              100310ac     MSVCRT:MSVCR90.dll
 0002:000000b0       __imp__strlen              100310b0     MSVCRT:MSVCR90.dll
 0002:000000b4       __imp__free                100310b4     MSVCRT:MSVCR90.dll
 0002:000000b8       __imp__malloc              100310b8     MSVCRT:MSVCR90.dll
 0002:000000bc       __imp__memset              100310bc     MSVCRT:MSVCR90.dll
 0002:000000c0       \177MSVCR90_NULL_THUNK_DATA 100310c0     MSVCRT:MSVCR90.dll
 0002:000000c4       __imp__emlrtIsEnumR2009a   100310c4     libemlrt:libemlrt.dll
 0002:000000c8       __imp__emlrtGetEnumUnderlyingArrayR2009a 100310c8     libemlrt:libemlrt.dll
 0002:000000cc       __imp__emlrtTranslateMessageIDtoLCPstring 100310cc     libemlrt:libemlrt.dll
 0002:000000d0       __imp__emlrtExtractMessageId 100310d0     libemlrt:libemlrt.dll
 0002:000000d4       __imp__emlrtImportVsFiArrayR2009b 100310d4     libemlrt:libemlrt.dll
 0002:000000d8       __imp__emlrtCreateReference 100310d8     libemlrt:libemlrt.dll
 0002:000000dc       __imp__emlrtCheckVsBuiltInCtxR2011a 100310dc     libemlrt:libemlrt.dll
 0002:000000e0       __imp__emlrtCheckEnumR2009a 100310e0     libemlrt:libemlrt.dll
 0002:000000e4       __imp__emlrtCreateEnumR2010a 100310e4     libemlrt:libemlrt.dll
 0002:000000e8       __imp__emlrtGetEnumElementR2009a 100310e8     libemlrt:libemlrt.dll
 0002:000000ec       __imp__emlrtCheckBuiltInCtxR2011a 100310ec     libemlrt:libemlrt.dll
 0002:000000f0       \177libemlrt_NULL_THUNK_DATA 100310f0     libemlrt:libemlrt.dll
 0002:000000f4       __imp__ssRegisterDataTypeFxpFSlopeFixExpBias 100310f4     libfixedpoint:libfixedpoint.dll
 0002:000000f8       \177libfixedpoint_NULL_THUNK_DATA 100310f8     libfixedpoint:libfixedpoint.dll
 0002:000000fc       __imp__mexGetVariable      100310fc     libmex:libmex.dll
 0002:00000100       __imp__mexErrMsgTxt        10031100     libmex:libmex.dll
 0002:00000104       __imp__mexMakeMemoryPersistent 10031104     libmex:libmex.dll
 0002:00000108       __imp__mexFunctionName     10031108     libmex:libmex.dll
 0002:0000010c       __imp__mexLock             1003110c     libmex:libmex.dll
 0002:00000110       __imp__mexPutVariable      10031110     libmex:libmex.dll
 0002:00000114       __imp__mexSetTrapFlag      10031114     libmex:libmex.dll
 0002:00000118       __imp__mexCallMATLAB       10031118     libmex:libmex.dll
 0002:0000011c       __imp__mexWarnMsgTxt       1003111c     libmex:libmex.dll
 0002:00000120       __imp__mexIsLocked         10031120     libmex:libmex.dll
 0002:00000124       __imp__mexUnlock           10031124     libmex:libmex.dll
 0002:00000128       __imp__mexMakeArrayPersistent 10031128     libmex:libmex.dll
 0002:0000012c       \177libmex_NULL_THUNK_DATA 1003112c     libmex:libmex.dll
 0002:00000130       __imp__mxIsStruct          10031130     libmx:libmx.dll
 0002:00000134       __imp__mxCreateDoubleScalar 10031134     libmx:libmx.dll
 0002:00000138       __imp__mxSetField_730      10031138     libmx:libmx.dll
 0002:0000013c       __imp__mxCreateDoubleMatrix_730 1003113c     libmx:libmx.dll
 0002:00000140       __imp__mxCreateStructMatrix_730 10031140     libmx:libmx.dll
 0002:00000144       __imp__mxCreateLogicalScalar 10031144     libmx:libmx.dll
 0002:00000148       __imp__mxIsLogicalScalarTrue 10031148     libmx:libmx.dll
 0002:0000014c       __imp__mxGetString_700     1003114c     libmx:libmx.dll
 0002:00000150       __imp__mxCreateStringFromNChars_700 10031150     libmx:libmx.dll
 0002:00000154       __imp__mxGetElementSize    10031154     libmx:libmx.dll
 0002:00000158       __imp__mxCreateNumericArray_700 10031158     libmx:libmx.dll
 0002:0000015c       __imp__mxGetNumberOfDimensions_700 1003115c     libmx:libmx.dll
 0002:00000160       __imp__mxGetDimensions_700 10031160     libmx:libmx.dll
 0002:00000164       __imp__mxCalcSingleSubscript_700 10031164     libmx:libmx.dll
 0002:00000168       __imp__mxCreateStructArray_700 10031168     libmx:libmx.dll
 0002:0000016c       __imp__mxCreateNumericMatrix_700 1003116c     libmx:libmx.dll
 0002:00000170       __imp__mxArrayClassIDName  10031170     libmx:libmx.dll
 0002:00000174       __imp__mxGetImagData       10031174     libmx:libmx.dll
 0002:00000178       __imp__mxGetData           10031178     libmx:libmx.dll
 0002:0000017c       __imp__mxIsNaN             1003117c     libmx:libmx.dll
 0002:00000180       __imp__mxGetFieldNumber    10031180     libmx:libmx.dll
 0002:00000184       __imp__mxCreateStructMatrix_700 10031184     libmx:libmx.dll
 0002:00000188       __imp__mxGetNumberOfFields 10031188     libmx:libmx.dll
 0002:0000018c       __imp__mxGetFieldNameByNumber 1003118c     libmx:libmx.dll
 0002:00000190       __imp__mxGetFieldByNumber_700 10031190     libmx:libmx.dll
 0002:00000194       __imp__mxSetFieldByNumber_700 10031194     libmx:libmx.dll
 0002:00000198       __imp__mxIsSparse          10031198     libmx:libmx.dll
 0002:0000019c       __imp__mxGetLogicals       1003119c     libmx:libmx.dll
 0002:000001a0       __imp__mxIsClass           100311a0     libmx:libmx.dll
 0002:000001a4       __imp__mxGetPr             100311a4     libmx:libmx.dll
 0002:000001a8       __imp__mxGetNumberOfElements 100311a8     libmx:libmx.dll
 0002:000001ac       __imp__mxGetField_700      100311ac     libmx:libmx.dll
 0002:000001b0       __imp__mxAddField          100311b0     libmx:libmx.dll
 0002:000001b4       __imp__mxSetField_700      100311b4     libmx:libmx.dll
 0002:000001b8       __imp__mxGetClassName      100311b8     libmx:libmx.dll
 0002:000001bc       __imp__mxGetCell_700       100311bc     libmx:libmx.dll
 0002:000001c0       __imp__mxSetCell_700       100311c0     libmx:libmx.dll
 0002:000001c4       __imp__mxCreateCellMatrix_700 100311c4     libmx:libmx.dll
 0002:000001c8       __imp__mxArrayToString     100311c8     libmx:libmx.dll
 0002:000001cc       __imp__mxFree              100311cc     libmx:libmx.dll
 0002:000001d0       __imp__mxCreateDoubleMatrix_700 100311d0     libmx:libmx.dll
 0002:000001d4       __imp__mxIsLogical         100311d4     libmx:libmx.dll
 0002:000001d8       __imp__mxGetScalar         100311d8     libmx:libmx.dll
 0002:000001dc       __imp__mxCalloc            100311dc     libmx:libmx.dll
 0002:000001e0       __imp__mxGetM              100311e0     libmx:libmx.dll
 0002:000001e4       __imp__mxGetN              100311e4     libmx:libmx.dll
 0002:000001e8       __imp__mxIsComplex         100311e8     libmx:libmx.dll
 0002:000001ec       __imp__mxIsNumeric         100311ec     libmx:libmx.dll
 0002:000001f0       __imp__mxGetClassID        100311f0     libmx:libmx.dll
 0002:000001f4       __imp__mxIsChar            100311f4     libmx:libmx.dll
 0002:000001f8       __imp__mxGetString_730     100311f8     libmx:libmx.dll
 0002:000001fc       __imp__mxIsEmpty           100311fc     libmx:libmx.dll
 0002:00000200       __imp__mxDuplicateArray    10031200     libmx:libmx.dll
 0002:00000204       __imp__mxCreateString      10031204     libmx:libmx.dll
 0002:00000208       __imp__mxDestroyArray      10031208     libmx:libmx.dll
 0002:0000020c       \177libmx_NULL_THUNK_DATA  1003120c     libmx:libmx.dll
 0002:00000210       __imp__utCPUtime           10031210     libut:libut.dll
 0002:00000214       __imp__utFree              10031214     libut:libut.dll
 0002:00000218       __imp__utMalloc            10031218     libut:libut.dll
 0002:0000021c       __imp__utVSNprintf         1003121c     libut:libut.dll
 0002:00000220       \177libut_NULL_THUNK_DATA  10031220     libut:libut.dll
 0002:00000224       ___xc_a                    10031224     MSVCRT:cinitexe.obj
 0002:00000228       ___xc_z                    10031228     MSVCRT:cinitexe.obj
 0002:0000022c       ___xi_a                    1003122c     MSVCRT:cinitexe.obj
 0002:00000238       ___xi_z                    10031238     MSVCRT:cinitexe.obj
 0002:00000240       __real@41d7cbc091000000    10031240     c1_HoppingLEG.obj
 0002:00000248       __real@41ceb573d7000000    10031248     c1_HoppingLEG.obj
 0002:00000250       __real@41d36028d3c00000    10031250     c1_HoppingLEG.obj
 0002:00000258       __real@41dc10ed64800000    10031258     c1_HoppingLEG.obj
 0002:00000260       __real@0000000000000000    10031260     c1_HoppingLEG.obj
 0002:00000268       __real@4024000000000000    10031268     c1_HoppingLEG.obj
 0002:00000270       __real@3ff0000000000000    10031270     c1_HoppingLEG.obj
 0002:00000278       __real@41da057f68c00000    10031278     c1_HoppingLEG.obj
 0002:00000280       __real@41e178e91d000000    10031280     c1_HoppingLEG.obj
 0002:00000288       __real@41e11e0f6ee00000    10031288     c1_HoppingLEG.obj
 0002:00000290       __real@41edcf17f3a00000    10031290     c1_HoppingLEG.obj
 0002:00000298       __real@4008000000000000    10031298     c1_HoppingLEG.obj
 0002:000002a0       __real@bff0000000000000    100312a0     c1_HoppingLEG.obj
 0002:000002a8       __real@c0239eb851eb851f    100312a8     c1_HoppingLEG.obj
 0002:000002b0       __real@40239eb851eb851f    100312b0     c1_HoppingLEG.obj
 0002:000002b8       __real@41e6e6c843400000    100312b8     c2_HoppingLEG.obj
 0002:000002c0       __real@41e4a5d38d000000    100312c0     c2_HoppingLEG.obj
[...]
 0001:0000d580       _size_mismatch_error       1000e580 f   sfc_mexmsvc80:sfc_mex.obj
 0001:0000ddb0       _check_array_dimensions    1000edb0 f   sfc_mexmsvc80:sfc_mex.obj
 0001:0000de00       _check_input_mxarray       1000ee00 f   sfc_mexmsvc80:sfc_mex.obj
 0001:0000e4a0       _sf_numeric_value_to_double 1000f4a0 f   sfc_mexmsvc80:sfc_mex.obj
 0001:0000e4e0       _ml_generic_out_of_bounds_check 1000f4e0 f   sfc_mexmsvc80:sfc_mex.obj
 0001:0000e670       _ml_get_element_value_from_array 1000f670 f   sfc_mexmsvc80:sfc_mex.obj
 0001:0000eb40       __ml_generic_castability_check 1000fb40 f   sfc_mexmsvc80:sfc_mex.obj
 0001:0000f3d0       _ml_generic_castability_check 100103d0 f   sfc_mexmsvc80:sfc_mex.obj
 0001:0000f430       _ml_check_mx_array_for_single_castability 10010430 f   sfc_mexmsvc80:sfc_mex.obj
 0001:0000f4a0       _ml_check_mx_array_for_logical_castability 100104a0 f   sfc_mexmsvc80:sfc_mex.obj
 0001:0000f500       _ml_check_mx_array_for_int8_castability 10010500 f   sfc_mexmsvc80:sfc_mex.obj
 0001:0000f590       _ml_check_mx_array_for_uint8_castability 10010590 f   sfc_mexmsvc80:sfc_mex.obj
 0001:0000f600       _ml_check_mx_array_for_int16_castability 10010600 f   sfc_mexmsvc80:sfc_mex.obj
 0001:0000f670       _ml_check_mx_array_for_uint16_castability 10010670 f   sfc_mexmsvc80:sfc_mex.obj
 0001:0000f6e0       _ml_check_mx_array_for_int32_castability 100106e0 f   sfc_mexmsvc80:sfc_mex.obj
 0001:0000f750       _ml_check_mx_array_for_uint32_castability 10010750 f   sfc_mexmsvc80:sfc_mex.obj
 0001:0000f7c0       _ml_check_mx_array_for_castability 100107c0 f   sfc_mexmsvc80:sfc_mex.obj
 0001:0000fe40       _set_data_value            10010e40 f   sfc_mexmsvc80:sfc_mex.obj
 0001:00010310       _get_data_value            10011310 f   sfc_mexmsvc80:sfc_mex.obj
 0001:00010410       _get_next_element_address  10011410 f   sfc_mexmsvc80:sfc_mex.obj
 0001:000104b0       _sf_normalize_index        100114b0 f   sfc_mexmsvc80:sfc_mex.obj
 0001:00010740       _ml_array_index_bound_check 10011740 f   sfc_mexmsvc80:sfc_mex.obj
 0001:00011010       _mx_value                  10012010 f   sfc_mexmsvc80:sfc_mex.obj
 0001:00011060       _sf_create_numeric_array   10012060 f   sfc_mexmsvc80:sfc_mex.obj
 0001:000110e0       _sf_mex_assign_to_mx_array 100120e0 f   sfc_mexmsvc80:sfc_mex.obj
 0001:00011340       _assign_from_mx_array      10012340 f   sfc_mexmsvc80:sfc_mex.obj
 0001:00011b00       _sf_mex_import_v           10012b00 f   sfc_mexmsvc80:sfc_mex.obj
 0001:00011e80       _get_machine_and_chart_file_number 10012e80 f   sfc_mexmsvc80:sfc_sf.obj
 0001:00011f40       _get_sfun_block_specialization 10012f40 f   sfc_mexmsvc80:sfc_sf.obj
 0001:00011fa0       _call_sf_machine_global_method_dispatcher 10012fa0 f   sfc_mexmsvc80:sfc_sf.obj
 0001:00012150       _mdl_zeroCrossings_processing 10013150 f   sfc_mexmsvc80:sfc_sf.obj
 0001:00012200       _mdl_derivatives_processing 10013200 f   sfc_mexmsvc80:sfc_sf.obj
 0001:00012480       _mdl_outputs_continuous_legacy 10013480 f   sfc_mexmsvc80:sfc_sf.obj
 0001:00012500       _mdl_outputs_processing    10013500 f   sfc_mexmsvc80:sfc_sf.obj
 0001:00012740       _mdl_enable_processing     10013740 f   sfc_mexmsvc80:sfc_sf.obj
 0001:000127f0       _mdl_disable_processing    100137f0 f   sfc_mexmsvc80:sfc_sf.obj
 0001:00012ec0       _write_symbol_mapping      10013ec0 f   sfc_mexmsvc80:sfc_sf.obj
 0001:000134f0       _sf_call_output_fcn_enable_disable 100144f0 f   sfc_mexmsvc80:sfc_sf.obj
 0001:00013710       _set_dwork_information_from_mx_array 10014710 f   sfc_mexmsvc80:sfc_sf.obj
 0001:00014010       _ptr2mxStruct              10015010 f   sfc_mexmsvc80:sfc_sf.obj
 0001:00014230       _SNPRINTF_WRAPPER          10015230 f   sfc_debugmsvc80:sfcdebug.obj
 0001:00014250       _sf_debug_chart_instance_initialized_quick 10015250 f   sfc_debugmsvc80:sfcdebug.obj
 0001:00014260       _sf_debug_chart_instance_initialized 10015260 f   sfc_debugmsvc80:sfcdebug.obj
 0001:000143e0       _sfrtAddSize               100153e0 f   sfc_debugmsvc80:sfcdebug.obj
 0001:00014490       _sfrtGenSizeString         10015490 f   sfc_debugmsvc80:sfcdebug.obj
 0001:00014910       _sf_debug_sim_status_listener 10015910 f   sfc_debugmsvc80:sfcdebug.obj
 0001:00014d80       _sf_debug_form_mask_bits   10015d80 f   sfc_debugmsvc80:sfcdebug.obj
 0001:00014dc0       _sf_debug_form_sf_data_type_offsets 10015dc0 f   sfc_debugmsvc80:sfcdebug.obj
 0001:00014e50       _sf_debug_free_all         10015e50 f   sfc_debugmsvc80:sfcdebug.obj
 0001:00014fd0       _sf_debug_append_debugger_context 10015fd0 f   sfc_debugmsvc80:sfcdebug.obj
 0001:000152b0       _local_strdup              100162b0 f   sfc_debugmsvc80:sfcdebug.obj
 0001:00015f10       _sf_debug_em_terminate     10016f10 f   sfc_debugmsvc80:sfcdebug.obj
 0001:00015f50       _sf_debug_push_eml_function 10016f50 f   sfc_debugmsvc80:sfcdebug.obj
 0001:00015fe0       _sf_debug_pop_eml_function 10016fe0 f   sfc_debugmsvc80:sfcdebug.obj
 0001:000168c0       _sf_debug_get_machine_number_from_id_or_name 100178c0 f   sfc_debugmsvc80:sfcdebug.obj
 0001:00016a20       _sf_debug_get_chart_number_from_id 10017a20 f   sfc_debugmsvc80:sfcdebug.obj
 0001:00017340       _sf_debug_transfer_control_to_debugger_GUI 10018340 f   sfc_debugmsvc80:sfcdebug.obj
 0001:000180b0       _sf_debug_scripts_rehash   100190b0 f   sfc_debugmsvc80:sfcdebug.obj
 0001:00018260       _sf_debug_get_script_line_count 10019260 f   sfc_debugmsvc80:sfcdebug.obj
 0001:00018700       _cv_eml_state_cvId         10019700 f   sfc_debugmsvc80:sfcdebug.obj
 0001:000193c0       _sf_debug_data_array_bounds_error 1001a3c0 f   sfc_debugmsvc80:sfcdebug.obj
 0001:000196d0       _eml_debug_runtime_error_doclink 1001a6d0 f   sfc_debugmsvc80:sfcdebug.obj
 0001:00019810       _sf_debug_runtime_error    1001a810 f   sfc_debugmsvc80:sfcdebug.obj
 0001:00019860       _sf_debug_matlab_error     1001a860 f   sfc_debugmsvc80:sfcdebug.obj
 0001:00019d70       _sf_debug_data_value_error 1001ad70 f   sfc_debugmsvc80:sfcdebug.obj
 0001:0001a370       _sf_debug_data_loss_error  1001b370 f   sfc_debugmsvc80:sfcdebug.obj
 0001:0001ac30       _call_cv_range_check       1001bc30 f   sfc_debugmsvc80:sfcdebug.obj
 0001:0001b1a0       _sf_debug_invoke_cycle_detection_code 1001c1a0 f   sfc_debugmsvc80:sfcdebug.obj
 0001:0001bb60       _sf_reset_debug_info_struct 1001cb60 f   sfc_debugmsvc80:sfcdebug.obj
 0001:0001c230       _cv_script_cvId            1001d230 f   sfc_debugmsvc80:sfcdebug.obj
 0001:0001ca20       _sfc_api_chart_visible     1001da20 f   sfc_debugmsvc80:sfc_api.obj
 0001:0001cad0       _sfc_api_active_instance   1001dad0 f   sfc_debugmsvc80:sfc_api.obj
 0001:0001cb70       _sfc_api_machine_load      1001db70 f   sfc_debugmsvc80:sfc_api.obj
 0001:0001cc70       _sfc_api_debugger_alive    1001dc70 f   sfc_debugmsvc80:sfc_api.obj
 0001:0001cc80       _sfc_api_go                1001dc80 f   sfc_debugmsvc80:sfc_api.obj
 0001:0001cc90       _sfc_api_step_over         1001dc90 f   sfc_debugmsvc80:sfc_api.obj
 0001:0001cca0       _sfc_api_step_out          1001dca0 f   sfc_debugmsvc80:sfc_api.obj
 0001:0001ccb0       _sfc_api_resume            1001dcb0 f   sfc_debugmsvc80:sfc_api.obj
 0001:0001ccc0       _sfc_api_break             1001dcc0 f   sfc_debugmsvc80:sfc_api.obj
 0001:0001ccd0       _sfc_api_stop_debugging    1001dcd0 f   sfc_debugmsvc80:sfc_api.obj
 0001:0001cd20       _sfc_api_is_cycle_detected 1001dd20 f   sfc_debugmsvc80:sfc_api.obj
 0001:0001cd70       _sfc_api_is_array_bounds_detected 1001dd70 f   sfc_debugmsvc80:sfc_api.obj
 0001:0001cdc0       _sfc_api_set_disable_all_breakpoints 1001ddc0 f   sfc_debugmsvc80:sfc_api.obj
 0001:0001ce50       _sfc_api_disable_all_breakpoints_and_go 1001de50 f   sfc_debugmsvc80:sfc_api.obj
 0001:0001ce60       _sfc_api_close             1001de60 f   sfc_debugmsvc80:sfc_api.obj
 0001:0001ce70       _sfc_api_browse_data       1001de70 f   sfc_debugmsvc80:sfc_api.obj
 0001:0001cef0       _sfc_api_watch_data        1001def0 f   sfc_debugmsvc80:sfc_api.obj
 0001:0001cf70       _sfc_api_assign_data       1001df70 f   sfc_debugmsvc80:sfc_api.obj
 0001:0001cff0       _sfc_api_whos              1001dff0 f   sfc_debugmsvc80:sfc_api.obj
 0001:0001d080       _sfc_api_get_consistency_info 1001e080 f   sfc_debugmsvc80:sfc_api.obj
 0001:0001d0a0       _sfc_api_browse_trace      1001e0a0 f   sfc_debugmsvc80:sfc_api.obj
 0001:0001d0c0       _sfc_api_break_on_chart_entry 1001e0c0 f   sfc_debugmsvc80:sfc_api.obj
 0001:0001d100       _sfc_api_break_on_event_broadcast 1001e100 f   sfc_debugmsvc80:sfc_api.obj
 0001:0001d140       _sfc_api_break_on_state_entry 1001e140 f   sfc_debugmsvc80:sfc_api.obj
 0001:0001d180       _sfc_api_set_watch         1001e180 f   sfc_debugmsvc80:sfc_api.obj
 0001:0001d260       _sfc_api_set_breakpoints   1001e260 f   sfc_debugmsvc80:sfc_api.obj
 0001:0001d340       _sfc_api_set_eml_breakpoints 1001e340 f   sfc_debugmsvc80:sfc_api.obj
 0001:0001d3f0       _sfc_api_set_script_breakpoints 1001e3f0 f   sfc_debugmsvc80:sfc_api.obj
 0001:0001d450       _sfc_api_add_script_breakpoints 1001e450 f   sfc_debugmsvc80:sfc_api.obj
 0001:0001d4b0       _sfc_api_clear_script_breakpoints 1001e4b0 f   sfc_debugmsvc80:sfc_api.obj
 0001:0001d510       _sfc_api_query_script_breakpoints 1001e510 f   sfc_debugmsvc80:sfc_api.obj
 0001:0001d580       _sfc_api_get_script_id     1001e580 f   sfc_debugmsvc80:sfc_api.obj
 0001:0001d620       _sfc_api_get_active_states 1001e620 f   sfc_debugmsvc80:sfc_api.obj
 0001:0001d690       _sfc_api_break_between_times 1001e690 f   sfc_debugmsvc80:sfc_api.obj
 0001:0001d6f0       _sfc_api_get_instance_handle 1001e6f0 f   sfc_debugmsvc80:sfc_api.obj
 0001:0001d7d0       _sfc_api_get_coverage      1001e7d0 f   sfc_debugmsvc80:sfc_api.obj
 0001:0001d840       _sfc_api_set_animation     1001e840 f   sfc_debugmsvc80:sfc_api.obj
 0001:0001d8a0       _sfc_api_select_chart      1001e8a0 f   sfc_debugmsvc80:sfc_api.obj
 0001:0001d930       _sfc_api_select_charts     1001e930 f   sfc_debugmsvc80:sfc_api.obj
 0001:0001d960       _sfc_api_cycle_detection_check 1001e960 f   sfc_debugmsvc80:sfc_api.obj
 0001:0001d9c0       _sfc_api_data_range_check  1001e9c0 f   sfc_debugmsvc80:sfc_api.obj
 0001:0001da20       _sfc_api_transition_conflict_check 1001ea20 f   sfc_debugmsvc80:sfc_api.obj
 0001:0001da80       _sfc_api_state_consistency_check 1001ea80 f   sfc_debugmsvc80:sfc_api.obj
 0001:0001dae0       _sfc_api_set_instance_cv_ids 1001eae0 f   sfc_debugmsvc80:sfc_api.obj
 0001:0001dc10       _sfc_api_set_script_cv_ids 1001ec10 f   sfc_debugmsvc80:sfc_api.obj
 0001:0001dcb0       _sfc_api_get_current_machine_id 1001ecb0 f   sfc_debugmsvc80:sfc_api.obj
 0001:0001dce0       _sfc_api_get_current_machine_number 1001ece0 f   sfc_debugmsvc80:sfc_api.obj
 0001:0001dd10       _sfc_api_get_current_chart_number 1001ed10 f   sfc_debugmsvc80:sfc_api.obj
 0001:0001dd40       _sfc_api_get_current_instance_number 1001ed40 f   sfc_debugmsvc80:sfc_api.obj
 0001:0001dd70       _sfc_api_get_current_instance_handle 1001ed70 f   sfc_debugmsvc80:sfc_api.obj
 0001:0001dd90       _sfc_api_get_current_is_minor_time_step 1001ed90 f   sfc_debugmsvc80:sfc_api.obj
 0001:0001ddc0       _sfc_api_get_current_machine_name 1001edc0 f   sfc_debugmsvc80:sfc_api.obj
 0001:0001dde0       _sfc_api_get_current_chart_id 1001ede0 f   sfc_debugmsvc80:sfc_api.obj
 0001:0001de10       _sfc_api_get_current_object_type 1001ee10 f   sfc_debugmsvc80:sfc_api.obj
 0001:0001de40       _sfc_api_get_current_event_type 1001ee40 f   sfc_debugmsvc80:sfc_api.obj
 0001:0001de70       _sfc_api_get_current_object_id 1001ee70 f   sfc_debugmsvc80:sfc_api.obj
 0001:0001dea0       _sfc_get_current_active_event_type 1001eea0 f   sfc_debugmsvc80:sfc_api.obj
 0001:0001ded0       _sfc_api_get_current_active_event_id 1001eed0 f   sfc_debugmsvc80:sfc_api.obj
 0001:0001df00       _sfc_api_get_current_simulation_time 1001ef00 f   sfc_debugmsvc80:sfc_api.obj
 0001:0001df20       _sfc_get_current_tag_type  1001ef20 f   sfc_debugmsvc80:sfc_api.obj
 0001:0001df50       _sfc_get_current_coverage_percentage 1001ef50 f   sfc_debugmsvc80:sfc_api.obj
 0001:0001df70       _sfc_get_current_statement_context 1001ef70 f   sfc_debugmsvc80:sfc_api.obj
 0001:0001df90       _sfc_get_current_optional_integer 1001ef90 f   sfc_debugmsvc80:sfc_api.obj
 0001:0001dfc0       _sfc_get_current_statement_info 1001efc0 f   sfc_debugmsvc80:sfc_api.obj
 0001:0001e060       _sfc_api_get               1001f060 f   sfc_debugmsvc80:sfc_api.obj
 0001:0001e160       _sf_debug_sm_is_using_unified_editors 1001f160 f   sfc_debugmsvc80:sfdb_animation.obj
 0001:0001e1e0       _sf_debug_sm_is_chart_visible_in_unified_editors 1001f1e0 f   sfc_debugmsvc80:sfdb_animation.obj
 0001:0001e280       _sf_debug_sm_check_if_chart_is_visible 1001f280 f   sfc_debugmsvc80:sfdb_animation.obj
 0001:0001eba0       _sf_debug_sm_fill_state_activity_data 1001fba0 f   sfc_debugmsvc80:sfdb_animation.obj
 0001:00020b00       _sf_debug_hm_get_simulink_handle 10021b00 f   sfc_debugmsvc80:sfdb_handle_management.obj
 0001:000214c0       _sf_debug_hm_initialize_globals 100224c0 f   sfc_debugmsvc80:sfdb_handle_management.obj
 0001:000215b0       _sf_debug_hm_get_machine_debug_flag 100225b0 f   sfc_debugmsvc80:sfdb_handle_management.obj
 0001:00021700       _sf_debug_hm_get_machine_id 10022700 f   sfc_debugmsvc80:sfdb_handle_management.obj
 0001:00021810       _sf_debug_hm_get_chart_id  10022810 f   sfc_debugmsvc80:sfdb_handle_management.obj
 0001:00021980       _sf_debug_hm_register_executing_SFunction 10022980 f   sfc_debugmsvc80:sfdb_handle_management.obj
 0001:00021ad0       _sf_debug_hm_get_chart_active_instance 10022ad0 f   sfc_debugmsvc80:sfdb_handle_management.obj
 0001:00021c00       _sf_debug_hm_get_chart_visibility 10022c00 f   sfc_debugmsvc80:sfdb_handle_management.obj
 0001:00021d40       _sf_debug_hm_form_object_boolean_properties 10022d40 f   sfc_debugmsvc80:sfdb_handle_management.obj
 0001:00021fb0       _sf_debug_hm_form_object_properties 10022fb0 f   sfc_debugmsvc80:sfdb_handle_management.obj
 0001:000221b0       _sf_debug_hm_terminate_charts 100231b0 f   sfc_debugmsvc80:sfdb_handle_management.obj
 0001:000227c0       _sf_debug_hm_terminate_machines 100237c0 f   sfc_debugmsvc80:sfdb_handle_management.obj
 0001:00023d90       _void_ptr_stack_vector_free_total 10024d90 f   sfc_debugmsvc80:sfdb_data_browse.obj
 0001:00023df0       _sf_debug_st_terminate_machine 10024df0 f   sfc_debugmsvc80:sfdb_data_browse.obj
 0001:00023e20       _sf_debug_st_terminate_instance 10024e20 f   sfc_debugmsvc80:sfdb_data_browse.obj
 0001:00023fa0       _push_on_to_void_ptr_stack 10024fa0 f   sfc_debugmsvc80:sfdb_data_browse.obj
 0001:000240d0       _pop_from_void_ptr_stack   100250d0 f   sfc_debugmsvc80:sfdb_data_browse.obj
 0001:000241d0       _sf_debug_st_get_data_value 100251d0 f   sfc_debugmsvc80:sfdb_data_browse.obj
 0001:00024670       _mx_value                  10025670 f   sfc_debugmsvc80:sfdb_data_browse.obj
 0001:000246a0       _sf_debug_st_fill_data_struct 100256a0 f   sfc_debugmsvc80:sfdb_data_browse.obj
 0001:00024970       _data_type_format_strings  10025970 f   sfc_debugmsvc80:sfdb_data_browse.obj
 0001:000249e0       _sf_debug_st_fill_data     100259e0 f   sfc_debugmsvc80:sfdb_data_browse.obj
 0001:000257a0       _sf_debug_ss_copy_dimension 100267a0 f   sfc_debugmsvc80:sfdb_symbol_scope.obj
 0001:00025810       _sf_debug_ss_get_number_elements 10026810 f   sfc_debugmsvc80:sfdb_symbol_scope.obj
 0001:00025830       _sf_debug_ss_fill_data_struct 10026830 f   sfc_debugmsvc80:sfdb_symbol_scope.obj
 0001:00025a20       _sf_debug_ss_reset_data_info 10026a20 f   sfc_debugmsvc80:sfdb_symbol_scope.obj
 0001:00025a70       _sf_debug_fill_data_info_by_symbol_scope_entry 10026a70 f   sfc_debugmsvc80:sfdb_symbol_scope.obj
 0001:00025b20       _sf_debug_fill_data_info_by_data_vector 10026b20 f   sfc_debugmsvc80:sfdb_symbol_scope.obj
 0001:00025ce0       _sf_debug_ss_get_data_info 10026ce0 f   sfc_debugmsvc80:sfdb_symbol_scope.obj
 0001:00025f20       _sf_debug_select_mex_function 10026f20 f   sfc_debugmsvc80:sfdb_symbol_scope.obj
 0001:00025f50       _sf_debug_is_dyn_matrix_initialized 10026f50 f   sfc_debugmsvc80:sfdb_symbol_scope.obj
 0001:00025f70       _sf_debug_ss_set_data_value_try 10026f70 f   sfc_debugmsvc80:sfdb_symbol_scope.obj
 0001:000260a0       _sf_debug_ss_get_data_value 100270a0 f   sfc_debugmsvc80:sfdb_symbol_scope.obj
 0001:00026480       _sf_debug_ss_data_bytes_string 10027480 f   sfc_debugmsvc80:sfdb_symbol_scope.obj
 0001:000264f0       _sf_debug_ss_data_class_string 100274f0 f   sfc_debugmsvc80:sfdb_symbol_scope.obj
 0001:00026840       _sf_debug_ss_data_size_string 10027840 f   sfc_debugmsvc80:sfdb_symbol_scope.obj
 0001:00026900       _sf_debug_ss_data_create_data_info_struct 10027900 f   sfc_debugmsvc80:sfdb_symbol_scope.obj
 0001:00026b60       _sf_debug_ss_data_create_name_value_pair 10027b60 f   sfc_debugmsvc80:sfdb_symbol_scope.obj
 0001:00026bc0       _sf_debug_ss_data_get_whos_info 10027bc0 f   sfc_debugmsvc80:sfdb_symbol_scope.obj
 0001:00026bf0       _same_named_data_in_data_array 10027bf0 f   sfc_debugmsvc80:sfdb_symbol_scope.obj
 0001:00028110       _sf_debug_cc_terminate_chart 10029110 f   sfc_debugmsvc80:sfdb_coverage.obj
 0001:000283f0       _sf_debug_cc_terminate_instance 100293f0 f   sfc_debugmsvc80:sfdb_coverage.obj
 0001:00028e00       _sf_debug_cc_mark_object_if_needed 10029e00 f   sfc_debugmsvc80:sfdb_coverage.obj
 0001:00029150       _sf_debug_cc_fill_transition_coverage_data 1002a150 f   sfc_debugmsvc80:sfdb_coverage.obj
 0001:00029280       _sf_debug_cc_fill_transition_coverage_map 1002a280 f   sfc_debugmsvc80:sfdb_coverage.obj
 0001:00029460       _sf_debug_cc_fill_state_coverage_map 1002a460 f   sfc_debugmsvc80:sfdb_coverage.obj
 0001:00029600       _sf_debug_cc_fill_state_coverage_data 1002a600 f   sfc_debugmsvc80:sfdb_coverage.obj
 0001:00029fb0       _sf_debug_bm_initialize_eml 1002afb0 f   sfc_debugmsvc80:sfdb_breakpoints.obj
 0001:0002af90       _sf_debug_bm_map_debug_tag_to_breakpoint_tag 1002bf90 f   sfc_debugmsvc80:sfdb_breakpoints.obj
 0001:0002b030       _sf_debug_bm_is_a_eml_breakpoint_impl 1002c030 f   sfc_debugmsvc80:sfdb_breakpoints.obj
 0001:0002c5d0       _sf_debug_sc_push_on_error_stack 1002d5d0 f   sfc_debugmsvc80:sfdb_state_consistency.obj
 0001:0002c6e0       _sf_debug_sc_reset_error_stack 1002d6e0 f   sfc_debugmsvc80:sfdb_state_consistency.obj
 0001:0002c830       _sf_debug_sc_is_state_inconsistent 1002d830 f   sfc_debugmsvc80:sfdb_state_consistency.obj
 0001:0002ca50       _sf_debug_sc_fill_consistency_info 1002da50 f   sfc_debugmsvc80:sfdb_state_consistency.obj
 0001:0002ced0       _void_assertion_fcn        1002ded0 f   sfc_debugmsvc80:sfdb_call_stack.obj
 0001:0002d3c0       _sf_debug_tm_fill_local_trace 1002e3c0 f   sfc_debugmsvc80:sfdb_call_stack.obj
 0001:0002d840       _sf_debug_cd_terminate_instance 1002e840 f   sfc_debugmsvc80:sfdb_cycle_detection.obj
 0001:0002d8a0       _sf_debug_cd_free_checksum_stack 1002e8a0 f   sfc_debugmsvc80:sfdb_cycle_detection.obj
 0001:0002d8d0       _sf_debug_cd_reset_pack_strings 1002e8d0 f   sfc_debugmsvc80:sfdb_cycle_detection.obj
 0001:0002df20       _md5file_clear             1002ef20 f   sfc_debugmsvc80:ckmd5.obj
 0001:0002df50       _Encode                    1002ef50 f   sfc_debugmsvc80:ckmd5.obj
 0001:0002df90       _Decode                    1002ef90 f   sfc_debugmsvc80:ckmd5.obj
 0001:0002e010       _MD5Transform              1002f010 f   sfc_debugmsvc80:ckmd5.obj
 0001:0002e6d0       _md5file_addn              1002f6d0 f   sfc_debugmsvc80:ckmd5.obj
 0001:0002e780       _md5file_hash              1002f780 f   sfc_debugmsvc80:ckmd5.obj
 0001:0002ebf9       _pre_c_init                1002fbf9 f   MSVCRT:crtdll.obj
 0001:0002ee6e       ___DllMainCRTStartup       1002fe6e f   MSVCRT:crtdll.obj
 0001:0002f112       _has_osfxsr_set            10030112 f   MSVCRT:cpu_disp.obj
